Component: ARM Compiler 5.05 update 1 (build 106) Tool: armlink [4d0efa]

==============================================================================

Section Cross References

    startup_stm32f103xb.o(STACK) refers (Special) to heapauxi.o(.text) for __use_two_region_memory
    startup_stm32f103xb.o(HEAP) refers (Special) to heapauxi.o(.text) for __use_two_region_memory
    startup_stm32f103xb.o(RESET) refers (Special) to heapauxi.o(.text) for __use_two_region_memory
    startup_stm32f103xb.o(RESET) refers to startup_stm32f103xb.o(STACK) for __initial_sp
    startup_stm32f103xb.o(RESET) refers to startup_stm32f103xb.o(.text) for Reset_Handler
    startup_stm32f103xb.o(RESET) refers to stm32f1xx_it.o(i.NMI_Handler) for NMI_Handler
    startup_stm32f103xb.o(RESET) refers to stm32f1xx_it.o(i.HardFault_Handler) for HardFault_Handler
    startup_stm32f103xb.o(RESET) refers to stm32f1xx_it.o(i.MemManage_Handler) for MemManage_Handler
    startup_stm32f103xb.o(RESET) refers to stm32f1xx_it.o(i.BusFault_Handler) for BusFault_Handler
    startup_stm32f103xb.o(RESET) refers to stm32f1xx_it.o(i.UsageFault_Handler) for UsageFault_Handler
    startup_stm32f103xb.o(RESET) refers to port.o(.emb_text) for SVC_Handler
    startup_stm32f103xb.o(RESET) refers to stm32f1xx_it.o(i.DebugMon_Handler) for DebugMon_Handler
    startup_stm32f103xb.o(RESET) refers to stm32f1xx_it.o(i.SysTick_Handler) for SysTick_Handler
    startup_stm32f103xb.o(.text) refers (Special) to heapauxi.o(.text) for __use_two_region_memory
    startup_stm32f103xb.o(.text) refers to system_stm32f1xx.o(i.SystemInit) for SystemInit
    startup_stm32f103xb.o(.text) refers to __main.o(!!!main) for __main
    startup_stm32f103xb.o(.text) refers to startup_stm32f103xb.o(HEAP) for Heap_Mem
    startup_stm32f103xb.o(.text) refers to startup_stm32f103xb.o(STACK) for Stack_Mem
    main.o(i.SystemClock_Config) refers to rt_memclr_w.o(.text) for __aeabi_memclr4
    main.o(i.SystemClock_Config) refers to stm32f1xx_hal_rcc.o(i.HAL_RCC_OscConfig) for HAL_RCC_OscConfig
    main.o(i.SystemClock_Config) refers to stm32f1xx_hal_rcc.o(i.HAL_RCC_ClockConfig) for HAL_RCC_ClockConfig
    main.o(i.SystemClock_Config) refers to stm32f1xx_hal_rcc_ex.o(i.HAL_RCCEx_PeriphCLKConfig) for HAL_RCCEx_PeriphCLKConfig
    main.o(i.main) refers to stm32f1xx_hal.o(i.HAL_Init) for HAL_Init
    main.o(i.main) refers to main.o(i.SystemClock_Config) for SystemClock_Config
    main.o(i.main) refers to gpio.o(i.MX_GPIO_Init) for MX_GPIO_Init
    main.o(i.main) refers to adc.o(i.MX_ADC1_Init) for MX_ADC1_Init
    main.o(i.main) refers to dwt_delay.o(i.DWT_Init) for DWT_Init
    main.o(i.main) refers to cmsis_os2.o(i.osKernelInitialize) for osKernelInitialize
    main.o(i.main) refers to freertos.o(i.MX_FREERTOS_Init) for MX_FREERTOS_Init
    main.o(i.main) refers to cmsis_os2.o(i.osKernelStart) for osKernelStart
    gpio.o(i.MX_GPIO_Init) refers to stm32f1xx_hal_gpio.o(i.HAL_GPIO_WritePin) for HAL_GPIO_WritePin
    gpio.o(i.MX_GPIO_Init) refers to stm32f1xx_hal_gpio.o(i.HAL_GPIO_Init) for HAL_GPIO_Init
    freertos.o(i.MX_FREERTOS_Init) refers to queue.o(i.xQueueGenericCreate) for xQueueGenericCreate
    freertos.o(i.MX_FREERTOS_Init) refers to tasks.o(i.xTaskCreate) for xTaskCreate
    freertos.o(i.MX_FREERTOS_Init) refers to main.o(.data) for xSensorDataQueue
    freertos.o(i.MX_FREERTOS_Init) refers to main.o(.data) for xButtonEventQueue
    freertos.o(i.MX_FREERTOS_Init) refers to app_sensor.o(i.StartSensorTask) for StartSensorTask
    freertos.o(i.MX_FREERTOS_Init) refers to app_input.o(i.StartInputTask) for StartInputTask
    freertos.o(i.MX_FREERTOS_Init) refers to app_display.o(i.StartDisplayTask) for StartDisplayTask
    freertos.o(i.StartDefaultTask) refers to cmsis_os2.o(i.osDelay) for osDelay
    freertos.o(.constdata) refers to freertos.o(.conststring) for .conststring
    adc.o(i.HAL_ADC_MspDeInit) refers to stm32f1xx_hal_gpio.o(i.HAL_GPIO_DeInit) for HAL_GPIO_DeInit
    adc.o(i.HAL_ADC_MspInit) refers to stm32f1xx_hal_gpio.o(i.HAL_GPIO_Init) for HAL_GPIO_Init
    adc.o(i.MX_ADC1_Init) refers to stm32f1xx_hal_adc.o(i.HAL_ADC_Init) for HAL_ADC_Init
    adc.o(i.MX_ADC1_Init) refers to main.o(i.Error_Handler) for Error_Handler
    adc.o(i.MX_ADC1_Init) refers to stm32f1xx_hal_adc.o(i.HAL_ADC_ConfigChannel) for HAL_ADC_ConfigChannel
    adc.o(i.MX_ADC1_Init) refers to adc.o(.bss) for .bss
    stm32f1xx_it.o(i.SysTick_Handler) refers to stm32f1xx_hal.o(i.HAL_IncTick) for HAL_IncTick
    stm32f1xx_it.o(i.SysTick_Handler) refers to tasks.o(i.xTaskGetSchedulerState) for xTaskGetSchedulerState
    stm32f1xx_it.o(i.SysTick_Handler) refers to port.o(i.xPortSysTickHandler) for xPortSysTickHandler
    stm32f1xx_hal_msp.o(i.HAL_MspInit) refers to stm32f1xx_hal_cortex.o(i.HAL_NVIC_SetPriority) for HAL_NVIC_SetPriority
    stm32f1xx_hal_adc.o(i.ADC_ConversionStop_Disable) refers to stm32f1xx_hal.o(i.HAL_GetTick) for HAL_GetTick
[...]
    i.__NVIC_SetPriority                     0x080025c4   Section        0  stm32f1xx_hal_cortex.o(i.__NVIC_SetPriority)
    __NVIC_SetPriority                       0x080025c5   Thumb Code    32  stm32f1xx_hal_cortex.o(i.__NVIC_SetPriority)
    i.main                                   0x080025e4   Section        0  main.o(i.main)
    i.osKernelInitialize                     0x08002608   Section        0  cmsis_os2.o(i.osKernelInitialize)
    i.osKernelStart                          0x0800262c   Section        0  cmsis_os2.o(i.osKernelStart)
    i.prvAddCurrentTaskToDelayedList         0x08002664   Section        0  tasks.o(i.prvAddCurrentTaskToDelayedList)
    prvAddCurrentTaskToDelayedList           0x08002665   Thumb Code    84  tasks.o(i.prvAddCurrentTaskToDelayedList)
    i.prvAddNewTaskToReadyList               0x080026c0   Section        0  tasks.o(i.prvAddNewTaskToReadyList)
    prvAddNewTaskToReadyList                 0x080026c1   Thumb Code   190  tasks.o(i.prvAddNewTaskToReadyList)
    i.prvCheckForValidListAndQueue           0x08002790   Section        0  timers.o(i.prvCheckForValidListAndQueue)
    prvCheckForValidListAndQueue             0x08002791   Thumb Code    72  timers.o(i.prvCheckForValidListAndQueue)
    i.prvCopyDataFromQueue                   0x080027e8   Section        0  queue.o(i.prvCopyDataFromQueue)
    prvCopyDataFromQueue                     0x080027e9   Thumb Code    38  queue.o(i.prvCopyDataFromQueue)
    i.prvCopyDataToQueue                     0x0800280e   Section        0  queue.o(i.prvCopyDataToQueue)
    prvCopyDataToQueue                       0x0800280f   Thumb Code   108  queue.o(i.prvCopyDataToQueue)
    i.prvDeleteTCB                           0x0800287a   Section        0  tasks.o(i.prvDeleteTCB)
    prvDeleteTCB                             0x0800287b   Thumb Code    52  tasks.o(i.prvDeleteTCB)
    i.prvHeapInit                            0x080028b0   Section        0  heap_4.o(i.prvHeapInit)
    prvHeapInit                              0x080028b1   Thumb Code    66  heap_4.o(i.prvHeapInit)
    i.prvIdleTask                            0x080028fc   Section        0  tasks.o(i.prvIdleTask)
    prvIdleTask                              0x080028fd   Thumb Code    82  tasks.o(i.prvIdleTask)
    i.prvInitialiseNewQueue                  0x0800295c   Section        0  queue.o(i.prvInitialiseNewQueue)
    prvInitialiseNewQueue                    0x0800295d   Thumb Code    34  queue.o(i.prvInitialiseNewQueue)
    i.prvInitialiseNewTask                   0x08002980   Section        0  tasks.o(i.prvInitialiseNewTask)
    prvInitialiseNewTask                     0x08002981   Thumb Code   176  tasks.o(i.prvInitialiseNewTask)
    i.prvInsertBlockIntoFreeList             0x08002a30   Section        0  heap_4.o(i.prvInsertBlockIntoFreeList)
    prvInsertBlockIntoFreeList               0x08002a31   Thumb Code    72  heap_4.o(i.prvInsertBlockIntoFreeList)
    i.prvInsertTimerInActiveList             0x08002a7c   Section        0  timers.o(i.prvInsertTimerInActiveList)
    prvInsertTimerInActiveList               0x08002a7d   Thumb Code    52  timers.o(i.prvInsertTimerInActiveList)
    i.prvIsQueueEmpty                        0x08002ab4   Section        0  queue.o(i.prvIsQueueEmpty)
    prvIsQueueEmpty                          0x08002ab5   Thumb Code    28  queue.o(i.prvIsQueueEmpty)
    i.prvProcessReceivedCommands             0x08002ad0   Section        0  timers.o(i.prvProcessReceivedCommands)
    prvProcessReceivedCommands               0x08002ad1   Thumb Code   248  timers.o(i.prvProcessReceivedCommands)
    i.prvProcessTimerOrBlockTask             0x08002bcc   Section        0  timers.o(i.prvProcessTimerOrBlockTask)
    prvProcessTimerOrBlockTask               0x08002bcd   Thumb Code   182  timers.o(i.prvProcessTimerOrBlockTask)
    i.prvResetNextTaskUnblockTime            0x08002c8c   Section        0  tasks.o(i.prvResetNextTaskUnblockTime)
    prvResetNextTaskUnblockTime              0x08002c8d   Thumb Code    26  tasks.o(i.prvResetNextTaskUnblockTime)
    i.prvSampleTimeNow                       0x08002cac   Section        0  timers.o(i.prvSampleTimeNow)
    prvSampleTimeNow                         0x08002cad   Thumb Code    36  timers.o(i.prvSampleTimeNow)
    i.prvSwitchTimerLists                    0x08002cd4   Section        0  timers.o(i.prvSwitchTimerLists)
    prvSwitchTimerLists                      0x08002cd5   Thumb Code   104  timers.o(i.prvSwitchTimerLists)
    i.prvTaskExitError                       0x08002d40   Section        0  port.o(i.prvTaskExitError)
    prvTaskExitError                         0x08002d41   Thumb Code    36  port.o(i.prvTaskExitError)
    i.prvTimerTask                           0x08002d68   Section        0  timers.o(i.prvTimerTask)
    prvTimerTask                             0x08002d69   Thumb Code    32  timers.o(i.prvTimerTask)
    i.prvUnlockQueue                         0x08002d8c   Section        0  queue.o(i.prvUnlockQueue)
    prvUnlockQueue                           0x08002d8d   Thumb Code   106  queue.o(i.prvUnlockQueue)
    i.pvPortMalloc                           0x08002df8   Section        0  heap_4.o(i.pvPortMalloc)
    i.pxPortInitialiseStack                  0x08002ed4   Section        0  port.o(i.pxPortInitialiseStack)
    i.round                                  0x08002ef8   Section        0  round.o(i.round)
    i.uxListRemove                           0x08002f8c   Section        0  list.o(i.uxListRemove)
    i.vApplicationGetIdleTaskMemory          0x08002fb4   Section        0  cmsis_os2.o(i.vApplicationGetIdleTaskMemory)
    i.vApplicationGetTimerTaskMemory         0x08002fc8   Section        0  cmsis_os2.o(i.vApplicationGetTimerTaskMemory)
    i.vListInitialise                        0x08002fe0   Section        0  list.o(i.vListInitialise)
    i.vListInitialiseItem                    0x08002ff6   Section        0  list.o(i.vListInitialiseItem)
    i.vListInsert                            0x08002ffc   Section        0  list.o(i.vListInsert)
    i.vListInsertEnd                         0x0800302c   Section        0  list.o(i.vListInsertEnd)
    i.vPortEnterCritical                     0x08003044   Section        0  port.o(i.vPortEnterCritical)
    i.vPortExitCritical                      0x08003084   Section        0  port.o(i.vPortExitCritical)
    i.vPortFree                              0x080030ac   Section        0  heap_4.o(i.vPortFree)
    i.vPortSetupTimerInterrupt               0x08003110   Section        0  port.o(i.vPortSetupTimerInterrupt)
    i.vPortValidateInterruptPriority         0x08003134   Section        0  port.o(i.vPortValidateInterruptPriority)
    i.vQueueAddToRegistry                    0x08003188   Section        0  queue.o(i.vQueueAddToRegistry)
    i.vQueueWaitForMessageRestricted         0x080031b0   Section        0  queue.o(i.vQueueWaitForMessageRestricted)
    i.vTaskDelay                             0x080031f4   Section        0  tasks.o(i.vTaskDelay)
    i.vTaskDelayUntil                        0x08003240   Section        0  tasks.o(i.vTaskDelayUntil)
    i.vTaskInternalSetTimeOutState           0x080032cc   Section        0  tasks.o(i.vTaskInternalSetTimeOutState)
    i.vTaskMissedYield                       0x080032dc   Section        0  tasks.o(i.vTaskMissedYield)
    i.vTaskPlaceOnEventList                  0x080032e8   Section        0  tasks.o(i.vTaskPlaceOnEventList)
    i.vTaskPlaceOnEventListRestricted        0x08003318   Section        0  tasks.o(i.vTaskPlaceOnEventListRestricted)
    i.vTaskStartScheduler                    0x08003350   Section        0  tasks.o(i.vTaskStartScheduler)
    i.vTaskSuspendAll                        0x080033d8   Section        0  tasks.o(i.vTaskSuspendAll)
    i.vTaskSwitchContext                     0x080033e8   Section        0  tasks.o(i.vTaskSwitchContext)
    i.xPortStartScheduler                    0x0800344c   Section        0  port.o(i.xPortStartScheduler)
    i.xPortSysTickHandler                    0x080034f4   Section        0  port.o(i.xPortSysTickHandler)
    i.xQueueGenericCreate                    0x08003520   Section        0  queue.o(i.xQueueGenericCreate)
    i.xQueueGenericCreateStatic              0x08003562   Section        0  queue.o(i.xQueueGenericCreateStatic)
    i.xQueueGenericReset                     0x080035c8   Section        0  queue.o(i.xQueueGenericReset)
    i.xQueueGenericSend                      0x08003650   Section        0  queue.o(i.xQueueGenericSend)
    i.xQueueGenericSendFromISR               0x080037b0   Section        0  queue.o(i.xQueueGenericSendFromISR)
    i.xQueueReceive                          0x08003870   Section        0  queue.o(i.xQueueReceive)
    i.xTaskCheckForTimeOut                   0x080039a8   Section        0  tasks.o(i.xTaskCheckForTimeOut)
    i.xTaskCreate                            0x08003a1c   Section        0  tasks.o(i.xTaskCreate)
    i.xTaskCreateStatic                      0x08003a76   Section        0  tasks.o(i.xTaskCreateStatic)
    i.xTaskGetSchedulerState                 0x08003acc   Section        0  tasks.o(i.xTaskGetSchedulerState)
    i.xTaskGetTickCount                      0x08003ae8   Section        0  tasks.o(i.xTaskGetTickCount)
    i.xTaskIncrementTick                     0x08003af4   Section        0  tasks.o(i.xTaskIncrementTick)
    i.xTaskPriorityDisinherit                0x08003bbc   Section        0  tasks.o(i.xTaskPriorityDisinherit)
    i.xTaskRemoveFromEventList               0x08003c3c   Section        0  tasks.o(i.xTaskRemoveFromEventList)
    i.xTaskResumeAll                         0x08003cac   Section        0  tasks.o(i.xTaskResumeAll)
    i.xTimerCreateTimerTask                  0x08003d70   Section        0  timers.o(i.xTimerCreateTimerTask)
    i.xTimerGenericCommand                   0x08003dd0   Section        0  timers.o(i.xTimerGenericCommand)
    x$fpl$dadd                               0x08003e38   Section      336  daddsub_clz.o(x$fpl$dadd)
    _dadd1                                   0x08003e49   Thumb Code     0  daddsub_clz.o(x$fpl$dadd)
    x$fpl$dcmpinf                            0x08003f88   Section       24  dcmpi.o(x$fpl$dcmpinf)
    x$fpl$dfixu                              0x08003fa0   Section       90  dfixu.o(x$fpl$dfixu)
    x$fpl$dfltu                              0x08003ffa   Section       38  dflt_clz.o(x$fpl$dfltu)
    x$fpl$dleqf                              0x08004020   Section      120  dleqf.o(x$fpl$dleqf)
    x$fpl$dmul                               0x08004098   Section      340  dmul.o(x$fpl$dmul)
    x$fpl$dnaninf                            0x080041ec   Section      156  dnaninf.o(x$fpl$dnaninf)
    x$fpl$dretinf                            0x08004288   Section       12  dretinf.o(x$fpl$dretinf)
    x$fpl$drleqf                             0x08004294   Section      108  drleqf.o(x$fpl$drleqf)
    x$fpl$drnd                               0x08004300   Section      180  drnd.o(x$fpl$drnd)
    x$fpl$drsb                               0x080043b4   Section       22  daddsub_clz.o(x$fpl$drsb)
    x$fpl$dsub                               0x080043cc   Section      468  daddsub_clz.o(x$fpl$dsub)
    _dsub1                                   0x080043dd   Thumb Code     0  daddsub_clz.o(x$fpl$dsub)
    x$fpl$f2d                                0x080045a0   Section       86  f2d.o(x$fpl$f2d)
    x$fpl$fadd                               0x080045f8   Section      196  faddsub_clz.o(x$fpl$fadd)
    _fadd1                                   0x08004607   Thumb Code     0  faddsub_clz.o(x$fpl$fadd)
    x$fpl$fdiv                               0x080046bc   Section      388  fdiv.o(x$fpl$fdiv)
    _fdiv1                                   0x080046bd   Thumb Code     0  fdiv.o(x$fpl$fdiv)
    x$fpl$ffixu                              0x08004840   Section       62  ffixu.o(x$fpl$ffixu)
    x$fpl$fflt                               0x08004880   Section       48  fflt_clz.o(x$fpl$fflt)
    x$fpl$ffltu                              0x080048b0   Section       38  fflt_clz.o(x$fpl$ffltu)
    x$fpl$fmul                               0x080048d8   Section      258  fmul.o(x$fpl$fmul)
    x$fpl$fnaninf                            0x080049da   Section      140  fnaninf.o(x$fpl$fnaninf)
    x$fpl$fretinf                            0x08004a66   Section       10  fretinf.o(x$fpl$fretinf)
    x$fpl$fsub                               0x08004a70   Section      234  faddsub_clz.o(x$fpl$fsub)
    _fsub1                                   0x08004a7f   Thumb Code     0  faddsub_clz.o(x$fpl$fsub)
    .constdata                               0x08004b5a   Section       18  stm32f1xx_hal_rcc.o(.constdata)
    x$fpl$usenofp                            0x08004b5a   Section        0  usenofp.o(x$fpl$usenofp)
    aPredivFactorTable                       0x08004b5a   Data           2  stm32f1xx_hal_rcc.o(.constdata)
    aPLLMULFactorTable                       0x08004b5c   Data          16  stm32f1xx_hal_rcc.o(.constdata)
    .constdata                               0x08004b6c   Section       16  system_stm32f1xx.o(.constdata)
    .constdata                               0x08004b7c   Section     1520  oled_data.o(.constdata)
    .constdata                               0x0800516c   Section      570  oled_data.o(.constdata)
    .constdata                               0x080053a6   Section      245  oled_data.o(.constdata)
    .data                                    0x20000000   Section        4  main.o(.data)
    .data                                    0x20000004   Section        4  main.o(.data)
    .data                                    0x20000008   Section       12  stm32f1xx_hal.o(.data)
    .data                                    0x20000014   Section        4  system_stm32f1xx.o(.data)
    .data                                    0x20000018   Section       60  tasks.o(.data)
    uxDeletedTasksWaitingCleanUp             0x2000001c   Data           4  tasks.o(.data)
    uxCurrentNumberOfTasks                   0x20000020   Data           4  tasks.o(.data)
    xTickCount                               0x20000024   Data           4  tasks.o(.data)
    uxTopReadyPriority                       0x20000028   Data           4  tasks.o(.data)
    xSchedulerRunning                        0x2000002c   Data           4  tasks.o(.data)
    xPendedTicks                             0x20000030   Data           4  tasks.o(.data)
    xYieldPending                            0x20000034   Data           4  tasks.o(.data)
    xNumOfOverflows                          0x20000038   Data           4  tasks.o(.data)
    uxTaskNumber                             0x2000003c   Data           4  tasks.o(.data)
    xNextTaskUnblockTime                     0x20000040   Data           4  tasks.o(.data)
    xIdleTaskHandle                          0x20000044   Data           4  tasks.o(.data)
    uxSchedulerSuspended                     0x20000048   Data           4  tasks.o(.data)
    pxDelayedTaskList                        0x2000004c   Data           4  tasks.o(.data)
    pxOverflowDelayedTaskList                0x20000050   Data           4  tasks.o(.data)
    .data                                    0x20000054   Section       20  timers.o(.data)
    xTimerQueue                              0x20000054   Data           4  timers.o(.data)
    xTimerTaskHandle                         0x20000058   Data           4  timers.o(.data)
    xLastTime                                0x2000005c   Data           4  timers.o(.data)
    pxCurrentTimerList                       0x20000060   Data           4  timers.o(.data)
    pxOverflowTimerList                      0x20000064   Data           4  timers.o(.data)
    .data                                    0x20000068   Section        4  cmsis_os2.o(.data)
    KernelState                              0x20000068   Data           4  cmsis_os2.o(.data)
    .data                                    0x2000006c   Section       32  heap_4.o(.data)
    pxEnd                                    0x2000006c   Data           4  heap_4.o(.data)
    xFreeBytesRemaining                      0x20000070   Data           4  heap_4.o(.data)
    xMinimumEverFreeBytesRemaining           0x20000074   Data           4  heap_4.o(.data)
    xNumberOfSuccessfulAllocations           0x20000078   Data           4  heap_4.o(.data)
    xNumberOfSuccessfulFrees                 0x2000007c   Data           4  heap_4.o(.data)
    xBlockAllocatedBit                       0x20000080   Data           4  heap_4.o(.data)
    xStart                                   0x20000084   Data           8  heap_4.o(.data)
    .data                                    0x2000008c   Section       12  port.o(.data)
    ucMaxSysCallPriority                     0x2000008c   Data           1  port.o(.data)
    uxCriticalNesting                        0x20000090   Data           4  port.o(.data)
    ulMaxPRIGROUPValue                       0x20000094   Data           4  port.o(.data)
    .data                                    0x20000098   Section        4  dwt_delay.o(.data)
    g_freq_mhz                               0x20000098   Data           4  dwt_delay.o(.data)
    .data                                    0x2000009c   Section       20  app_display.o(.data)
    currentPage                              0x2000009c   Data           1  app_display.o(.data)
    threshCursor                             0x2000009d   Data           1  app_display.o(.data)
    enterTapCount                            0x2000009e   Data           1  app_display.o(.data)
    g_keyCount                               0x200000a0   Data           4  app_display.o(.data)
    lastEnterTick                            0x200000a4   Data           4  app_display.o(.data)
    .bss                                     0x200000b0   Section       48  adc.o(.bss)
    .bss                                     0x200000e0   Section       64  queue.o(.bss)
    .bss                                     0x20000120   Section     1220  tasks.o(.bss)
    pxReadyTasksLists                        0x20000120   Data        1120  tasks.o(.bss)
    xDelayedTaskList1                        0x20000580   Data          20  tasks.o(.bss)
    xDelayedTaskList2                        0x20000594   Data          20  tasks.o(.bss)
    xPendingReadyList                        0x200005a8   Data          20  tasks.o(.bss)
    xTasksWaitingTermination                 0x200005bc   Data          20  tasks.o(.bss)
    xSuspendedTaskList                       0x200005d0   Data          20  tasks.o(.bss)
    .bss                                     0x200005e4   Section      280  timers.o(.bss)
    xStaticTimerQueue                        0x200005e4   Data          80  timers.o(.bss)
    ucStaticTimerQueueStorage                0x20000634   Data         160  timers.o(.bss)
    xActiveTimerList1                        0x200006d4   Data          20  timers.o(.bss)
    xActiveTimerList2                        0x200006e8   Data          20  timers.o(.bss)
    .bss                                     0x200006fc   Section     1720  cmsis_os2.o(.bss)
    Idle_TCB                                 0x200006fc   Data          92  cmsis_os2.o(.bss)
    Idle_Stack                               0x20000758   Data         512  cmsis_os2.o(.bss)
    Timer_TCB                                0x20000958   Data          92  cmsis_os2.o(.bss)
    Timer_Stack                              0x200009b4   Data        1024  cmsis_os2.o(.bss)
    .bss                                     0x20000db4   Section    10240  heap_4.o(.bss)
    ucHeap                                   0x20000db4   Data       10240  heap_4.o(.bss)
    .bss                                     0x200035b4   Section     1024  oled.o(.bss)
    .bss                                     0x200039b4   Section       96  libspace.o(.bss)
    HEAP                                     0x20003a18   Section      512  startup_stm32f103xb.o(HEAP)
    Heap_Mem                                 0x20003a18   Data         512  startup_stm32f103xb.o(HEAP)
    STACK                                    0x20003c18   Section     1024  startup_stm32f103xb.o(STACK)
    Stack_Mem                                0x20003c18   Data        1024  startup_stm32f103xb.o(STACK)
    __initial_sp                             0x20004018   Data           0  startup_stm32f103xb.o(STACK)

    Global Symbols

    Symbol Name                              Value     Ov Type        Size  Object(Section)

    BuildAttributes$$THM_ISAv4$P$D$K$B$S$PE$A:L22UL41UL21$X:L11$S22US41US21$IEEE1$IW$USESV6$~STKCKD$USESV7$~SHL$OTIME$ROPI$IEEEX$EBA8$UX$STANDARDLIB$REQ8$PRES8$EABIv2 0x00000000   Number         0  anon$$obj.o ABSOLUTE
    __ARM_use_no_argv                        0x00000000   Number         0  main.o ABSOLUTE
    _printf_flags                            0x00000000   Number         0  printf_stubs.o ABSOLUTE
    _printf_return_value                     0x00000000   Number         0  printf_stubs.o ABSOLUTE
    _printf_sizespec                         0x00000000   Number         0  printf_stubs.o ABSOLUTE
    _printf_widthprec                        0x00000000   Number         0  printf_stubs.o ABSOLUTE
    __ARM_exceptions_init                     - Undefined Weak Reference
    __alloca_initialize                       - Undefined Weak Reference
    __arm_preinit_                            - Undefined Weak Reference
    __cpp_initialize__aeabi_                  - Undefined Weak Reference
    __cxa_finalize                            - Undefined Weak Reference
    __sigvec_lookup                           - Undefined Weak Reference
    _atexit_init                              - Undefined Weak Reference
    _call_atexit_fns                          - Undefined Weak Reference
    _clock_init                               - Undefined Weak Reference
    _fp_trap_init                             - Undefined Weak Reference
    _fp_trap_shutdown                         - Undefined Weak Reference
    _get_lc_collate                           - Undefined Weak Reference
    _get_lc_monetary                          - Undefined Weak Reference
    _get_lc_time                              - Undefined Weak Reference
    _getenv_init                              - Undefined Weak Reference
    _handle_redirection                       - Undefined Weak Reference
    _init_alloc                               - Undefined Weak Reference
    _init_user_alloc                          - Undefined Weak Reference
    _initio                                   - Undefined Weak Reference
    _printf_mbtowc                            - Undefined Weak Reference
    _printf_wc                                - Undefined Weak Reference
    _rand_init                                - Undefined Weak Reference
    _signal_finish                            - Undefined Weak Reference
    _signal_init                              - Undefined Weak Reference
    _terminate_alloc                          - Undefined Weak Reference
    _terminate_user_alloc                     - Undefined Weak Reference
    _terminateio                              - Undefined Weak Reference
    __Vectors_Size                           0x000000ec   Number         0  startup_stm32f103xb.o ABSOLUTE
    __Vectors                                0x08000000   Data           4  startup_stm32f103xb.o(RESET)
    __Vectors_End                            0x080000ec   Data           0  startup_stm32f103xb.o(RESET)
    __main                                   0x080000ed   Thumb Code     8  __main.o(!!!main)
    __scatterload                            0x080000f5   Thumb Code     0  __scatter.o(!!!scatter)
    __scatterload_rt2                        0x080000f5   Thumb Code    44  __scatter.o(!!!scatter)
    __scatterload_rt2_thumb_only             0x080000f5   Thumb Code     0  __scatter.o(!!!scatter)
    __scatterload_null                       0x08000103   Thumb Code     0  __scatter.o(!!!scatter)
    __scatterload_copy                       0x08000129   Thumb Code    26  __scatter_copy.o(!!handler_copy)
    __scatterload_zeroinit                   0x08000145   Thumb Code    28  __scatter_zi.o(!!handler_zi)
    __rt_lib_init                            0x08000161   Thumb Code     0  libinit.o(.ARM.Collect$$libinit$$00000000)
    __rt_lib_init_alloca_1                   0x08000163   Thumb Code     0  libinit2.o(.ARM.Collect$$libinit$$0000002E)
    __rt_lib_init_argv_1                     0x08000163   Thumb Code     0  libinit2.o(.ARM.Collect$$libinit$$0000002C)
    __rt_lib_init_atexit_1                   0x08000163   Thumb Code     0  libinit2.o(.ARM.Collect$$libinit$$0000001B)
    __rt_lib_init_clock_1                    0x08000163   Thumb Code     0  libinit2.o(.ARM.Collect$$libinit$$00000021)
    __rt_lib_init_cpp_1                      0x08000163   Thumb Code     0  libinit2.o(.ARM.Collect$$libinit$$00000032)
    __rt_lib_init_exceptions_1               0x08000163   Thumb Code     0  libinit2.o(.ARM.Collect$$libinit$$00000030)
    __rt_lib_init_fp_1                       0x08000163   Thumb Code     0  libinit2.o(.ARM.Collect$$libinit$$00000002)
    __rt_lib_init_fp_trap_1                  0x08000163   Thumb Code     0  libinit2.o(.ARM.Collect$$libinit$$0000001F)
    __rt_lib_init_getenv_1                   0x08000163   Thumb Code     0  libinit2.o(.ARM.Collect$$libinit$$00000023)
    __rt_lib_init_heap_1                     0x08000163   Thumb Code     0  libinit2.o(.ARM.Collect$$libinit$$0000000A)
    __rt_lib_init_lc_collate_1               0x08000163   Thumb Code     0  libinit2.o(.ARM.Collect$$libinit$$00000011)
    __rt_lib_init_lc_ctype_1                 0x08000163   Thumb Code     0  libinit2.o(.ARM.Collect$$libinit$$00000013)
    __rt_lib_init_lc_monetary_1              0x08000163   Thumb Code     0  libinit2.o(.ARM.Collect$$libinit$$00000015)
    __rt_lib_init_lc_numeric_1               0x08000163   Thumb Code     0  libinit2.o(.ARM.Collect$$libinit$$00000017)
    __rt_lib_init_lc_time_1                  0x08000163   Thumb Code     0  libinit2.o(.ARM.Collect$$libinit$$00000019)
    __rt_lib_init_preinit_1                  0x08000163   Thumb Code     0  libinit2.o(.ARM.Collect$$libinit$$00000004)
    __rt_lib_init_rand_1                     0x08000163   Thumb Code     0  libinit2.o(.ARM.Collect$$libinit$$0000000E)
    __rt_lib_init_return                     0x08000163   Thumb Code     0  libinit2.o(.ARM.Collect$$libinit$$00000033)
    __rt_lib_init_signal_1                   0x08000163   Thumb Code     0  libinit2.o(.ARM.Collect$$libinit$$0000001D)
    __rt_lib_init_stdio_1                    0x08000163   Thumb Code     0  libinit2.o(.ARM.Collect$$libinit$$00000025)
    __rt_lib_init_user_alloc_1               0x08000163   Thumb Code     0  libinit2.o(.ARM.Collect$$libinit$$0000000C)
    __rt_lib_shutdown                        0x08000165   Thumb Code     0  libshutdown.o(.ARM.Collect$$libshutdown$$00000000)
    __rt_lib_shutdown_fp_trap_1              0x08000167   Thumb Code     0  libshutdown2.o(.ARM.Collect$$libshutdown$$00000006)
    __rt_lib_shutdown_heap_1                 0x08000167   Thumb Code     0  libshutdown2.o(.ARM.Collect$$libshutdown$$0000000E)
    __rt_lib_shutdown_return                 0x08000167   Thumb Code     0  libshutdown2.o(.ARM.Collect$$libshutdown$$0000000F)
    __rt_lib_shutdown_signal_1               0x08000167   Thumb Code     0  libshutdown2.o(.ARM.Collect$$libshutdown$$00000009)
    __rt_lib_shutdown_stdio_1                0x08000167   Thumb Code     0  libshutdown2.o(.ARM.Collect$$libshutdown$$00000003)
    __rt_lib_shutdown_user_alloc_1           0x08000167   Thumb Code     0  libshutdown2.o(.ARM.Collect$$libshutdown$$0000000B)
    __rt_entry                               0x08000169   Thumb Code     0  __rtentry.o(.ARM.Collect$$rtentry$$00000000)
    __rt_entry_presh_1                       0x08000169   Thumb Code     0  __rtentry2.o(.ARM.Collect$$rtentry$$00000002)
    __rt_entry_sh                            0x08000169   Thumb Code     0  __rtentry4.o(.ARM.Collect$$rtentry$$00000004)
    __rt_entry_li                            0x0800016f   Thumb Code     0  __rtentry2.o(.ARM.Collect$$rtentry$$0000000A)
    __rt_entry_postsh_1                      0x0800016f   Thumb Code     0  __rtentry2.o(.ARM.Collect$$rtentry$$00000009)
    __rt_entry_main                          0x08000173   Thumb Code     0  __rtentry2.o(.ARM.Collect$$rtentry$$0000000D)
    __rt_entry_postli_1                      0x08000173   Thumb Code     0  __rtentry2.o(.ARM.Collect$$rtentry$$0000000C)
    __rt_exit                                0x0800017b   Thumb Code     0  rtexit.o(.ARM.Collect$$rtexit$$00000000)
    __rt_exit_ls                             0x0800017d   Thumb Code     0  rtexit2.o(.ARM.Collect$$rtexit$$00000003)
    __rt_exit_prels_1                        0x0800017d   Thumb Code     0  rtexit2.o(.ARM.Collect$$rtexit$$00000002)
    __rt_exit_exit                           0x08000181   Thumb Code     0  rtexit2.o(.ARM.Collect$$rtexit$$00000004)
    SVC_Handler                              0x08000189   Thumb Code    32  port.o(.emb_text)
    __asm___6_port_c_39a90d8d__prvStartFirstTask 0x080001ad   Thumb Code    28  port.o(.emb_text)
    PendSV_Handler                           0x080001cd   Thumb Code    72  port.o(.emb_text)
    vPortGetIPSR                             0x08000219   Thumb Code     6  port.o(.emb_text)
    Reset_Handler                            0x08000221   Thumb Code     8  startup_stm32f103xb.o(.text)
    ADC1_2_IRQHandler                        0x0800023b   Thumb Code     0  startup_stm32f103xb.o(.text)
    CAN1_RX1_IRQHandler                      0x0800023b   Thumb Code     0  startup_stm32f103xb.o(.text)
    CAN1_SCE_IRQHandler                      0x0800023b   Thumb Code     0  startup_stm32f103xb.o(.text)
    DMA1_Channel1_IRQHandler                 0x0800023b   Thumb Code     0  startup_stm32f103xb.o(.text)
    DMA1_Channel2_IRQHandler                 0x0800023b   Thumb Code     0  startup_stm32f103xb.o(.text)
    DMA1_Channel3_IRQHandler                 0x0800023b   Thumb Code     0  startup_stm32f103xb.o(.text)
    DMA1_Channel4_IRQHandler                 0x0800023b   Thumb Code     0  startup_stm32f103xb.o(.text)
    DMA1_Channel5_IRQHandler                 0x0800023b   Thumb Code     0  startup_stm32f103xb.o(.text)
    DMA1_Channel6_IRQHandler                 0x0800023b   Thumb Code     0  startup_stm32f103xb.o(.text)
    DMA1_Channel7_IRQHandler                 0x0800023b   Thumb Code     0  startup_stm32f103xb.o(.text)
    EXTI0_IRQHandler                         0x0800023b   Thumb Code     0  startup_stm32f103xb.o(.text)
    EXTI15_10_IRQHandler                     0x0800023b   Thumb Code     0  startup_stm32f103xb.o(.text)
    EXTI1_IRQHandler                         0x0800023b   Thumb Code     0  startup_stm32f103xb.o(.text)
    EXTI2_IRQHandler                         0x0800023b   Thumb Code     0  startup_stm32f103xb.o(.text)
    EXTI3_IRQHandler                         0x0800023b   Thumb Code     0  startup_stm32f103xb.o(.text)
    EXTI4_IRQHandler                         0x0800023b   Thumb Code     0  startup_stm32f103xb.o(.text)
    EXTI9_5_IRQHandler                       0x0800023b   Thumb Code     0  startup_stm32f103xb.o(.text)
    FLASH_IRQHandler                         0x0800023b   Thumb Code     0  startup_stm32f103xb.o(.text)
    I2C1_ER_IRQHandler                       0x0800023b   Thumb Code     0  startup_stm32f103xb.o(.text)
    I2C1_EV_IRQHandler                       0x0800023b   Thumb Code     0  startup_stm32f103xb.o(.text)
    I2C2_ER_IRQHandler                       0x0800023b   Thumb Code     0  startup_stm32f103xb.o(.text)
    I2C2_EV_IRQHandler                       0x0800023b   Thumb Code     0  startup_stm32f103xb.o(.text)
    PVD_IRQHandler                           0x0800023b   Thumb Code     0  startup_stm32f103xb.o(.text)
    RCC_IRQHandler                           0x0800023b   Thumb Code     0  startup_stm32f103xb.o(.text)
    RTC_Alarm_IRQHandler                     0x0800023b   Thumb Code     0  startup_stm32f103xb.o(.text)
    RTC_IRQHandler                           0x0800023b   Thumb Code     0  startup_stm32f103xb.o(.text)
    SPI1_IRQHandler                          0x0800023b   Thumb Code     0  startup_stm32f103xb.o(.text)
    SPI2_IRQHandler                          0x0800023b   Thumb Code     0  startup_stm32f103xb.o(.text)
    TAMPER_IRQHandler                        0x0800023b   Thumb Code     0  startup_stm32f103xb.o(.text)
    TIM1_BRK_IRQHandler                      0x0800023b   Thumb Code     0  startup_stm32f103xb.o(.text)
    TIM1_CC_IRQHandler                       0x0800023b   Thumb Code     0  startup_stm32f103xb.o(.text)
    TIM1_TRG_COM_IRQHandler                  0x0800023b   Thumb Code     0  startup_stm32f103xb.o(.text)
    TIM1_UP_IRQHandler                       0x0800023b   Thumb Code     0  startup_stm32f103xb.o(.text)
    TIM2_IRQHandler                          0x0800023b   Thumb Code     0  startup_stm32f103xb.o(.text)
    TIM3_IRQHandler                          0x0800023b   Thumb Code     0  startup_stm32f103xb.o(.text)
    TIM4_IRQHandler                          0x0800023b   Thumb Code     0  startup_stm32f103xb.o(.text)
    USART1_IRQHandler                        0x0800023b   Thumb Code     0  startup_stm32f103xb.o(.text)
    USART2_IRQHandler                        0x0800023b   Thumb Code     0  startup_stm32f103xb.o(.text)
    USART3_IRQHandler                        0x0800023b   Thumb Code     0  startup_stm32f103xb.o(.text)
    USBWakeUp_IRQHandler                     0x0800023b   Thumb Code     0  startup_stm32f103xb.o(.text)
    USB_HP_CAN1_TX_IRQHandler                0x0800023b   Thumb Code     0  startup_stm32f103xb.o(.text)
    USB_LP_CAN1_RX0_IRQHandler               0x0800023b   Thumb Code     0  startup_stm32f103xb.o(.text)
    WWDG_IRQHandler                          0x0800023b   Thumb Code     0  startup_stm32f103xb.o(.text)
    __user_initial_stackheap                 0x0800023d   Thumb Code     0  startup_stm32f103xb.o(.text)
    __aeabi_memcpy                           0x08000261   Thumb Code     0  rt_memcpy_v6.o(.text)
    __rt_memcpy                              0x08000261   Thumb Code   138  rt_memcpy_v6.o(.text)
    _memcpy_lastbytes                        0x080002c7   Thumb Code     0  rt_memcpy_v6.o(.text)
    __aeabi_memset                           0x080002eb   Thumb Code    16  aeabi_memset.o(.text)
    __aeabi_memclr4                          0x080002fb   Thumb Code     0  rt_memclr_w.o(.text)
    __aeabi_memclr8                          0x080002fb   Thumb Code     0  rt_memclr_w.o(.text)
    __rt_memclr_w                            0x080002fb   Thumb Code    78  rt_memclr_w.o(.text)
    _memset_w                                0x080002ff   Thumb Code     0  rt_memclr_w.o(.text)
    strcmp                                   0x08000349   Thumb Code   128  strcmpv7m.o(.text)
    __use_two_region_memory                  0x080003c9   Thumb Code     2  heapauxi.o(.text)
    __rt_heap_escrow$2region                 0x080003cb   Thumb Code     2  heapauxi.o(.text)
    __rt_heap_expand$2region                 0x080003cd   Thumb Code     2  heapauxi.o(.text)
    __aeabi_memcpy4                          0x080003cf   Thumb Code     0  rt_memcpy_w.o(.text)
    __aeabi_memcpy8                          0x080003cf   Thumb Code     0  rt_memcpy_w.o(.text)
    __rt_memcpy_w                            0x080003cf   Thumb Code   100  rt_memcpy_w.o(.text)
    _memcpy_lastbytes_aligned                0x08000417   Thumb Code     0  rt_memcpy_w.o(.text)
    __aeabi_memclr                           0x08000433   Thumb Code     0  rt_memclr.o(.text)
    __rt_memclr                              0x08000433   Thumb Code    68  rt_memclr.o(.text)
    _memset                                  0x08000437   Thumb Code     0  rt_memclr.o(.text)
    __user_libspace                          0x08000479   Thumb Code     8  libspace.o(.text)
    __user_perproc_libspace                  0x08000479   Thumb Code     0  libspace.o(.text)
    __user_perthread_libspace                0x08000479   Thumb Code     0  libspace.o(.text)
    __user_setup_stackheap                   0x08000481   Thumb Code    74  sys_stackheap_outer.o(.text)
    exit                                     0x080004cb   Thumb Code    12  exit.o(.text)
    _sys_exit                                0x080004d9   Thumb Code     8  sys_exit.o(.text)
    __I$use$semihosting                      0x080004e5   Thumb Code     0  use_no_semi.o(.text)
    __use_no_semihosting_swi                 0x080004e5   Thumb Code     2  use_no_semi.o(.text)
    __semihosting_library_function           0x080004e7   Thumb Code     0  indicate_semi.o(.text)
    ADC_ConversionStop_Disable               0x080004e9   Thumb Code    86  stm32f1xx_hal_adc.o(i.ADC_ConversionStop_Disable)
    ADC_Enable                               0x08000541   Thumb Code   114  stm32f1xx_hal_adc.o(i.ADC_Enable)
    BH1750_Get_Lux                           0x080005bd   Thumb Code    74  bh1750.o(i.BH1750_Get_Lux)
    BH1750_Init                              0x0800060d   Thumb Code    42  bh1750.o(i.BH1750_Init)
    BusFault_Handler                         0x08000637   Thumb Code     2  stm32f1xx_it.o(i.BusFault_Handler)
    DHT11_Check                              0x08000639   Thumb Code    86  dht11.o(i.DHT11_Check)
    DHT11_Init                               0x08000695   Thumb Code    30  dht11.o(i.DHT11_Init)
    DHT11_Mode                               0x080006b9   Thumb Code    56  dht11.o(i.DHT11_Mode)
    DHT11_Read_Bit                           0x080006f9   Thumb Code    82  dht11.o(i.DHT11_Read_Bit)
    DHT11_Read_Byte                          0x08000751   Thumb Code    26  dht11.o(i.DHT11_Read_Byte)
    DHT11_Read_Data                          0x0800076d   Thumb Code    82  dht11.o(i.DHT11_Read_Data)
    DHT11_Rst                                0x080007c1   Thumb Code    46  dht11.o(i.DHT11_Rst)
    DWT_Delay_ms                             0x080007f5   Thumb Code    26  dwt_delay.o(i.DWT_Delay_ms)
    DWT_Delay_us                             0x08000811   Thumb Code    20  dwt_delay.o(i.DWT_Delay_us)
    DWT_Init                                 0x0800082d   Thumb Code    40  dwt_delay.o(i.DWT_Init)
    DebugMon_Handler                         0x08000869   Thumb Code     2  stm32f1xx_it.o(i.DebugMon_Handler)
    Error_Handler                            0x08000b89   Thumb Code     4  main.o(i.Error_Handler)
    HAL_ADC_ConfigChannel                    0x08000b8d   Thumb Code   240  stm32f1xx_hal_adc.o(i.HAL_ADC_ConfigChannel)
    HAL_ADC_GetValue                         0x08000c89   Thumb Code     6  stm32f1xx_hal_adc.o(i.HAL_ADC_GetValue)
    HAL_ADC_Init                             0x08000c91   Thumb Code   272  stm32f1xx_hal_adc.o(i.HAL_ADC_Init)
    HAL_ADC_MspInit                          0x08000dad   Thumb Code    76  adc.o(i.HAL_ADC_MspInit)
    HAL_ADC_Start                            0x08000e05   Thumb Code   184  stm32f1xx_hal_adc.o(i.HAL_ADC_Start)
    HAL_GPIO_Init                            0x08000ec5   Thumb Code   446  stm32f1xx_hal_gpio.o(i.HAL_GPIO_Init)
    HAL_GPIO_ReadPin                         0x080010a5   Thumb Code    10  stm32f1xx_hal_gpio.o(i.HAL_GPIO_ReadPin)
    HAL_GPIO_WritePin                        0x080010af   Thumb Code    10  stm32f1xx_hal_gpio.o(i.HAL_GPIO_WritePin)
    HAL_GetTick                              0x080010b9   Thumb Code     6  stm32f1xx_hal.o(i.HAL_GetTick)
    HAL_IncTick                              0x080010c5   Thumb Code    12  stm32f1xx_hal.o(i.HAL_IncTick)
    HAL_Init                                 0x080010d5   Thumb Code    32  stm32f1xx_hal.o(i.HAL_Init)
    HAL_InitTick                             0x080010f9   Thumb Code    54  stm32f1xx_hal.o(i.HAL_InitTick)
    HAL_MspInit                              0x08001139   Thumb Code    62  stm32f1xx_hal_msp.o(i.HAL_MspInit)
    HAL_NVIC_SetPriority                     0x08001181   Thumb Code    60  stm32f1xx_hal_cortex.o(i.HAL_NVIC_SetPriority)
    HAL_NVIC_SetPriorityGrouping             0x080011c1   Thumb Code    26  stm32f1xx_hal_cortex.o(i.HAL_NVIC_SetPriorityGrouping)
    HAL_RCCEx_PeriphCLKConfig                0x080011e5   Thumb Code   224  stm32f1xx_hal_rcc_ex.o(i.HAL_RCCEx_PeriphCLKConfig)
    HAL_RCC_ClockConfig                      0x080012d1   Thumb Code   280  stm32f1xx_hal_rcc.o(i.HAL_RCC_ClockConfig)
    HAL_RCC_GetSysClockFreq                  0x080013fd   Thumb Code    58  stm32f1xx_hal_rcc.o(i.HAL_RCC_GetSysClockFreq)
    HAL_RCC_OscConfig                        0x08001449   Thumb Code   778  stm32f1xx_hal_rcc.o(i.HAL_RCC_OscConfig)
    HAL_SYSTICK_Config                       0x08001769   Thumb Code    40  stm32f1xx_hal_cortex.o(i.HAL_SYSTICK_Config)
    HardFault_Handler                        0x080018b1   Thumb Code     2  stm32f1xx_it.o(i.HardFault_Handler)
    I2C_Ack                                  0x080018b5   Thumb Code    90  soft_i2c.o(i.I2C_Ack)
    I2C_NAck                                 0x08001915   Thumb Code    80  soft_i2c.o(i.I2C_NAck)
    I2C_ReadByte                             0x08001969   Thumb Code   100  soft_i2c.o(i.I2C_ReadByte)
    I2C_SendByte                             0x080019d1   Thumb Code   116  soft_i2c.o(i.I2C_SendByte)
    I2C_Start                                0x08001a49   Thumb Code    90  soft_i2c.o(i.I2C_Start)
    I2C_Stop                                 0x08001aa9   Thumb Code    78  soft_i2c.o(i.I2C_Stop)
    I2C_WaitAck                              0x08001afd   Thumb Code    94  soft_i2c.o(i.I2C_WaitAck)
    MX_ADC1_Init                             0x08001b61   Thumb Code    70  adc.o(i.MX_ADC1_Init)
    MX_FREERTOS_Init                         0x08001bb1   Thumb Code    88  freertos.o(i.MX_FREERTOS_Init)
    MX_GPIO_Init                             0x08001c35   Thumb Code   178  gpio.o(i.MX_GPIO_Init)
    MemManage_Handler                        0x08001cf5   Thumb Code     2  stm32f1xx_it.o(i.MemManage_Handler)
    NMI_Handler                              0x08001cf7   Thumb Code     2  stm32f1xx_it.o(i.NMI_Handler)
    OLED_Clear                               0x08001cf9   Thumb Code    34  oled.o(i.OLED_Clear)
    OLED_ClearArea                           0x08001d21   Thumb Code    86  oled.o(i.OLED_ClearArea)
    OLED_GPIO_Init                           0x08001d7d   Thumb Code    38  oled.o(i.OLED_GPIO_Init)
    OLED_I2C_SendByte                        0x08001da3   Thumb Code    58  oled.o(i.OLED_I2C_SendByte)
    OLED_I2C_Start                           0x08001ddd   Thumb Code    30  oled.o(i.OLED_I2C_Start)
    OLED_I2C_Stop                            0x08001dfb   Thumb Code    24  oled.o(i.OLED_I2C_Stop)
    OLED_Init                                0x08001e13   Thumb Code   156  oled.o(i.OLED_Init)
    OLED_Pow                                 0x08001eaf   Thumb Code    14  oled.o(i.OLED_Pow)
    OLED_SetCursor                           0x08001ebd   Thumb Code    34  oled.o(i.OLED_SetCursor)
    OLED_ShowChar                            0x08001ee1   Thumb Code    52  oled.o(i.OLED_ShowChar)
    OLED_ShowFloatNum                        0x08001f1d   Thumb Code   190  oled.o(i.OLED_ShowFloatNum)
    OLED_ShowHexNum                          0x08001fdb   Thumb Code    72  oled.o(i.OLED_ShowHexNum)
    OLED_ShowImage                           0x08002025   Thumb Code   182  oled.o(i.OLED_ShowImage)
    OLED_ShowNum                             0x080020e1   Thumb Code    70  oled.o(i.OLED_ShowNum)
    OLED_ShowString                          0x08002129   Thumb Code   210  oled.o(i.OLED_ShowString)
    OLED_Update                              0x08002205   Thumb Code    34  oled.o(i.OLED_Update)
    OLED_W_SCL                               0x0800222d   Thumb Code    20  oled.o(i.OLED_W_SCL)
    OLED_W_SDA                               0x08002245   Thumb Code    20  oled.o(i.OLED_W_SDA)
    OLED_WriteCommand                        0x0800225d   Thumb Code    34  oled.o(i.OLED_WriteCommand)
    OLED_WriteData                           0x0800227f   Thumb Code    48  oled.o(i.OLED_WriteData)
    SOFT_I2C_Init                            0x080022b1   Thumb Code    74  soft_i2c.o(i.SOFT_I2C_Init)
    SoilMoisture_Init                        0x08002305   Thumb Code     6  soil_moisture.o(i.SoilMoisture_Init)
    SoilMoisture_Read                        0x08002311   Thumb Code   102  soil_moisture.o(i.SoilMoisture_Read)
    StartDisplayTask                         0x08002385   Thumb Code   122  app_display.o(i.StartDisplayTask)
    StartInputTask                           0x0800241d   Thumb Code   138  app_input.o(i.StartInputTask)
    StartSensorTask                          0x080024b1   Thumb Code   122  app_sensor.o(i.StartSensorTask)
    SysTick_Handler                          0x08002531   Thumb Code    24  stm32f1xx_it.o(i.SysTick_Handler)
    SystemClock_Config                       0x08002549   Thumb Code   120  main.o(i.SystemClock_Config)
    SystemInit                               0x080025c1   Thumb Code     2  system_stm32f1xx.o(i.SystemInit)
    UsageFault_Handler                       0x080025c3   Thumb Code     2  stm32f1xx_it.o(i.UsageFault_Handler)
    main                                     0x080025e5   Thumb Code    34  main.o(i.main)
    osKernelInitialize                       0x08002609   Thumb Code    32  cmsis_os2.o(i.osKernelInitialize)
    osKernelStart                            0x0800262d   Thumb Code    48  cmsis_os2.o(i.osKernelStart)
    pvPortMalloc                             0x08002df9   Thumb Code   216  heap_4.o(i.pvPortMalloc)
    pxPortInitialiseStack                    0x08002ed5   Thumb Code    32  port.o(i.pxPortInitialiseStack)
    round                                    0x08002ef9   Thumb Code   136  round.o(i.round)
    uxListRemove                             0x08002f8d   Thumb Code    38  list.o(i.uxListRemove)
    vApplicationGetIdleTaskMemory            0x08002fb5   Thumb Code    16  cmsis_os2.o(i.vApplicationGetIdleTaskMemory)
    vApplicationGetTimerTaskMemory           0x08002fc9   Thumb Code    18  cmsis_os2.o(i.vApplicationGetTimerTaskMemory)
    vListInitialise                          0x08002fe1   Thumb Code    22  list.o(i.vListInitialise)
    vListInitialiseItem                      0x08002ff7   Thumb Code     6  list.o(i.vListInitialiseItem)
    vListInsert                              0x08002ffd   Thumb Code    48  list.o(i.vListInsert)
    vListInsertEnd                           0x0800302d   Thumb Code    24  list.o(i.vListInsertEnd)
    vPortEnterCritical                       0x08003045   Thumb Code    54  port.o(i.vPortEnterCritical)
    vPortExitCritical                        0x08003085   Thumb Code    34  port.o(i.vPortExitCritical)
    vPortFree                                0x080030ad   Thumb Code    94  heap_4.o(i.vPortFree)
    vPortSetupTimerInterrupt                 0x08003111   Thumb Code    32  port.o(i.vPortSetupTimerInterrupt)
    vPortValidateInterruptPriority           0x08003135   Thumb Code    74  port.o(i.vPortValidateInterruptPriority)
    vQueueAddToRegistry                      0x08003189   Thumb Code    34  queue.o(i.vQueueAddToRegistry)
    vQueueWaitForMessageRestricted           0x080031b1   Thumb Code    68  queue.o(i.vQueueWaitForMessageRestricted)
    vTaskDelay                               0x080031f5   Thumb Code    66  tasks.o(i.vTaskDelay)
    vTaskDelayUntil                          0x08003241   Thumb Code   132  tasks.o(i.vTaskDelayUntil)
    vTaskInternalSetTimeOutState             0x080032cd   Thumb Code    12  tasks.o(i.vTaskInternalSetTimeOutState)
    vTaskMissedYield                         0x080032dd   Thumb Code     8  tasks.o(i.vTaskMissedYield)
    vTaskPlaceOnEventList                    0x080032e9   Thumb Code    44  tasks.o(i.vTaskPlaceOnEventList)
    vTaskPlaceOnEventListRestricted          0x08003319   Thumb Code    52  tasks.o(i.vTaskPlaceOnEventListRestricted)
    vTaskStartScheduler                      0x08003351   Thumb Code   118  tasks.o(i.vTaskStartScheduler)
    vTaskSuspendAll                          0x080033d9   Thumb Code    10  tasks.o(i.vTaskSuspendAll)
    vTaskSwitchContext                       0x080033e9   Thumb Code    90  tasks.o(i.vTaskSwitchContext)
    xPortStartScheduler                      0x0800344d   Thumb Code   154  port.o(i.xPortStartScheduler)
    xPortSysTickHandler                      0x080034f5   Thumb Code    38  port.o(i.xPortSysTickHandler)
    xQueueGenericCreate                      0x08003521   Thumb Code    66  queue.o(i.xQueueGenericCreate)
    xQueueGenericCreateStatic                0x08003563   Thumb Code   102  queue.o(i.xQueueGenericCreateStatic)
    xQueueGenericReset                       0x080035c9   Thumb Code   132  queue.o(i.xQueueGenericReset)
    xQueueGenericSend                        0x08003651   Thumb Code   346  queue.o(i.xQueueGenericSend)
    xQueueGenericSendFromISR                 0x080037b1   Thumb Code   190  queue.o(i.xQueueGenericSendFromISR)
    xQueueReceive                            0x08003871   Thumb Code   308  queue.o(i.xQueueReceive)
    xTaskCheckForTimeOut                     0x080039a9   Thumb Code   112  tasks.o(i.xTaskCheckForTimeOut)
    xTaskCreate                              0x08003a1d   Thumb Code    90  tasks.o(i.xTaskCreate)
    xTaskCreateStatic                        0x08003a77   Thumb Code    86  tasks.o(i.xTaskCreateStatic)
    xTaskGetSchedulerState                   0x08003acd   Thumb Code    22  tasks.o(i.xTaskGetSchedulerState)
    xTaskGetTickCount                        0x08003ae9   Thumb Code     6  tasks.o(i.xTaskGetTickCount)
    xTaskIncrementTick                       0x08003af5   Thumb Code   192  tasks.o(i.xTaskIncrementTick)
    xTaskPriorityDisinherit                  0x08003bbd   Thumb Code   118  tasks.o(i.xTaskPriorityDisinherit)
    xTaskRemoveFromEventList                 0x08003c3d   Thumb Code    98  tasks.o(i.xTaskRemoveFromEventList)
    xTaskResumeAll                           0x08003cad   Thumb Code   182  tasks.o(i.xTaskResumeAll)
    xTimerCreateTimerTask                    0x08003d71   Thumb Code    78  timers.o(i.xTimerCreateTimerTask)
    xTimerGenericCommand                     0x08003dd1   Thumb Code    98  timers.o(i.xTimerGenericCommand)
    __aeabi_dadd                             0x08003e39   Thumb Code     0  daddsub_clz.o(x$fpl$dadd)
    _dadd                                    0x08003e39   Thumb Code   332  daddsub_clz.o(x$fpl$dadd)
    __fpl_dcmp_Inf                           0x08003f89   Thumb Code    24  dcmpi.o(x$fpl$dcmpinf)
    __aeabi_d2uiz                            0x08003fa1   Thumb Code     0  dfixu.o(x$fpl$dfixu)
    _dfixu                                   0x08003fa1   Thumb Code    90  dfixu.o(x$fpl$dfixu)
    __aeabi_ui2d                             0x08003ffb   Thumb Code     0  dflt_clz.o(x$fpl$dfltu)
    _dfltu                                   0x08003ffb   Thumb Code    38  dflt_clz.o(x$fpl$dfltu)
    __aeabi_cdcmple                          0x08004021   Thumb Code     0  dleqf.o(x$fpl$dleqf)
    _dcmple                                  0x08004021   Thumb Code   120  dleqf.o(x$fpl$dleqf)
    __fpl_dcmple_InfNaN                      0x08004083   Thumb Code     0  dleqf.o(x$fpl$dleqf)
    __aeabi_dmul                             0x08004099   Thumb Code     0  dmul.o(x$fpl$dmul)
    _dmul                                    0x08004099   Thumb Code   332  dmul.o(x$fpl$dmul)
    __fpl_dnaninf                            0x080041ed   Thumb Code   156  dnaninf.o(x$fpl$dnaninf)
    __fpl_dretinf                            0x08004289   Thumb Code    12  dretinf.o(x$fpl$dretinf)
    __aeabi_cdrcmple                         0x08004295   Thumb Code     0  drleqf.o(x$fpl$drleqf)
    _drcmple                                 0x08004295   Thumb Code   108  drleqf.o(x$fpl$drleqf)
    _drnd                                    0x08004301   Thumb Code   180  drnd.o(x$fpl$drnd)
    __aeabi_drsub                            0x080043b5   Thumb Code     0  daddsub_clz.o(x$fpl$drsb)
    _drsb                                    0x080043b5   Thumb Code    22  daddsub_clz.o(x$fpl$drsb)
    __aeabi_dsub                             0x080043cd   Thumb Code     0  daddsub_clz.o(x$fpl$dsub)
    _dsub                                    0x080043cd   Thumb Code   464  daddsub_clz.o(x$fpl$dsub)
    __aeabi_f2d                              0x080045a1   Thumb Code     0  f2d.o(x$fpl$f2d)
    _f2d                                     0x080045a1   Thumb Code    86  f2d.o(x$fpl$f2d)
    __aeabi_fadd                             0x080045f9   Thumb Code     0  faddsub_clz.o(x$fpl$fadd)
    _fadd                                    0x080045f9   Thumb Code   196  faddsub_clz.o(x$fpl$fadd)
    __aeabi_fdiv                             0x080046bd   Thumb Code     0  fdiv.o(x$fpl$fdiv)
    _fdiv                                    0x080046bd   Thumb Code   384  fdiv.o(x$fpl$fdiv)
    __aeabi_f2uiz                            0x08004841   Thumb Code     0  ffixu.o(x$fpl$ffixu)
    _ffixu                                   0x08004841   Thumb Code    62  ffixu.o(x$fpl$ffixu)
    __aeabi_i2f                              0x08004881   Thumb Code     0  fflt_clz.o(x$fpl$fflt)
    _fflt                                    0x08004881   Thumb Code    48  fflt_clz.o(x$fpl$fflt)
    __aeabi_ui2f                             0x080048b1   Thumb Code     0  fflt_clz.o(x$fpl$ffltu)
    _ffltu                                   0x080048b1   Thumb Code    38  fflt_clz.o(x$fpl$ffltu)
    __aeabi_fmul                             0x080048d9   Thumb Code     0  fmul.o(x$fpl$fmul)
    _fmul                                    0x080048d9   Thumb Code   258  fmul.o(x$fpl$fmul)
    __fpl_fnaninf                            0x080049db   Thumb Code   140  fnaninf.o(x$fpl$fnaninf)
    __fpl_fretinf                            0x08004a67   Thumb Code    10  fretinf.o(x$fpl$fretinf)
    __aeabi_fsub                             0x08004a71   Thumb Code     0  faddsub_clz.o(x$fpl$fsub)
    _fsub                                    0x08004a71   Thumb Code   234  faddsub_clz.o(x$fpl$fsub)
    __I$use$fp                               0x08004b5a   Number         0  usenofp.o(x$fpl$usenofp)
    AHBPrescTable                            0x08004b6c   Data          16  system_stm32f1xx.o(.constdata)
    OLED_F8x16                               0x08004b7c   Data        1520  oled_data.o(.constdata)
    OLED_F6x8                                0x0800516c   Data         570  oled_data.o(.constdata)
    OLED_CF16x16                             0x080053a6   Data         245  oled_data.o(.constdata)
    Region$$Table$$Base                      0x0800549c   Number         0  anon$$obj.o(Region$$Table)
    Region$$Table$$Limit                     0x080054bc   Number         0  anon$$obj.o(Region$$Table)
    xSensorDataQueue                         0x20000000   Data           4  main.o(.data)
    xButtonEventQueue                        0x20000004   Data           4  main.o(.data)
    uwTickFreq                               0x20000008   Data           1  stm32f1xx_hal.o(.data)
    uwTickPrio                               0x2000000c   Data           4  stm32f1xx_hal.o(.data)
    uwTick                                   0x20000010   Data           4  stm32f1xx_hal.o(.data)
    SystemCoreClock                          0x20000014   Data           4  system_stm32f1xx.o(.data)
    pxCurrentTCB                             0x20000018   Data           4  tasks.o(.data)
    g_ThresholdCfg                           0x200000a8   Data           8  app_display.o(.data)
    hadc1                                    0x200000b0   Data          48  adc.o(.bss)
    xQueueRegistry                           0x200000e0   Data          64  queue.o(.bss)
    OLED_DisplayBuf                          0x200035b4   Data        1024  oled.o(.bss)
    __libspace_start                         0x200039b4   Data          96  libspace.o(.bss)
    __temporary_stack_top$libspace           0x20003a14   Data           0  libspace.o(.bss)



==============================================================================

Memory Map of the image

  Image Entry point : 0x080000ed

  Load Region LR_IROM1 (Base: 0x08000000, Size: 0x0000556c, Max: 0x00010000, ABSOLUTE)

    Execution Region ER_IROM1 (Exec base: 0x08000000, Load base: 0x08000000, Size: 0x000054bc, Max: 0x00010000, ABSOLUTE)

    Exec Addr    Load Addr    Size         Type   Attr      Idx    E Section Name        Object

    0x08000000   0x08000000   0x000000ec   Data   RO            3    RESET               startup_stm32f103xb.o
    0x080000ec   0x080000ec   0x00000008   Code   RO         4212  * !!!main             c_w.l(__main.o)
    0x080000f4   0x080000f4   0x00000034   Code   RO         4660    !!!scatter          c_w.l(__scatter.o)
    0x08000128   0x08000128   0x0000001a   Code   RO         4662    !!handler_copy      c_w.l(__scatter_copy.o)
    0x08000142   0x08000142   0x00000002   PAD
    0x08000144   0x08000144   0x0000001c   Code   RO         4664    !!handler_zi        c_w.l(__scatter_zi.o)
    0x08000160   0x08000160   0x00000002   Code   RO         4523    .ARM.Collect$$libinit$$00000000  c_w.l(libinit.o)
    0x08000162   0x08000162   0x00000000   Code   RO         4534    .ARM.Collect$$libinit$$00000002  c_w.l(libinit2.o)
    0x08000162   0x08000162   0x00000000   Code   RO         4536    .ARM.Collect$$libinit$$00000004  c_w.l(libinit2.o)
    0x08000162   0x08000162   0x00000000   Code   RO         4539    .ARM.Collect$$libinit$$0000000A  c_w.l(libinit2.o)
    0x08000162   0x08000162   0x00000000   Code   RO         4541    .ARM.Collect$$libinit$$0000000C  c_w.l(libinit2.o)
    0x08000162   0x08000162   0x00000000   Code   RO         4543    .ARM.Collect$$libinit$$0000000E  c_w.l(libinit2.o)
    0x08000162   0x08000162   0x00000000   Code   RO         4546    .ARM.Collect$$libinit$$00000011  c_w.l(libinit2.o)
    0x08000162   0x08000162   0x00000000   Code   RO         4548    .ARM.Collect$$libinit$$00000013  c_w.l(libinit2.o)
    0x08000162   0x08000162   0x00000000   Code   RO         4550    .ARM.Collect$$libinit$$00000015  c_w.l(libinit2.o)
    0x08000162   0x08000162   0x00000000   Code   RO         4552    .ARM.Collect$$libinit$$00000017  c_w.l(libinit2.o)
    0x08000162   0x08000162   0x00000000   Code   RO         4554    .ARM.Collect$$libinit$$00000019  c_w.l(libinit2.o)
    0x08000162   0x08000162   0x00000000   Code   RO         4556    .ARM.Collect$$libinit$$0000001B  c_w.l(libinit2.o)
    0x08000162   0x08000162   0x00000000   Code   RO         4558    .ARM.Collect$$libinit$$0000001D  c_w.l(libinit2.o)
    0x08000162   0x08000162   0x00000000   Code   RO         4560    .ARM.Collect$$libinit$$0000001F  c_w.l(libinit2.o)
    0x08000162   0x08000162   0x00000000   Code   RO         4562    .ARM.Collect$$libinit$$00000021  c_w.l(libinit2.o)
    0x08000162   0x08000162   0x00000000   Code   RO         4564    .ARM.Collect$$libinit$$00000023  c_w.l(libinit2.o)
    0x08000162   0x08000162   0x00000000   Code   RO         4566    .ARM.Collect$$libinit$$00000025  c_w.l(libinit2.o)
    0x08000162   0x08000162   0x00000000   Code   RO         4570    .ARM.Collect$$libinit$$0000002C  c_w.l(libinit2.o)
    0x08000162   0x08000162   0x00000000   Code   RO         4572    .ARM.Collect$$libinit$$0000002E  c_w.l(libinit2.o)
    0x08000162   0x08000162   0x00000000   Code   RO         4574    .ARM.Collect$$libinit$$00000030  c_w.l(libinit2.o)
    0x08000162   0x08000162   0x00000000   Code   RO         4576    .ARM.Collect$$libinit$$00000032  c_w.l(libinit2.o)
    0x08000162   0x08000162   0x00000002   Code   RO         4577    .ARM.Collect$$libinit$$00000033  c_w.l(libinit2.o)
    0x08000164   0x08000164   0x00000002   Code   RO         4601    .ARM.Collect$$libshutdown$$00000000  c_w.l(libshutdown.o)
    0x08000166   0x08000166   0x00000000   Code   RO         4615    .ARM.Collect$$libshutdown$$00000003  c_w.l(libshutdown2.o)
    0x08000166   0x08000166   0x00000000   Code   RO         4618    .ARM.Collect$$libshutdown$$00000006  c_w.l(libshutdown2.o)
    0x08000166   0x08000166   0x00000000   Code   RO         4621    .ARM.Collect$$libshutdown$$00000009  c_w.l(libshutdown2.o)
    0x08000166   0x08000166   0x00000000   Code   RO         4623    .ARM.Collect$$libshutdown$$0000000B  c_w.l(libshutdown2.o)
    0x08000166   0x08000166   0x00000000   Code   RO         4626    .ARM.Collect$$libshutdown$$0000000E  c_w.l(libshutdown2.o)
    0x08000166   0x08000166   0x00000002   Code   RO         4627    .ARM.Collect$$libshutdown$$0000000F  c_w.l(libshutdown2.o)
    0x08000168   0x08000168   0x00000000   Code   RO         4282    .ARM.Collect$$rtentry$$00000000  c_w.l(__rtentry.o)
    0x08000168   0x08000168   0x00000000   Code   RO         4429    .ARM.Collect$$rtentry$$00000002  c_w.l(__rtentry2.o)
    0x08000168   0x08000168   0x00000006   Code   RO         4441    .ARM.Collect$$rtentry$$00000004  c_w.l(__rtentry4.o)
    0x0800016e   0x0800016e   0x00000000   Code   RO         4431    .ARM.Collect$$rtentry$$00000009  c_w.l(__rtentry2.o)
    0x0800016e   0x0800016e   0x00000004   Code   RO         4432    .ARM.Collect$$rtentry$$0000000A  c_w.l(__rtentry2.o)
    0x08000172   0x08000172   0x00000000   Code   RO         4434    .ARM.Collect$$rtentry$$0000000C  c_w.l(__rtentry2.o)
    0x08000172   0x08000172   0x00000008   Code   RO         4435    .ARM.Collect$$rtentry$$0000000D  c_w.l(__rtentry2.o)
    0x0800017a   0x0800017a   0x00000002   Code   RO         4528    .ARM.Collect$$rtexit$$00000000  c_w.l(rtexit.o)
    0x0800017c   0x0800017c   0x00000000   Code   RO         4581    .ARM.Collect$$rtexit$$00000002  c_w.l(rtexit2.o)
    0x0800017c   0x0800017c   0x00000004   Code   RO         4582    .ARM.Collect$$rtexit$$00000003  c_w.l(rtexit2.o)
    0x08000180   0x08000180   0x00000006   Code   RO         4583    .ARM.Collect$$rtexit$$00000004  c_w.l(rtexit2.o)
    0x08000186   0x08000186   0x00000002   PAD
    0x08000188   0x08000188   0x00000096   Code   RO         3393    .emb_text           port.o
    0x0800021e   0x0800021e   0x00000002   PAD
    0x08000220   0x08000220   0x00000040   Code   RO            4    .text               startup_stm32f103xb.o
    0x08000260   0x08000260   0x0000008a   Code   RO         4200    .text               c_w.l(rt_memcpy_v6.o)
    0x080002ea   0x080002ea   0x00000010   Code   RO         4204    .text               c_w.l(aeabi_memset.o)
    0x080002fa   0x080002fa   0x0000004e   Code   RO         4206    .text               c_w.l(rt_memclr_w.o)
    0x08000348   0x08000348   0x00000080   Code   RO         4208    .text               c_w.l(strcmpv7m.o)
    0x080003c8   0x080003c8   0x00000006   Code   RO         4210    .text               c_w.l(heapauxi.o)
    0x080003ce   0x080003ce   0x00000064   Code   RO         4376    .text               c_w.l(rt_memcpy_w.o)
    0x08000432   0x08000432   0x00000044   Code   RO         4378    .text               c_w.l(rt_memclr.o)
    0x08000476   0x08000476   0x00000002   PAD
    0x08000478   0x08000478   0x00000008   Code   RO         4474    .text               c_w.l(libspace.o)
    0x08000480   0x08000480   0x0000004a   Code   RO         4477    .text               c_w.l(sys_stackheap_outer.o)
    0x080004ca   0x080004ca   0x0000000c   Code   RO         4516    .text               c_w.l(exit.o)
    0x080004d6   0x080004d6   0x00000002   PAD
    0x080004d8   0x080004d8   0x0000000c   Code   RO         4593    .text               c_w.l(sys_exit.o)
    0x080004e4   0x080004e4   0x00000002   Code   RO         4604    .text               c_w.l(use_no_semi.o)
    0x080004e6   0x080004e6   0x00000000   Code   RO         4606    .text               c_w.l(indicate_semi.o)
    0x080004e6   0x080004e6   0x00000002   PAD
    0x080004e8   0x080004e8   0x00000056   Code   RO          433    i.ADC_ConversionStop_Disable  stm32f1xx_hal_adc.o
    0x0800053e   0x0800053e   0x00000002   PAD
    0x08000540   0x08000540   0x0000007c   Code   RO          437    i.ADC_Enable        stm32f1xx_hal_adc.o
    0x080005bc   0x080005bc   0x00000050   Code   RO         3526    i.BH1750_Get_Lux    bh1750.o
    0x0800060c   0x0800060c   0x0000002a   Code   RO         3527    i.BH1750_Init       bh1750.o
    0x08000636   0x08000636   0x00000002   Code   RO          310    i.BusFault_Handler  stm32f1xx_it.o
    0x08000638   0x08000638   0x0000005c   Code   RO         3562    i.DHT11_Check       dht11.o
    0x08000694   0x08000694   0x00000024   Code   RO         3563    i.DHT11_Init        dht11.o
    0x080006b8   0x080006b8   0x00000040   Code   RO         3564    i.DHT11_Mode        dht11.o
    0x080006f8   0x080006f8   0x00000058   Code   RO         3565    i.DHT11_Read_Bit    dht11.o
    0x08000750   0x08000750   0x0000001a   Code   RO         3566    i.DHT11_Read_Byte   dht11.o
    0x0800076a   0x0800076a   0x00000002   PAD
    0x0800076c   0x0800076c   0x00000052   Code   RO         3567    i.DHT11_Read_Data   dht11.o
    0x080007be   0x080007be   0x00000002   PAD
    0x080007c0   0x080007c0   0x00000034   Code   RO         3568    i.DHT11_Rst         dht11.o
    0x080007f4   0x080007f4   0x0000001a   Code   RO         3473    i.DWT_Delay_ms      dwt_delay.o
    0x0800080e   0x0800080e   0x00000002   PAD
    0x08000810   0x08000810   0x0000001c   Code   RO         3474    i.DWT_Delay_us      dwt_delay.o
    0x0800082c   0x0800082c   0x0000003c   Code   RO         3477    i.DWT_Init          dwt_delay.o
    0x08000868   0x08000868   0x00000002   Code   RO          311    i.DebugMon_Handler  stm32f1xx_it.o
    0x0800086a   0x0800086a   0x00000002   PAD
    0x0800086c   0x0800086c   0x000000f4   Code   RO         4047    i.DrawDataPage      app_display.o
    0x08000960   0x08000960   0x000001a0   Code   RO         4048    i.DrawThresholdPage  app_display.o
    0x08000b00   0x08000b00   0x00000088   Code   RO         4049    i.DrawWiFiPage      app_display.o
    0x08000b88   0x08000b88   0x00000004   Code   RO           13    i.Error_Handler     main.o
    0x08000b8c   0x08000b8c   0x000000fc   Code   RO          439    i.HAL_ADC_ConfigChannel  stm32f1xx_hal_adc.o
    0x08000c88   0x08000c88   0x00000006   Code   RO          446    i.HAL_ADC_GetValue  stm32f1xx_hal_adc.o
    0x08000c8e   0x08000c8e   0x00000002   PAD
    0x08000c90   0x08000c90   0x0000011c   Code   RO          448    i.HAL_ADC_Init      stm32f1xx_hal_adc.o
    0x08000dac   0x08000dac   0x00000058   Code   RO          269    i.HAL_ADC_MspInit   adc.o
    0x08000e04   0x08000e04   0x000000c0   Code   RO          454    i.HAL_ADC_Start     stm32f1xx_hal_adc.o
    0x08000ec4   0x08000ec4   0x000001e0   Code   RO         1026    i.HAL_GPIO_Init     stm32f1xx_hal_gpio.o
    0x080010a4   0x080010a4   0x0000000a   Code   RO         1028    i.HAL_GPIO_ReadPin  stm32f1xx_hal_gpio.o
    0x080010ae   0x080010ae   0x0000000a   Code   RO         1030    i.HAL_GPIO_WritePin  stm32f1xx_hal_gpio.o
    0x080010b8   0x080010b8   0x0000000c   Code   RO          720    i.HAL_GetTick       stm32f1xx_hal.o
    0x080010c4   0x080010c4   0x00000010   Code   RO          726    i.HAL_IncTick       stm32f1xx_hal.o
    0x080010d4   0x080010d4   0x00000024   Code   RO          727    i.HAL_Init          stm32f1xx_hal.o
    0x080010f8   0x080010f8   0x00000040   Code   RO          728    i.HAL_InitTick      stm32f1xx_hal.o
    0x08001138   0x08001138   0x00000048   Code   RO          373    i.HAL_MspInit       stm32f1xx_hal_msp.o
    0x08001180   0x08001180   0x00000040   Code   RO         1192    i.HAL_NVIC_SetPriority  stm32f1xx_hal_cortex.o
    0x080011c0   0x080011c0   0x00000024   Code   RO         1193    i.HAL_NVIC_SetPriorityGrouping  stm32f1xx_hal_cortex.o
    0x080011e4   0x080011e4   0x000000ec   Code   RO          988    i.HAL_RCCEx_PeriphCLKConfig  stm32f1xx_hal_rcc_ex.o
    0x080012d0   0x080012d0   0x0000012c   Code   RO          884    i.HAL_RCC_ClockConfig  stm32f1xx_hal_rcc.o
    0x080013fc   0x080013fc   0x0000004c   Code   RO          893    i.HAL_RCC_GetSysClockFreq  stm32f1xx_hal_rcc.o
    0x08001448   0x08001448   0x00000320   Code   RO          896    i.HAL_RCC_OscConfig  stm32f1xx_hal_rcc.o
    0x08001768   0x08001768   0x00000028   Code   RO         1197    i.HAL_SYSTICK_Config  stm32f1xx_hal_cortex.o
    0x08001790   0x08001790   0x00000120   Code   RO         4050    i.HandleKey         app_display.o
    0x080018b0   0x080018b0   0x00000002   Code   RO          312    i.HardFault_Handler  stm32f1xx_it.o
    0x080018b2   0x080018b2   0x00000002   PAD
    0x080018b4   0x080018b4   0x00000060   Code   RO         3943    i.I2C_Ack           soft_i2c.o
    0x08001914   0x08001914   0x00000054   Code   RO         3944    i.I2C_NAck          soft_i2c.o
    0x08001968   0x08001968   0x00000068   Code   RO         3945    i.I2C_ReadByte      soft_i2c.o
    0x080019d0   0x080019d0   0x00000078   Code   RO         3946    i.I2C_SendByte      soft_i2c.o
    0x08001a48   0x08001a48   0x00000060   Code   RO         3947    i.I2C_Start         soft_i2c.o
    0x08001aa8   0x08001aa8   0x00000054   Code   RO         3948    i.I2C_Stop          soft_i2c.o
    0x08001afc   0x08001afc   0x00000064   Code   RO         3949    i.I2C_WaitAck       soft_i2c.o
    0x08001b60   0x08001b60   0x00000050   Code   RO          270    i.MX_ADC1_Init      adc.o
    0x08001bb0   0x08001bb0   0x00000084   Code   RO          220    i.MX_FREERTOS_Init  freertos.o
    0x08001c34   0x08001c34   0x000000c0   Code   RO          196    i.MX_GPIO_Init      gpio.o
    0x08001cf4   0x08001cf4   0x00000002   Code   RO          313    i.MemManage_Handler  stm32f1xx_it.o
    0x08001cf6   0x08001cf6   0x00000002   Code   RO          314    i.NMI_Handler       stm32f1xx_it.o
    0x08001cf8   0x08001cf8   0x00000028   Code   RO         3646    i.OLED_Clear        oled.o
    0x08001d20   0x08001d20   0x0000005c   Code   RO         3647    i.OLED_ClearArea    oled.o
    0x08001d7c   0x08001d7c   0x00000026   Code   RO         3655    i.OLED_GPIO_Init    oled.o
    0x08001da2   0x08001da2   0x0000003a   Code   RO         3657    i.OLED_I2C_SendByte  oled.o
    0x08001ddc   0x08001ddc   0x0000001e   Code   RO         3658    i.OLED_I2C_Start    oled.o
    0x08001dfa   0x08001dfa   0x00000018   Code   RO         3659    i.OLED_I2C_Stop     oled.o
    0x08001e12   0x08001e12   0x0000009c   Code   RO         3660    i.OLED_Init         oled.o
    0x08001eae   0x08001eae   0x0000000e   Code   RO         3662    i.OLED_Pow          oled.o
    0x08001ebc   0x08001ebc   0x00000022   Code   RO         3666    i.OLED_SetCursor    oled.o
    0x08001ede   0x08001ede   0x00000002   PAD
    0x08001ee0   0x08001ee0   0x0000003c   Code   RO         3668    i.OLED_ShowChar     oled.o
    0x08001f1c   0x08001f1c   0x000000be   Code   RO         3669    i.OLED_ShowFloatNum  oled.o
    0x08001fda   0x08001fda   0x00000048   Code   RO         3670    i.OLED_ShowHexNum   oled.o
    0x08002022   0x08002022   0x00000002   PAD
    0x08002024   0x08002024   0x000000bc   Code   RO         3671    i.OLED_ShowImage    oled.o
    0x080020e0   0x080020e0   0x00000046   Code   RO         3672    i.OLED_ShowNum      oled.o
    0x08002126   0x08002126   0x00000002   PAD
    0x08002128   0x08002128   0x000000dc   Code   RO         3674    i.OLED_ShowString   oled.o
    0x08002204   0x08002204   0x00000028   Code   RO         3675    i.OLED_Update       oled.o
    0x0800222c   0x0800222c   0x00000018   Code   RO         3677    i.OLED_W_SCL        oled.o
    0x08002244   0x08002244   0x00000018   Code   RO         3678    i.OLED_W_SDA        oled.o
    0x0800225c   0x0800225c   0x00000022   Code   RO         3679    i.OLED_WriteCommand  oled.o
    0x0800227e   0x0800227e   0x00000030   Code   RO         3680    i.OLED_WriteData    oled.o
    0x080022ae   0x080022ae   0x00000002   PAD
    0x080022b0   0x080022b0   0x00000054   Code   RO         3950    i.SOFT_I2C_Init     soft_i2c.o
    0x08002304   0x08002304   0x0000000c   Code   RO         3895    i.SoilMoisture_Init  soil_moisture.o
    0x08002310   0x08002310   0x00000074   Code   RO         3896    i.SoilMoisture_Read  soil_moisture.o
    0x08002384   0x08002384   0x00000098   Code   RO         4051    i.StartDisplayTask  app_display.o
    0x0800241c   0x0800241c   0x00000094   Code   RO         4173    i.StartInputTask    app_input.o
    0x080024b0   0x080024b0   0x00000080   Code   RO         4133    i.StartSensorTask   app_sensor.o
    0x08002530   0x08002530   0x00000018   Code   RO          315    i.SysTick_Handler   stm32f1xx_it.o
    0x08002548   0x08002548   0x00000078   Code   RO           14    i.SystemClock_Config  main.o
    0x080025c0   0x080025c0   0x00000002   Code   RO         1687    i.SystemInit        system_stm32f1xx.o
    0x080025c2   0x080025c2   0x00000002   Code   RO          316    i.UsageFault_Handler  stm32f1xx_it.o
    0x080025c4   0x080025c4   0x00000020   Code   RO         1199    i.__NVIC_SetPriority  stm32f1xx_hal_cortex.o
    0x080025e4   0x080025e4   0x00000022   Code   RO           15    i.main              main.o
    0x08002606   0x08002606   0x00000002   PAD
    0x08002608   0x08002608   0x00000024   Code   RO         2846    i.osKernelInitialize  cmsis_os2.o
    0x0800262c   0x0800262c   0x00000038   Code   RO         2849    i.osKernelStart     cmsis_os2.o
    0x08002664   0x08002664   0x0000005c   Code   RO         2295    i.prvAddCurrentTaskToDelayedList  tasks.o
    0x080026c0   0x080026c0   0x000000d0   Code   RO         2296    i.prvAddNewTaskToReadyList  tasks.o
    0x08002790   0x08002790   0x00000058   Code   RO         2660    i.prvCheckForValidListAndQueue  timers.o
    0x080027e8   0x080027e8   0x00000026   Code   RO         1892    i.prvCopyDataFromQueue  queue.o
    0x0800280e   0x0800280e   0x0000006c   Code   RO         1893    i.prvCopyDataToQueue  queue.o
    0x0800287a   0x0800287a   0x00000034   Code   RO         2297    i.prvDeleteTCB      tasks.o
    0x080028ae   0x080028ae   0x00000002   PAD
    0x080028b0   0x080028b0   0x0000004c   Code   RO         3338    i.prvHeapInit       heap_4.o
    0x080028fc   0x080028fc   0x00000060   Code   RO         2298    i.prvIdleTask       tasks.o
    0x0800295c   0x0800295c   0x00000022   Code   RO         1895    i.prvInitialiseNewQueue  queue.o
    0x0800297e   0x0800297e   0x00000002   PAD
    0x08002980   0x08002980   0x000000b0   Code   RO         2299    i.prvInitialiseNewTask  tasks.o
    0x08002a30   0x08002a30   0x0000004c   Code   RO         3339    i.prvInsertBlockIntoFreeList  heap_4.o
    0x08002a7c   0x08002a7c   0x00000038   Code   RO         2662    i.prvInsertTimerInActiveList  timers.o
    0x08002ab4   0x08002ab4   0x0000001c   Code   RO         1896    i.prvIsQueueEmpty   queue.o
    0x08002ad0   0x08002ad0   0x000000fc   Code   RO         2663    i.prvProcessReceivedCommands  timers.o
    0x08002bcc   0x08002bcc   0x000000c0   Code   RO         2664    i.prvProcessTimerOrBlockTask  timers.o
    0x08002c8c   0x08002c8c   0x00000020   Code   RO         2301    i.prvResetNextTaskUnblockTime  tasks.o
    0x08002cac   0x08002cac   0x00000028   Code   RO         2665    i.prvSampleTimeNow  timers.o
    0x08002cd4   0x08002cd4   0x0000006c   Code   RO         2666    i.prvSwitchTimerLists  timers.o
    0x08002d40   0x08002d40   0x00000028   Code   RO         3394    i.prvTaskExitError  port.o
    0x08002d68   0x08002d68   0x00000024   Code   RO         2667    i.prvTimerTask      timers.o
    0x08002d8c   0x08002d8c   0x0000006a   Code   RO         1897    i.prvUnlockQueue    queue.o
    0x08002df6   0x08002df6   0x00000002   PAD
    0x08002df8   0x08002df8   0x000000dc   Code   RO         3340    i.pvPortMalloc      heap_4.o
    0x08002ed4   0x08002ed4   0x00000024   Code   RO         3395    i.pxPortInitialiseStack  port.o
    0x08002ef8   0x08002ef8   0x00000094   Code   RO         4280    i.round             m_ws.l(round.o)
    0x08002f8c   0x08002f8c   0x00000026   Code   RO         1852    i.uxListRemove      list.o
    0x08002fb2   0x08002fb2   0x00000002   PAD
    0x08002fb4   0x08002fb4   0x00000014   Code   RO         2903    i.vApplicationGetIdleTaskMemory  cmsis_os2.o
    0x08002fc8   0x08002fc8   0x00000018   Code   RO         2904    i.vApplicationGetTimerTaskMemory  cmsis_os2.o
    0x08002fe0   0x08002fe0   0x00000016   Code   RO         1853    i.vListInitialise   list.o
    0x08002ff6   0x08002ff6   0x00000006   Code   RO         1854    i.vListInitialiseItem  list.o
    0x08002ffc   0x08002ffc   0x00000030   Code   RO         1855    i.vListInsert       list.o
    0x0800302c   0x0800302c   0x00000018   Code   RO         1856    i.vListInsertEnd    list.o
    0x08003044   0x08003044   0x00000040   Code   RO         3397    i.vPortEnterCritical  port.o
    0x08003084   0x08003084   0x00000028   Code   RO         3398    i.vPortExitCritical  port.o
    0x080030ac   0x080030ac   0x00000064   Code   RO         3341    i.vPortFree         heap_4.o
    0x08003110   0x08003110   0x00000024   Code   RO         3399    i.vPortSetupTimerInterrupt  port.o
    0x08003134   0x08003134   0x00000054   Code   RO         3400    i.vPortValidateInterruptPriority  port.o
    0x08003188   0x08003188   0x00000028   Code   RO         1903    i.vQueueAddToRegistry  queue.o
    0x080031b0   0x080031b0   0x00000044   Code   RO         1907    i.vQueueWaitForMessageRestricted  queue.o
    0x080031f4   0x080031f4   0x0000004c   Code   RO         2314    i.vTaskDelay        tasks.o
    0x08003240   0x08003240   0x0000008c   Code   RO         2315    i.vTaskDelayUntil   tasks.o
    0x080032cc   0x080032cc   0x00000010   Code   RO         2319    i.vTaskInternalSetTimeOutState  tasks.o
    0x080032dc   0x080032dc   0x0000000c   Code   RO         2320    i.vTaskMissedYield  tasks.o
    0x080032e8   0x080032e8   0x00000030   Code   RO         2322    i.vTaskPlaceOnEventList  tasks.o
    0x08003318   0x08003318   0x00000038   Code   RO         2323    i.vTaskPlaceOnEventListRestricted  tasks.o
    0x08003350   0x08003350   0x00000088   Code   RO         2331    i.vTaskStartScheduler  tasks.o
    0x080033d8   0x080033d8   0x00000010   Code   RO         2333    i.vTaskSuspendAll   tasks.o
    0x080033e8   0x080033e8   0x00000064   Code   RO         2334    i.vTaskSwitchContext  tasks.o
    0x0800344c   0x0800344c   0x000000a8   Code   RO         3401    i.xPortStartScheduler  port.o
    0x080034f4   0x080034f4   0x0000002c   Code   RO         3402    i.xPortSysTickHandler  port.o
    0x08003520   0x08003520   0x00000042   Code   RO         1912    i.xQueueGenericCreate  queue.o
    0x08003562   0x08003562   0x00000066   Code   RO         1913    i.xQueueGenericCreateStatic  queue.o
    0x080035c8   0x080035c8   0x00000088   Code   RO         1914    i.xQueueGenericReset  queue.o
    0x08003650   0x08003650   0x00000160   Code   RO         1915    i.xQueueGenericSend  queue.o
    0x080037b0   0x080037b0   0x000000be   Code   RO         1916    i.xQueueGenericSendFromISR  queue.o
    0x0800386e   0x0800386e   0x00000002   PAD
    0x08003870   0x08003870   0x00000138   Code   RO         1925    i.xQueueReceive     queue.o
    0x080039a8   0x080039a8   0x00000074   Code   RO         2336    i.xTaskCheckForTimeOut  tasks.o
    0x08003a1c   0x08003a1c   0x0000005a   Code   RO         2337    i.xTaskCreate       tasks.o
    0x08003a76   0x08003a76   0x00000056   Code   RO         2338    i.xTaskCreateStatic  tasks.o
    0x08003acc   0x08003acc   0x0000001c   Code   RO         2342    i.xTaskGetSchedulerState  tasks.o
    0x08003ae8   0x08003ae8   0x0000000c   Code   RO         2343    i.xTaskGetTickCount  tasks.o
    0x08003af4   0x08003af4   0x000000c8   Code   RO         2345    i.xTaskIncrementTick  tasks.o
    0x08003bbc   0x08003bbc   0x00000080   Code   RO         2348    i.xTaskPriorityDisinherit  tasks.o
    0x08003c3c   0x08003c3c   0x00000070   Code   RO         2350    i.xTaskRemoveFromEventList  tasks.o
    0x08003cac   0x08003cac   0x000000c4   Code   RO         2351    i.xTaskResumeAll    tasks.o
    0x08003d70   0x08003d70   0x00000060   Code   RO         2676    i.xTimerCreateTimerTask  timers.o
    0x08003dd0   0x08003dd0   0x00000068   Code   RO         2677    i.xTimerGenericCommand  timers.o
    0x08003e38   0x08003e38   0x00000150   Code   RO         4216    x$fpl$dadd          fz_ws.l(daddsub_clz.o)
    0x08003f88   0x08003f88   0x00000018   Code   RO         4380    x$fpl$dcmpinf       fz_ws.l(dcmpi.o)
    0x08003fa0   0x08003fa0   0x0000005a   Code   RO         4230    x$fpl$dfixu         fz_ws.l(dfixu.o)
    0x08003ffa   0x08003ffa   0x00000026   Code   RO         4234    x$fpl$dfltu         fz_ws.l(dflt_clz.o)
    0x08004020   0x08004020   0x00000078   Code   RO         4240    x$fpl$dleqf         fz_ws.l(dleqf.o)
    0x08004098   0x08004098   0x00000154   Code   RO         4242    x$fpl$dmul          fz_ws.l(dmul.o)
    0x080041ec   0x080041ec   0x0000009c   Code   RO         4382    x$fpl$dnaninf       fz_ws.l(dnaninf.o)
    0x08004288   0x08004288   0x0000000c   Code   RO         4384    x$fpl$dretinf       fz_ws.l(dretinf.o)
    0x08004294   0x08004294   0x0000006c   Code   RO         4244    x$fpl$drleqf        fz_ws.l(drleqf.o)
    0x08004300   0x08004300   0x000000b4   Code   RO         4386    x$fpl$drnd          fz_ws.l(drnd.o)
    0x080043b4   0x080043b4   0x00000016   Code   RO         4217    x$fpl$drsb          fz_ws.l(daddsub_clz.o)
    0x080043ca   0x080043ca   0x00000002   PAD
    0x080043cc   0x080043cc   0x000001d4   Code   RO         4218    x$fpl$dsub          fz_ws.l(daddsub_clz.o)
    0x080045a0   0x080045a0   0x00000056   Code   RO         4246    x$fpl$f2d           fz_ws.l(f2d.o)
    0x080045f6   0x080045f6   0x00000002   PAD
    0x080045f8   0x080045f8   0x000000c4   Code   RO         4248    x$fpl$fadd          fz_ws.l(faddsub_clz.o)
    0x080046bc   0x080046bc   0x00000184   Code   RO         4255    x$fpl$fdiv          fz_ws.l(fdiv.o)
    0x08004840   0x08004840   0x0000003e   Code   RO         4258    x$fpl$ffixu         fz_ws.l(ffixu.o)
    0x0800487e   0x0800487e   0x00000002   PAD
    0x08004880   0x08004880   0x00000030   Code   RO         4263    x$fpl$fflt          fz_ws.l(fflt_clz.o)
    0x080048b0   0x080048b0   0x00000026   Code   RO         4262    x$fpl$ffltu         fz_ws.l(fflt_clz.o)
    0x080048d6   0x080048d6   0x00000002   PAD
    0x080048d8   0x080048d8   0x00000102   Code   RO         4268    x$fpl$fmul          fz_ws.l(fmul.o)
    0x080049da   0x080049da   0x0000008c   Code   RO         4390    x$fpl$fnaninf       fz_ws.l(fnaninf.o)
    0x08004a66   0x08004a66   0x0000000a   Code   RO         4392    x$fpl$fretinf       fz_ws.l(fretinf.o)
    0x08004a70   0x08004a70   0x000000ea   Code   RO         4250    x$fpl$fsub          fz_ws.l(faddsub_clz.o)
    0x08004b5a   0x08004b5a   0x00000000   Code   RO         4402    x$fpl$usenofp       fz_ws.l(usenofp.o)
    0x08004b5a   0x08004b5a   0x00000012   Data   RO          897    .constdata          stm32f1xx_hal_rcc.o
    0x08004b6c   0x08004b6c   0x00000010   Data   RO         1688    .constdata          system_stm32f1xx.o
    0x08004b7c   0x08004b7c   0x000005f0   Data   RO         3925    .constdata          oled_data.o
    0x0800516c   0x0800516c   0x0000023a   Data   RO         3926    .constdata          oled_data.o
    0x080053a6   0x080053a6   0x000000f5   Data   RO         3927    .constdata          oled_data.o
    0x0800549b   0x0800549b   0x00000001   PAD
    0x0800549c   0x0800549c   0x00000020   Data   RO         4658    Region$$Table       anon$$obj.o


    Execution Region RW_IRAM1 (Exec base: 0x20000000, Load base: 0x080054bc, Size: 0x00004018, Max: 0x00005000, ABSOLUTE)

    Exec Addr    Load Addr    Size         Type   Attr      Idx    E Section Name        Object

    0x20000000   0x080054bc   0x00000004   Data   RW           16    .data               main.o
    0x20000004   0x080054c0   0x00000004   Data   RW           17    .data               main.o
    0x20000008   0x080054c4   0x0000000c   Data   RW          734    .data               stm32f1xx_hal.o
    0x20000014   0x080054d0   0x00000004   Data   RW         1690    .data               system_stm32f1xx.o
    0x20000018   0x080054d4   0x0000003c   Data   RW         2354    .data               tasks.o
    0x20000054   0x08005510   0x00000014   Data   RW         2685    .data               timers.o
    0x20000068   0x08005524   0x00000004   Data   RW         2906    .data               cmsis_os2.o
    0x2000006c   0x08005528   0x00000020   Data   RW         3347    .data               heap_4.o
    0x2000008c   0x08005548   0x0000000c   Data   RW         3403    .data               port.o
    0x20000098   0x08005554   0x00000004   Data   RW         3478    .data               dwt_delay.o
    0x2000009c   0x08005558   0x00000014   Data   RW         4052    .data               app_display.o
    0x200000b0        -       0x00000030   Zero   RW          271    .bss                adc.o
    0x200000e0        -       0x00000040   Zero   RW         1929    .bss                queue.o
    0x20000120        -       0x000004c4   Zero   RW         2353    .bss                tasks.o
    0x200005e4        -       0x00000118   Zero   RW         2684    .bss                timers.o
    0x200006fc        -       0x000006b8   Zero   RW         2905    .bss                cmsis_os2.o
    0x20000db4        -       0x00002800   Zero   RW         3346    .bss                heap_4.o
    0x200035b4        -       0x00000400   Zero   RW         3682    .bss                oled.o
    0x200039b4        -       0x00000060   Zero   RW         4475    .bss                c_w.l(libspace.o)
    0x20003a14   0x0800556c   0x00000004   PAD
    0x20003a18        -       0x00000200   Zero   RW            2    HEAP                startup_stm32f103xb.o
    0x20003c18        -       0x00000400   Zero   RW            1    STACK               startup_stm32f103xb.o


==============================================================================

Image component sizes


      Code (inc. data)   RO Data    RW Data    ZI Data      Debug   Object Name

       168         22          0          0         48       1529   adc.o
         0          0          0          0          0        464   app_alarm.o
      1236        204          0         20          0       5235   app_display.o
       148         10          0          0          0        709   app_input.o
       128          6          0          0          0        574   app_sensor.o
       122          6          0          0          0       1083   bh1750.o
       136         22          0          4       1720      55409   cmsis_os2.o
       440         32          0          0          0       3965   dht11.o
       114         28          0          4          0       1745   dwt_delay.o
         0          0          0          0          0      19496   event_groups.o
       132         44          0          0          0        455   freertos.o
       192         14          0          0          0        955   gpio.o
       472         24          0         32      10240       4383   heap_4.o
       138          0          0          0          0       3062   list.o
       158          0          0          8          0     411225   main.o
      1456         50          0          0       1024      10905   oled.o
         0          0       2335          0          0       1026   oled_data.o
       662         70          0         12          0      10381   port.o
      1580         20          0          0         64      15954   queue.o
       768         46          0          0          0       4592   soft_i2c.o
       128         20          0          0          0       1332   soil_moisture.o
        64         26        236          0       1536        788   startup_stm32f103xb.o
       128         24          0         12          0       5105   stm32f1xx_hal.o
       944         42          0          0          0       4740   stm32f1xx_hal_adc.o
       172         14          0          0          0      27854   stm32f1xx_hal_cortex.o
       500         34          0          0          0       3047   stm32f1xx_hal_gpio.o
        72         10          0          0          0        826   stm32f1xx_hal_msp.o
      1176         60         18          0          0       3638   stm32f1xx_hal_rcc.o
       236         12          0          0          0       1284   stm32f1xx_hal_rcc_ex.o
        36          0          0          0          0       2931   stm32f1xx_it.o
         0          0          0          0          0        392   stream_buffer.o
         2          0         16          4          0       1047   system_stm32f1xx.o
      2224        176          0         60       1220      24978   tasks.o
       972         80          0         20        280      28471   timers.o

    ----------------------------------------------------------------------
     14740       1096       2638        176      16132     659580   Object Totals
         0          0         32          0          0          0   (incl. Generated)
        36          0          1          0          0          0   (incl. Padding)

    ----------------------------------------------------------------------

      Code (inc. data)   RO Data    RW Data    ZI Data      Debug   Library Member Name

         8          0          0          0          0         68   __main.o
         0          0          0          0          0          0   __rtentry.o
        12          0          0          0          0          0   __rtentry2.o
         6          0          0          0          0          0   __rtentry4.o
        52          8          0          0          0          0   __scatter.o
        26          0          0          0          0          0   __scatter_copy.o
        28          0          0          0          0          0   __scatter_zi.o
        16          0          0          0          0         68   aeabi_memset.o
        12          0          0          0          0         72   exit.o
         6          0          0          0          0        152   heapauxi.o
         0          0          0          0          0          0   indicate_semi.o
         2          0          0          0          0          0   libinit.o
         2          0          0          0          0          0   libinit2.o
         2          0          0          0          0          0   libshutdown.o
         2          0          0          0          0          0   libshutdown2.o
         8          4          0          0         96         68   libspace.o
        68          0          0          0          0         68   rt_memclr.o
        78          0          0          0          0         80   rt_memclr_w.o
       138          0          0          0          0         68   rt_memcpy_v6.o
       100          0          0          0          0         80   rt_memcpy_w.o
         2          0          0          0          0          0   rtexit.o
        10          0          0          0          0          0   rtexit2.o
       128          0          0          0          0         68   strcmpv7m.o
        12          4          0          0          0         68   sys_exit.o
        74          0          0          0          0         80   sys_stackheap_outer.o
         2          0          0          0          0         68   use_no_semi.o
       826         16          0          0          0        348   daddsub_clz.o
        24          0          0          0          0         68   dcmpi.o
        90          4          0          0          0         92   dfixu.o
        38          0          0          0          0         68   dflt_clz.o
       120          4          0          0          0         92   dleqf.o
       340         12          0          0          0        104   dmul.o
       156          4          0          0          0         92   dnaninf.o
        12          0          0          0          0         68   dretinf.o
       108          0          0          0          0         80   drleqf.o
       180          4          0          0          0         80   drnd.o
        86          4          0          0          0         84   f2d.o
       430          8          0          0          0        168   faddsub_clz.o
       388         76          0          0          0         96   fdiv.o
        62          4          0          0          0         84   ffixu.o
        86          0          0          0          0        136   fflt_clz.o
       258          4          0          0          0         84   fmul.o
       140          4          0          0          0         84   fnaninf.o
        10          0          0          0          0         68   fretinf.o
         0          0          0          0          0          0   usenofp.o
       148         12          0          0          0         88   round.o

    ----------------------------------------------------------------------
      4314        172          0          0        100       2992   Library Totals
        18          0          0          0          4          0   (incl. Padding)

    ----------------------------------------------------------------------

      Code (inc. data)   RO Data    RW Data    ZI Data      Debug   Library Name

       794         16          0          0         96       1008   c_w.l
      3354        144          0          0          0       1896   fz_ws.l
       148         12          0          0          0         88   m_ws.l

    ----------------------------------------------------------------------
      4314        172          0          0        100       2992   Library Totals

    ----------------------------------------------------------------------

==============================================================================


      Code (inc. data)   RO Data    RW Data    ZI Data      Debug   

     19054       1268       2638        176      16232     653156   Grand Totals
     19054       1268       2638        176      16232     653156   ELF Image Totals
     19054       1268       2638        176          0          0   ROM Totals

==============================================================================

    Total RO  Size (Code + RO Data)                21692 (  21.18kB)
    Total RW  Size (RW Data + ZI Data)             16408 (  16.02kB)
    Total ROM Size (Code + RO Data + RW Data)      21868 (  21.36kB)

==============================================================================

