Component: ARM Compiler 5.05 update 1 (build 106) Tool: armlink [4d0efa]

==============================================================================

Section Cross References

    startup_stm32f103xb.o(STACK) refers (Special) to heapauxi.o(.text) for __use_two_region_memory
    startup_stm32f103xb.o(HEAP) refers (Special) to heapauxi.o(.text) for __use_two_region_memory
    startup_stm32f103xb.o(RESET) refers (Special) to heapauxi.o(.text) for __use_two_region_memory
    startup_stm32f103xb.o(RESET) refers to startup_stm32f103xb.o(STACK) for __initial_sp
    startup_stm32f103xb.o(RESET) refers to startup_stm32f103xb.o(.text) for Reset_Handler
    startup_stm32f103xb.o(RESET) refers to stm32f1xx_it.o(i.NMI_Handler) for NMI_Handler
    startup_stm32f103xb.o(RESET) refers to stm32f1xx_it.o(i.HardFault_Handler) for HardFault_Handler
    startup_stm32f103xb.o(RESET) refers to stm32f1xx_it.o(i.MemManage_Handler) for MemManage_Handler
    startup_stm32f103xb.o(RESET) refers to stm32f1xx_it.o(i.BusFault_Handler) for BusFault_Handler
    startup_stm32f103xb.o(RESET) refers to stm32f1xx_it.o(i.UsageFault_Handler) for UsageFault_Handler
    startup_stm32f103xb.o(RESET) refers to port.o(.emb_text) for SVC_Handler
    startup_stm32f103xb.o(RESET) refers to stm32f1xx_it.o(i.DebugMon_Handler) for DebugMon_Handler
    startup_stm32f103xb.o(RESET) refers to stm32f1xx_it.o(i.SysTick_Handler) for SysTick_Handler
    startup_stm32f103xb.o(RESET) refers to stm32f1xx_it.o(i.USART1_IRQHandler) for USART1_IRQHandler
    startup_stm32f103xb.o(.text) refers (Special) to heapauxi.o(.text) for __use_two_region_memory
    startup_stm32f103xb.o(.text) refers to system_stm32f1xx.o(i.SystemInit) for SystemInit
    startup_stm32f103xb.o(.text) refers to __main.o(!!!main) for __main
    startup_stm32f103xb.o(.text) refers to startup_stm32f103xb.o(HEAP) for Heap_Mem
    startup_stm32f103xb.o(.text) refers to startup_stm32f103xb.o(STACK) for Stack_Mem
    main.o(i.SystemClock_Config) refers to rt_memclr_w.o(.text) for __aeabi_memclr4
    main.o(i.SystemClock_Config) refers to stm32f1xx_hal_rcc.o(i.HAL_RCC_OscConfig) for HAL_RCC_OscConfig
    main.o(i.SystemClock_Config) refers to stm32f1xx_hal_rcc.o(i.HAL_RCC_ClockConfig) for HAL_RCC_ClockConfig
    main.o(i.SystemClock_Config) refers to stm32f1xx_hal_rcc_ex.o(i.HAL_RCCEx_PeriphCLKConfig) for HAL_RCCEx_PeriphCLKConfig
    main.o(i.main) refers to stm32f1xx_hal.o(i.HAL_Init) for HAL_Init
    main.o(i.main) refers to main.o(i.SystemClock_Config) for SystemClock_Config
    main.o(i.main) refers to gpio.o(i.MX_GPIO_Init) for MX_GPIO_Init
    main.o(i.main) refers to adc.o(i.MX_ADC1_Init) for MX_ADC1_Init
    main.o(i.main) refers to usart_1.o(i.MX_USART1_UART_Init) for MX_USART1_UART_Init
    main.o(i.main) refers to tim.o(i.MX_TIM2_Init) for MX_TIM2_Init
    main.o(i.main) refers to dwt_delay.o(i.DWT_Init) for DWT_Init
    main.o(i.main) refers to cmsis_os2.o(i.osKernelInitialize) for osKernelInitialize
    main.o(i.main) refers to freertos.o(i.MX_FREERTOS_Init) for MX_FREERTOS_Init
    main.o(i.main) refers to cmsis_os2.o(i.osKernelStart) for osKernelStart
    gpio.o(i.MX_GPIO_Init) refers to stm32f1xx_hal_gpio.o(i.HAL_GPIO_WritePin) for HAL_GPIO_WritePin
    gpio.o(i.MX_GPIO_Init) refers to stm32f1xx_hal_gpio.o(i.HAL_GPIO_Init) for HAL_GPIO_Init
    freertos.o(i.MX_FREERTOS_Init) refers to queue.o(i.xQueueGenericCreate) for xQueueGenericCreate
    freertos.o(i.MX_FREERTOS_Init) refers to cmsis_os2.o(i.osThreadNew) for osThreadNew
    freertos.o(i.MX_FREERTOS_Init) refers to tasks.o(i.xTaskCreate) for xTaskCreate
    freertos.o(i.MX_FREERTOS_Init) refers to main.o(.data) for xSensorDataQueue
    freertos.o(i.MX_FREERTOS_Init) refers to main.o(.data) for xButtonEventQueue
    freertos.o(i.MX_FREERTOS_Init) refers to main.o(.data) for xNetworkDataQueue
    freertos.o(i.MX_FREERTOS_Init) refers to main.o(.data) for xAlarmDataQueue
    freertos.o(i.MX_FREERTOS_Init) refers to freertos.o(.constdata) for .constdata
    freertos.o(i.MX_FREERTOS_Init) refers to freertos.o(i.StartDefaultTask) for StartDefaultTask
    freertos.o(i.MX_FREERTOS_Init) refers to freertos.o(.data) for .data
    freertos.o(i.MX_FREERTOS_Init) refers to app_sensor.o(i.StartSensorTask) for StartSensorTask
    freertos.o(i.MX_FREERTOS_Init) refers to app_input.o(i.StartInputTask) for StartInputTask
    freertos.o(i.MX_FREERTOS_Init) refers to app_display.o(i.StartDisplayTask) for StartDisplayTask
    freertos.o(i.MX_FREERTOS_Init) refers to app_network.o(i.StartNetworkTask) for StartNetworkTask
    freertos.o(i.MX_FREERTOS_Init) refers to app_alarm.o(i.StartAlarmTask) for StartAlarmTask
    freertos.o(i.StartDefaultTask) refers to cmsis_os2.o(i.osDelay) for osDelay
    freertos.o(.constdata) refers to freertos.o(.conststring) for .conststring
    adc.o(i.HAL_ADC_MspDeInit) refers to stm32f1xx_hal_gpio.o(i.HAL_GPIO_DeInit) for HAL_GPIO_DeInit
[...]
    _get_lc_monetary                          - Undefined Weak Reference
    _get_lc_time                              - Undefined Weak Reference
    _getenv_init                              - Undefined Weak Reference
    _handle_redirection                       - Undefined Weak Reference
    _init_alloc                               - Undefined Weak Reference
    _init_user_alloc                          - Undefined Weak Reference
    _initio                                   - Undefined Weak Reference
    _printf_mbtowc                            - Undefined Weak Reference
    _printf_wc                                - Undefined Weak Reference
    _rand_init                                - Undefined Weak Reference
    _signal_finish                            - Undefined Weak Reference
    _signal_init                              - Undefined Weak Reference
    _terminate_alloc                          - Undefined Weak Reference
    _terminate_user_alloc                     - Undefined Weak Reference
    _terminateio                              - Undefined Weak Reference
    __Vectors_Size                           0x000000ec   Number         0  startup_stm32f103xb.o ABSOLUTE
    __Vectors                                0x08000000   Data           4  startup_stm32f103xb.o(RESET)
    __Vectors_End                            0x080000ec   Data           0  startup_stm32f103xb.o(RESET)
    __main                                   0x080000ed   Thumb Code     8  __main.o(!!!main)
    __scatterload                            0x080000f5   Thumb Code     0  __scatter.o(!!!scatter)
    __scatterload_rt2                        0x080000f5   Thumb Code    44  __scatter.o(!!!scatter)
    __scatterload_rt2_thumb_only             0x080000f5   Thumb Code     0  __scatter.o(!!!scatter)
    __scatterload_null                       0x08000103   Thumb Code     0  __scatter.o(!!!scatter)
    __scatterload_copy                       0x08000129   Thumb Code    26  __scatter_copy.o(!!handler_copy)
    __scatterload_zeroinit                   0x08000145   Thumb Code    28  __scatter_zi.o(!!handler_zi)
    _printf_d                                0x08000161   Thumb Code     0  _printf_d.o(.ARM.Collect$$_printf_percent$$00000009)
    _printf_percent                          0x08000161   Thumb Code     0  _printf_percent.o(.ARM.Collect$$_printf_percent$$00000000)
    _printf_s                                0x08000167   Thumb Code     0  _printf_s.o(.ARM.Collect$$_printf_percent$$00000014)
    _printf_percent_end                      0x0800016d   Thumb Code     0  _printf_percent_end.o(.ARM.Collect$$_printf_percent$$00000017)
    __rt_lib_init                            0x08000171   Thumb Code     0  libinit.o(.ARM.Collect$$libinit$$00000000)
    __rt_lib_init_alloca_1                   0x08000173   Thumb Code     0  libinit2.o(.ARM.Collect$$libinit$$0000002E)
    __rt_lib_init_argv_1                     0x08000173   Thumb Code     0  libinit2.o(.ARM.Collect$$libinit$$0000002C)
    __rt_lib_init_atexit_1                   0x08000173   Thumb Code     0  libinit2.o(.ARM.Collect$$libinit$$0000001B)
    __rt_lib_init_clock_1                    0x08000173   Thumb Code     0  libinit2.o(.ARM.Collect$$libinit$$00000021)
    __rt_lib_init_cpp_1                      0x08000173   Thumb Code     0  libinit2.o(.ARM.Collect$$libinit$$00000032)
    __rt_lib_init_exceptions_1               0x08000173   Thumb Code     0  libinit2.o(.ARM.Collect$$libinit$$00000030)
    __rt_lib_init_fp_1                       0x08000173   Thumb Code     0  libinit2.o(.ARM.Collect$$libinit$$00000002)
    __rt_lib_init_fp_trap_1                  0x08000173   Thumb Code     0  libinit2.o(.ARM.Collect$$libinit$$0000001F)
    __rt_lib_init_getenv_1                   0x08000173   Thumb Code     0  libinit2.o(.ARM.Collect$$libinit$$00000023)
    __rt_lib_init_heap_1                     0x08000173   Thumb Code     0  libinit2.o(.ARM.Collect$$libinit$$0000000A)
    __rt_lib_init_lc_collate_1               0x08000173   Thumb Code     0  libinit2.o(.ARM.Collect$$libinit$$00000011)
    __rt_lib_init_lc_ctype_1                 0x08000173   Thumb Code     0  libinit2.o(.ARM.Collect$$libinit$$00000013)
    __rt_lib_init_lc_monetary_1              0x08000173   Thumb Code     0  libinit2.o(.ARM.Collect$$libinit$$00000015)
    __rt_lib_init_lc_numeric_1               0x08000173   Thumb Code     0  libinit2.o(.ARM.Collect$$libinit$$00000017)
    __rt_lib_init_lc_time_1                  0x08000173   Thumb Code     0  libinit2.o(.ARM.Collect$$libinit$$00000019)
    __rt_lib_init_preinit_1                  0x08000173   Thumb Code     0  libinit2.o(.ARM.Collect$$libinit$$00000004)
    __rt_lib_init_rand_1                     0x08000173   Thumb Code     0  libinit2.o(.ARM.Collect$$libinit$$0000000E)
    __rt_lib_init_return                     0x08000173   Thumb Code     0  libinit2.o(.ARM.Collect$$libinit$$00000033)
    __rt_lib_init_signal_1                   0x08000173   Thumb Code     0  libinit2.o(.ARM.Collect$$libinit$$0000001D)
    __rt_lib_init_stdio_1                    0x08000173   Thumb Code     0  libinit2.o(.ARM.Collect$$libinit$$00000025)
    __rt_lib_init_user_alloc_1               0x08000173   Thumb Code     0  libinit2.o(.ARM.Collect$$libinit$$0000000C)
    __rt_lib_shutdown                        0x08000175   Thumb Code     0  libshutdown.o(.ARM.Collect$$libshutdown$$00000000)
    __rt_lib_shutdown_fp_trap_1              0x08000177   Thumb Code     0  libshutdown2.o(.ARM.Collect$$libshutdown$$00000006)
    __rt_lib_shutdown_heap_1                 0x08000177   Thumb Code     0  libshutdown2.o(.ARM.Collect$$libshutdown$$0000000E)
    __rt_lib_shutdown_return                 0x08000177   Thumb Code     0  libshutdown2.o(.ARM.Collect$$libshutdown$$0000000F)
    __rt_lib_shutdown_signal_1               0x08000177   Thumb Code     0  libshutdown2.o(.ARM.Collect$$libshutdown$$00000009)
    __rt_lib_shutdown_stdio_1                0x08000177   Thumb Code     0  libshutdown2.o(.ARM.Collect$$libshutdown$$00000003)
    __rt_lib_shutdown_user_alloc_1           0x08000177   Thumb Code     0  libshutdown2.o(.ARM.Collect$$libshutdown$$0000000B)
    __rt_entry                               0x08000179   Thumb Code     0  __rtentry.o(.ARM.Collect$$rtentry$$00000000)
    __rt_entry_presh_1                       0x08000179   Thumb Code     0  __rtentry2.o(.ARM.Collect$$rtentry$$00000002)
    __rt_entry_sh                            0x08000179   Thumb Code     0  __rtentry4.o(.ARM.Collect$$rtentry$$00000004)
    __rt_entry_li                            0x0800017f   Thumb Code     0  __rtentry2.o(.ARM.Collect$$rtentry$$0000000A)
    __rt_entry_postsh_1                      0x0800017f   Thumb Code     0  __rtentry2.o(.ARM.Collect$$rtentry$$00000009)
    __rt_entry_main                          0x08000183   Thumb Code     0  __rtentry2.o(.ARM.Collect$$rtentry$$0000000D)
    __rt_entry_postli_1                      0x08000183   Thumb Code     0  __rtentry2.o(.ARM.Collect$$rtentry$$0000000C)
    __rt_exit                                0x0800018b   Thumb Code     0  rtexit.o(.ARM.Collect$$rtexit$$00000000)
    __rt_exit_ls                             0x0800018d   Thumb Code     0  rtexit2.o(.ARM.Collect$$rtexit$$00000003)
    __rt_exit_prels_1                        0x0800018d   Thumb Code     0  rtexit2.o(.ARM.Collect$$rtexit$$00000002)
    __rt_exit_exit                           0x08000191   Thumb Code     0  rtexit2.o(.ARM.Collect$$rtexit$$00000004)
    SVC_Handler                              0x08000199   Thumb Code    32  port.o(.emb_text)
    __asm___6_port_c_39a90d8d__prvStartFirstTask 0x080001bd   Thumb Code    28  port.o(.emb_text)
    PendSV_Handler                           0x080001dd   Thumb Code    72  port.o(.emb_text)
    vPortGetIPSR                             0x08000229   Thumb Code     6  port.o(.emb_text)
    Reset_Handler                            0x08000231   Thumb Code     8  startup_stm32f103xb.o(.text)
    ADC1_2_IRQHandler                        0x0800024b   Thumb Code     0  startup_stm32f103xb.o(.text)
    CAN1_RX1_IRQHandler                      0x0800024b   Thumb Code     0  startup_stm32f103xb.o(.text)
    CAN1_SCE_IRQHandler                      0x0800024b   Thumb Code     0  startup_stm32f103xb.o(.text)
    DMA1_Channel1_IRQHandler                 0x0800024b   Thumb Code     0  startup_stm32f103xb.o(.text)
    DMA1_Channel2_IRQHandler                 0x0800024b   Thumb Code     0  startup_stm32f103xb.o(.text)
    DMA1_Channel3_IRQHandler                 0x0800024b   Thumb Code     0  startup_stm32f103xb.o(.text)
    DMA1_Channel4_IRQHandler                 0x0800024b   Thumb Code     0  startup_stm32f103xb.o(.text)
    DMA1_Channel5_IRQHandler                 0x0800024b   Thumb Code     0  startup_stm32f103xb.o(.text)
    DMA1_Channel6_IRQHandler                 0x0800024b   Thumb Code     0  startup_stm32f103xb.o(.text)
    DMA1_Channel7_IRQHandler                 0x0800024b   Thumb Code     0  startup_stm32f103xb.o(.text)
    EXTI0_IRQHandler                         0x0800024b   Thumb Code     0  startup_stm32f103xb.o(.text)
    EXTI15_10_IRQHandler                     0x0800024b   Thumb Code     0  startup_stm32f103xb.o(.text)
    EXTI1_IRQHandler                         0x0800024b   Thumb Code     0  startup_stm32f103xb.o(.text)
    EXTI2_IRQHandler                         0x0800024b   Thumb Code     0  startup_stm32f103xb.o(.text)
    EXTI3_IRQHandler                         0x0800024b   Thumb Code     0  startup_stm32f103xb.o(.text)
    EXTI4_IRQHandler                         0x0800024b   Thumb Code     0  startup_stm32f103xb.o(.text)
    EXTI9_5_IRQHandler                       0x0800024b   Thumb Code     0  startup_stm32f103xb.o(.text)
    FLASH_IRQHandler                         0x0800024b   Thumb Code     0  startup_stm32f103xb.o(.text)
    I2C1_ER_IRQHandler                       0x0800024b   Thumb Code     0  startup_stm32f103xb.o(.text)
    I2C1_EV_IRQHandler                       0x0800024b   Thumb Code     0  startup_stm32f103xb.o(.text)
    I2C2_ER_IRQHandler                       0x0800024b   Thumb Code     0  startup_stm32f103xb.o(.text)
    I2C2_EV_IRQHandler                       0x0800024b   Thumb Code     0  startup_stm32f103xb.o(.text)
    PVD_IRQHandler                           0x0800024b   Thumb Code     0  startup_stm32f103xb.o(.text)
    RCC_IRQHandler                           0x0800024b   Thumb Code     0  startup_stm32f103xb.o(.text)
    RTC_Alarm_IRQHandler                     0x0800024b   Thumb Code     0  startup_stm32f103xb.o(.text)
    RTC_IRQHandler                           0x0800024b   Thumb Code     0  startup_stm32f103xb.o(.text)
    SPI1_IRQHandler                          0x0800024b   Thumb Code     0  startup_stm32f103xb.o(.text)
    SPI2_IRQHandler                          0x0800024b   Thumb Code     0  startup_stm32f103xb.o(.text)
    TAMPER_IRQHandler                        0x0800024b   Thumb Code     0  startup_stm32f103xb.o(.text)
    TIM1_BRK_IRQHandler                      0x0800024b   Thumb Code     0  startup_stm32f103xb.o(.text)
    TIM1_CC_IRQHandler                       0x0800024b   Thumb Code     0  startup_stm32f103xb.o(.text)
    TIM1_TRG_COM_IRQHandler                  0x0800024b   Thumb Code     0  startup_stm32f103xb.o(.text)
    TIM1_UP_IRQHandler                       0x0800024b   Thumb Code     0  startup_stm32f103xb.o(.text)
    TIM2_IRQHandler                          0x0800024b   Thumb Code     0  startup_stm32f103xb.o(.text)
    TIM3_IRQHandler                          0x0800024b   Thumb Code     0  startup_stm32f103xb.o(.text)
    TIM4_IRQHandler                          0x0800024b   Thumb Code     0  startup_stm32f103xb.o(.text)
    USART2_IRQHandler                        0x0800024b   Thumb Code     0  startup_stm32f103xb.o(.text)
    USART3_IRQHandler                        0x0800024b   Thumb Code     0  startup_stm32f103xb.o(.text)
    USBWakeUp_IRQHandler                     0x0800024b   Thumb Code     0  startup_stm32f103xb.o(.text)
    USB_HP_CAN1_TX_IRQHandler                0x0800024b   Thumb Code     0  startup_stm32f103xb.o(.text)
    USB_LP_CAN1_RX0_IRQHandler               0x0800024b   Thumb Code     0  startup_stm32f103xb.o(.text)
    WWDG_IRQHandler                          0x0800024b   Thumb Code     0  startup_stm32f103xb.o(.text)
    __user_initial_stackheap                 0x0800024d   Thumb Code     0  startup_stm32f103xb.o(.text)
    __2snprintf                              0x08000271   Thumb Code    50  __2snprintf.o(.text)
    _printf_pre_padding                      0x080002a9   Thumb Code    44  _printf_pad.o(.text)
    _printf_post_padding                     0x080002d5   Thumb Code    34  _printf_pad.o(.text)
    _printf_str                              0x080002f7   Thumb Code    82  _printf_str.o(.text)
    _printf_int_dec                          0x08000349   Thumb Code   104  _printf_dec.o(.text)
    __printf                                 0x080003c1   Thumb Code   388  __printf_flags_ss_wp.o(.text)
    strstr                                   0x08000549   Thumb Code    36  strstr.o(.text)
    strlen                                   0x0800056d   Thumb Code    62  strlen.o(.text)
    __aeabi_memcpy                           0x080005ab   Thumb Code     0  rt_memcpy_v6.o(.text)
    __rt_memcpy                              0x080005ab   Thumb Code   138  rt_memcpy_v6.o(.text)
    _memcpy_lastbytes                        0x08000611   Thumb Code     0  rt_memcpy_v6.o(.text)
    __aeabi_memset                           0x08000635   Thumb Code    16  aeabi_memset.o(.text)
    __aeabi_memclr4                          0x08000645   Thumb Code     0  rt_memclr_w.o(.text)
    __aeabi_memclr8                          0x08000645   Thumb Code     0  rt_memclr_w.o(.text)
    __rt_memclr_w                            0x08000645   Thumb Code    78  rt_memclr_w.o(.text)
    _memset_w                                0x08000649   Thumb Code     0  rt_memclr_w.o(.text)
    strncpy                                  0x08000693   Thumb Code    86  strncpy.o(.text)
    strcmp                                   0x080006e9   Thumb Code   128  strcmpv7m.o(.text)
    __use_two_region_memory                  0x08000769   Thumb Code     2  heapauxi.o(.text)
    __rt_heap_escrow$2region                 0x0800076b   Thumb Code     2  heapauxi.o(.text)
    __rt_heap_expand$2region                 0x0800076d   Thumb Code     2  heapauxi.o(.text)
    _printf_int_common                       0x0800076f   Thumb Code   178  _printf_intcommon.o(.text)
    _printf_char_common                      0x0800082b   Thumb Code    32  _printf_char_common.o(.text)
    _sputc                                   0x08000851   Thumb Code    10  _sputc.o(.text)
    _snputc                                  0x0800085b   Thumb Code    16  _snputc.o(.text)
    _printf_cs_common                        0x0800086b   Thumb Code    20  _printf_char.o(.text)
    _printf_char                             0x0800087f   Thumb Code    16  _printf_char.o(.text)
    _printf_string                           0x0800088f   Thumb Code     8  _printf_char.o(.text)
    __aeabi_memcpy4                          0x08000897   Thumb Code     0  rt_memcpy_w.o(.text)
    __aeabi_memcpy8                          0x08000897   Thumb Code     0  rt_memcpy_w.o(.text)
    __rt_memcpy_w                            0x08000897   Thumb Code   100  rt_memcpy_w.o(.text)
    _memcpy_lastbytes_aligned                0x080008df   Thumb Code     0  rt_memcpy_w.o(.text)
    __aeabi_memclr                           0x080008fb   Thumb Code     0  rt_memclr.o(.text)
    __rt_memclr                              0x080008fb   Thumb Code    68  rt_memclr.o(.text)
    _memset                                  0x080008ff   Thumb Code     0  rt_memclr.o(.text)
    __user_libspace                          0x08000941   Thumb Code     8  libspace.o(.text)
    __user_perproc_libspace                  0x08000941   Thumb Code     0  libspace.o(.text)
    __user_perthread_libspace                0x08000941   Thumb Code     0  libspace.o(.text)
    __user_setup_stackheap                   0x08000949   Thumb Code    74  sys_stackheap_outer.o(.text)
    exit                                     0x08000993   Thumb Code    12  exit.o(.text)
    _sys_exit                                0x080009a1   Thumb Code     8  sys_exit.o(.text)
    __I$use$semihosting                      0x080009ad   Thumb Code     0  use_no_semi.o(.text)
    __use_no_semihosting_swi                 0x080009ad   Thumb Code     2  use_no_semi.o(.text)
    __semihosting_library_function           0x080009af   Thumb Code     0  indicate_semi.o(.text)
    ADC_ConversionStop_Disable               0x080009b1   Thumb Code    86  stm32f1xx_hal_adc.o(i.ADC_ConversionStop_Disable)
    ADC_Enable                               0x08000a09   Thumb Code   114  stm32f1xx_hal_adc.o(i.ADC_Enable)
    BH1750_Get_Lux                           0x08000a85   Thumb Code    74  bh1750.o(i.BH1750_Get_Lux)
    BH1750_Init                              0x08000ad5   Thumb Code    42  bh1750.o(i.BH1750_Init)
    BusFault_Handler                         0x08000aff   Thumb Code     2  stm32f1xx_it.o(i.BusFault_Handler)
    DHT11_Check                              0x08000b01   Thumb Code    86  dht11.o(i.DHT11_Check)
    DHT11_Init                               0x08000b5d   Thumb Code    30  dht11.o(i.DHT11_Init)
    DHT11_Mode                               0x08000b81   Thumb Code    56  dht11.o(i.DHT11_Mode)
    DHT11_Read_Bit                           0x08000bc1   Thumb Code    82  dht11.o(i.DHT11_Read_Bit)
    DHT11_Read_Byte                          0x08000c19   Thumb Code    26  dht11.o(i.DHT11_Read_Byte)
    DHT11_Read_Data                          0x08000c35   Thumb Code    82  dht11.o(i.DHT11_Read_Data)
    DHT11_Rst                                0x08000c89   Thumb Code    46  dht11.o(i.DHT11_Rst)
    DWT_Delay_ms                             0x08000cbd   Thumb Code    26  dwt_delay.o(i.DWT_Delay_ms)
    DWT_Delay_us                             0x08000cd9   Thumb Code    20  dwt_delay.o(i.DWT_Delay_us)
    DWT_Init                                 0x08000cf5   Thumb Code    40  dwt_delay.o(i.DWT_Init)
    DebugMon_Handler                         0x08000d31   Thumb Code     2  stm32f1xx_it.o(i.DebugMon_Handler)
    ESP8266_GetSubRecv                       0x080010b1   Thumb Code    38  esp8266.o(i.ESP8266_GetSubRecv)
    ESP8266_RxBuf_Clear                      0x080010e1   Thumb Code    16  esp8266.o(i.ESP8266_RxBuf_Clear)
    ESP8266_SendCmd                          0x0800114d   Thumb Code   156  esp8266.o(i.ESP8266_SendCmd)
    ESP8266_SendData                         0x08001201   Thumb Code    26  esp8266.o(i.ESP8266_SendData)
    ESP8266_UART_StartRx                     0x08001221   Thumb Code    10  esp8266.o(i.ESP8266_UART_StartRx)
    ESP8266_WaitResponse                     0x08001235   Thumb Code   122  esp8266.o(i.ESP8266_WaitResponse)
    Error_Handler                            0x080012c1   Thumb Code     4  main.o(i.Error_Handler)
    HAL_ADC_ConfigChannel                    0x080012c5   Thumb Code   240  stm32f1xx_hal_adc.o(i.HAL_ADC_ConfigChannel)
    HAL_ADC_GetValue                         0x080013c1   Thumb Code     6  stm32f1xx_hal_adc.o(i.HAL_ADC_GetValue)
    HAL_ADC_Init                             0x080013c9   Thumb Code   272  stm32f1xx_hal_adc.o(i.HAL_ADC_Init)
    HAL_ADC_MspInit                          0x080014e5   Thumb Code    76  adc.o(i.HAL_ADC_MspInit)
    HAL_ADC_Start                            0x0800153d   Thumb Code   184  stm32f1xx_hal_adc.o(i.HAL_ADC_Start)
    HAL_DMA_Abort                            0x080015fd   Thumb Code    70  stm32f1xx_hal_dma.o(i.HAL_DMA_Abort)
    HAL_DMA_Abort_IT                         0x08001645   Thumb Code   148  stm32f1xx_hal_dma.o(i.HAL_DMA_Abort_IT)
    HAL_GPIO_Init                            0x080016dd   Thumb Code   446  stm32f1xx_hal_gpio.o(i.HAL_GPIO_Init)
    HAL_GPIO_ReadPin                         0x080018bd   Thumb Code    10  stm32f1xx_hal_gpio.o(i.HAL_GPIO_ReadPin)
    HAL_GPIO_WritePin                        0x080018c7   Thumb Code    10  stm32f1xx_hal_gpio.o(i.HAL_GPIO_WritePin)
    HAL_GetTick                              0x080018d1   Thumb Code     6  stm32f1xx_hal.o(i.HAL_GetTick)
    HAL_IncTick                              0x080018dd   Thumb Code    12  stm32f1xx_hal.o(i.HAL_IncTick)
    HAL_Init                                 0x080018ed   Thumb Code    32  stm32f1xx_hal.o(i.HAL_Init)
    HAL_InitTick                             0x08001911   Thumb Code    54  stm32f1xx_hal.o(i.HAL_InitTick)
    HAL_MspInit                              0x08001951   Thumb Code    62  stm32f1xx_hal_msp.o(i.HAL_MspInit)
    HAL_NVIC_EnableIRQ                       0x08001999   Thumb Code    26  stm32f1xx_hal_cortex.o(i.HAL_NVIC_EnableIRQ)
    HAL_NVIC_SetPriority                     0x080019b5   Thumb Code    60  stm32f1xx_hal_cortex.o(i.HAL_NVIC_SetPriority)
    HAL_NVIC_SetPriorityGrouping             0x080019f5   Thumb Code    26  stm32f1xx_hal_cortex.o(i.HAL_NVIC_SetPriorityGrouping)
    HAL_RCCEx_PeriphCLKConfig                0x08001a19   Thumb Code   224  stm32f1xx_hal_rcc_ex.o(i.HAL_RCCEx_PeriphCLKConfig)
    HAL_RCC_ClockConfig                      0x08001b05   Thumb Code   280  stm32f1xx_hal_rcc.o(i.HAL_RCC_ClockConfig)
    HAL_RCC_GetPCLK1Freq                     0x08001c31   Thumb Code    20  stm32f1xx_hal_rcc.o(i.HAL_RCC_GetPCLK1Freq)
    HAL_RCC_GetPCLK2Freq                     0x08001c51   Thumb Code    20  stm32f1xx_hal_rcc.o(i.HAL_RCC_GetPCLK2Freq)
    HAL_RCC_GetSysClockFreq                  0x08001c71   Thumb Code    58  stm32f1xx_hal_rcc.o(i.HAL_RCC_GetSysClockFreq)
    HAL_RCC_OscConfig                        0x08001cbd   Thumb Code   778  stm32f1xx_hal_rcc.o(i.HAL_RCC_OscConfig)
    HAL_SYSTICK_Config                       0x08001fdd   Thumb Code    40  stm32f1xx_hal_cortex.o(i.HAL_SYSTICK_Config)
    HAL_TIMEx_MasterConfigSynchronization    0x08002005   Thumb Code    92  stm32f1xx_hal_tim_ex.o(i.HAL_TIMEx_MasterConfigSynchronization)
    HAL_TIM_Base_Init                        0x0800206d   Thumb Code    90  stm32f1xx_hal_tim.o(i.HAL_TIM_Base_Init)
    HAL_TIM_Base_MspInit                     0x080020c9   Thumb Code    30  tim.o(i.HAL_TIM_Base_MspInit)
    HAL_TIM_ConfigClockSource                0x080020ed   Thumb Code   220  stm32f1xx_hal_tim.o(i.HAL_TIM_ConfigClockSource)
    HAL_TIM_MspPostInit                      0x080021c9   Thumb Code    62  tim.o(i.HAL_TIM_MspPostInit)
    HAL_TIM_PWM_ConfigChannel                0x08002211   Thumb Code   204  stm32f1xx_hal_tim.o(i.HAL_TIM_PWM_ConfigChannel)
    HAL_TIM_PWM_Init                         0x080022dd   Thumb Code    90  stm32f1xx_hal_tim.o(i.HAL_TIM_PWM_Init)
    HAL_TIM_PWM_MspInit                      0x08002337   Thumb Code     2  stm32f1xx_hal_tim.o(i.HAL_TIM_PWM_MspInit)
    HAL_TIM_PWM_Start                        0x08002339   Thumb Code   144  stm32f1xx_hal_tim.o(i.HAL_TIM_PWM_Start)
    HAL_UARTEx_RxEventCallback               0x080023d5   Thumb Code     2  stm32f1xx_hal_uart_1.o(i.HAL_UARTEx_RxEventCallback)
    HAL_UART_ErrorCallback                   0x080023d7   Thumb Code     2  stm32f1xx_hal_uart_1.o(i.HAL_UART_ErrorCallback)
    HAL_UART_IRQHandler                      0x080023d9   Thumb Code   616  stm32f1xx_hal_uart_1.o(i.HAL_UART_IRQHandler)
    HAL_UART_Init                            0x08002645   Thumb Code   100  stm32f1xx_hal_uart_1.o(i.HAL_UART_Init)
    HAL_UART_MspInit                         0x080026a9   Thumb Code   116  usart_1.o(i.HAL_UART_MspInit)
    HAL_UART_Receive_IT                      0x08002729   Thumb Code    28  stm32f1xx_hal_uart_1.o(i.HAL_UART_Receive_IT)
    HAL_UART_RxCpltCallback                  0x08002745   Thumb Code    60  esp8266.o(i.HAL_UART_RxCpltCallback)
    HAL_UART_Transmit                        0x08002791   Thumb Code   160  stm32f1xx_hal_uart_1.o(i.HAL_UART_Transmit)
    HAL_UART_TxCpltCallback                  0x08002831   Thumb Code     2  stm32f1xx_hal_uart_1.o(i.HAL_UART_TxCpltCallback)
    HardFault_Handler                        0x0800294d   Thumb Code     2  stm32f1xx_it.o(i.HardFault_Handler)
    I2C_Ack                                  0x08002951   Thumb Code    90  soft_i2c.o(i.I2C_Ack)
    I2C_NAck                                 0x080029b1   Thumb Code    80  soft_i2c.o(i.I2C_NAck)
    I2C_ReadByte                             0x08002a05   Thumb Code   100  soft_i2c.o(i.I2C_ReadByte)
    I2C_SendByte                             0x08002a6d   Thumb Code   116  soft_i2c.o(i.I2C_SendByte)
    I2C_Start                                0x08002ae5   Thumb Code    90  soft_i2c.o(i.I2C_Start)
    I2C_Stop                                 0x08002b45   Thumb Code    78  soft_i2c.o(i.I2C_Stop)
    I2C_WaitAck                              0x08002b99   Thumb Code    94  soft_i2c.o(i.I2C_WaitAck)
    LED_PWM_Init                             0x08002bfd   Thumb Code    20  app_led_pwm.o(i.LED_PWM_Init)
    LED_PWM_Set                              0x08002c15   Thumb Code    18  app_led_pwm.o(i.LED_PWM_Set)
    MX_ADC1_Init                             0x08002c2d   Thumb Code    70  adc.o(i.MX_ADC1_Init)
    MX_FREERTOS_Init                         0x08002c7d   Thumb Code   162  freertos.o(i.MX_FREERTOS_Init)
    MX_GPIO_Init                             0x08002d79   Thumb Code   176  gpio.o(i.MX_GPIO_Init)
    MX_TIM2_Init                             0x08002e35   Thumb Code   148  tim.o(i.MX_TIM2_Init)
    MX_USART1_UART_Init                      0x08002ecd   Thumb Code    48  usart_1.o(i.MX_USART1_UART_Init)
    MemManage_Handler                        0x08002f05   Thumb Code     2  stm32f1xx_it.o(i.MemManage_Handler)
    NMI_Handler                              0x08002f07   Thumb Code     2  stm32f1xx_it.o(i.NMI_Handler)
    OLED_Clear                               0x08002f09   Thumb Code    34  oled.o(i.OLED_Clear)
    OLED_ClearArea                           0x08002f31   Thumb Code    86  oled.o(i.OLED_ClearArea)
    OLED_GPIO_Init                           0x08002f8d   Thumb Code    38  oled.o(i.OLED_GPIO_Init)
    OLED_I2C_SendByte                        0x08002fb3   Thumb Code    58  oled.o(i.OLED_I2C_SendByte)
    OLED_I2C_Start                           0x08002fed   Thumb Code    30  oled.o(i.OLED_I2C_Start)
    OLED_I2C_Stop                            0x0800300b   Thumb Code    24  oled.o(i.OLED_I2C_Stop)
    OLED_Init                                0x08003023   Thumb Code   156  oled.o(i.OLED_Init)
    OLED_Pow                                 0x080030bf   Thumb Code    14  oled.o(i.OLED_Pow)
    OLED_SetCursor                           0x080030cd   Thumb Code    34  oled.o(i.OLED_SetCursor)
    OLED_ShowChar                            0x080030f1   Thumb Code    52  oled.o(i.OLED_ShowChar)
    OLED_ShowFloatNum                        0x0800312d   Thumb Code   190  oled.o(i.OLED_ShowFloatNum)
    OLED_ShowImage                           0x080031ed   Thumb Code   182  oled.o(i.OLED_ShowImage)
    OLED_ShowNum                             0x080032a9   Thumb Code    70  oled.o(i.OLED_ShowNum)
    OLED_ShowString                          0x080032f1   Thumb Code   210  oled.o(i.OLED_ShowString)
    OLED_Update                              0x080033cd   Thumb Code    34  oled.o(i.OLED_Update)
    OLED_W_SCL                               0x080033f5   Thumb Code    20  oled.o(i.OLED_W_SCL)
    OLED_W_SDA                               0x0800340d   Thumb Code    20  oled.o(i.OLED_W_SDA)
    OLED_WriteCommand                        0x08003425   Thumb Code    34  oled.o(i.OLED_WriteCommand)
    OLED_WriteData                           0x08003447   Thumb Code    48  oled.o(i.OLED_WriteData)
    SOFT_I2C_Init                            0x08003479   Thumb Code    74  soft_i2c.o(i.SOFT_I2C_Init)
    SoilMoisture_Init                        0x080034cd   Thumb Code     6  soil_moisture.o(i.SoilMoisture_Init)
    SoilMoisture_Read                        0x080034d9   Thumb Code   102  soil_moisture.o(i.SoilMoisture_Read)
    StartAlarmTask                           0x0800354d   Thumb Code   182  app_alarm.o(i.StartAlarmTask)
    StartDefaultTask                         0x08003611   Thumb Code     8  freertos.o(i.StartDefaultTask)
    StartDisplayTask                         0x08003619   Thumb Code   122  app_display.o(i.StartDisplayTask)
    StartInputTask                           0x080036b1   Thumb Code   138  app_input.o(i.StartInputTask)
    StartNetworkTask                         0x08003745   Thumb Code   506  app_network.o(i.StartNetworkTask)
    StartSensorTask                          0x08003af1   Thumb Code   158  app_sensor.o(i.StartSensorTask)
    SysTick_Handler                          0x08003b9d   Thumb Code    24  stm32f1xx_it.o(i.SysTick_Handler)
    SystemClock_Config                       0x08003bb5   Thumb Code   120  main.o(i.SystemClock_Config)
    SystemInit                               0x08003c2d   Thumb Code     2  system_stm32f1xx.o(i.SystemInit)
    TIM_Base_SetConfig                       0x08003c31   Thumb Code   108  stm32f1xx_hal_tim.o(i.TIM_Base_SetConfig)
    TIM_CCxChannelCmd                        0x08003ca9   Thumb Code    26  stm32f1xx_hal_tim.o(i.TIM_CCxChannelCmd)
    TIM_ETR_SetConfig                        0x08003cc3   Thumb Code    20  stm32f1xx_hal_tim.o(i.TIM_ETR_SetConfig)
    TIM_OC2_SetConfig                        0x08003d39   Thumb Code    84  stm32f1xx_hal_tim.o(i.TIM_OC2_SetConfig)
    UART_Start_Receive_IT                    0x0800404d   Thumb Code    54  stm32f1xx_hal_uart_1.o(i.UART_Start_Receive_IT)
    USART1_IRQHandler                        0x080040f5   Thumb Code     6  stm32f1xx_it.o(i.USART1_IRQHandler)
    UsageFault_Handler                       0x08004101   Thumb Code     2  stm32f1xx_it.o(i.UsageFault_Handler)
    _is_digit                                0x08004123   Thumb Code    14  __printf_wp.o(i._is_digit)
    main                                     0x08004131   Thumb Code    76  main.o(i.main)
    osDelay                                  0x08004185   Thumb Code    26  cmsis_os2.o(i.osDelay)
    osKernelInitialize                       0x080041a1   Thumb Code    32  cmsis_os2.o(i.osKernelInitialize)
    osKernelStart                            0x080041c5   Thumb Code    48  cmsis_os2.o(i.osKernelStart)
    osThreadNew                              0x080041fd   Thumb Code   136  cmsis_os2.o(i.osThreadNew)
    pvPortMalloc                             0x08004a15   Thumb Code   216  heap_4.o(i.pvPortMalloc)
    pxPortInitialiseStack                    0x08004af1   Thumb Code    32  port.o(i.pxPortInitialiseStack)
    round                                    0x08004b15   Thumb Code   136  round.o(i.round)
    uxListRemove                             0x08004ba9   Thumb Code    38  list.o(i.uxListRemove)
    vApplicationGetIdleTaskMemory            0x08004bd1   Thumb Code    16  cmsis_os2.o(i.vApplicationGetIdleTaskMemory)
    vApplicationGetTimerTaskMemory           0x08004be5   Thumb Code    18  cmsis_os2.o(i.vApplicationGetTimerTaskMemory)
    vListInitialise                          0x08004bfd   Thumb Code    22  list.o(i.vListInitialise)
    vListInitialiseItem                      0x08004c13   Thumb Code     6  list.o(i.vListInitialiseItem)
    vListInsert                              0x08004c19   Thumb Code    48  list.o(i.vListInsert)
    vListInsertEnd                           0x08004c49   Thumb Code    24  list.o(i.vListInsertEnd)
    vPortEnterCritical                       0x08004c61   Thumb Code    54  port.o(i.vPortEnterCritical)
    vPortExitCritical                        0x08004ca1   Thumb Code    34  port.o(i.vPortExitCritical)
    vPortFree                                0x08004cc9   Thumb Code    94  heap_4.o(i.vPortFree)
    vPortSetupTimerInterrupt                 0x08004d2d   Thumb Code    32  port.o(i.vPortSetupTimerInterrupt)
    vPortValidateInterruptPriority           0x08004d51   Thumb Code    74  port.o(i.vPortValidateInterruptPriority)
    vQueueAddToRegistry                      0x08004da5   Thumb Code    34  queue.o(i.vQueueAddToRegistry)
    vQueueWaitForMessageRestricted           0x08004dcd   Thumb Code    68  queue.o(i.vQueueWaitForMessageRestricted)
    vTaskDelay                               0x08004e11   Thumb Code    66  tasks.o(i.vTaskDelay)
    vTaskDelayUntil                          0x08004e5d   Thumb Code   132  tasks.o(i.vTaskDelayUntil)
    vTaskInternalSetTimeOutState             0x08004ee9   Thumb Code    12  tasks.o(i.vTaskInternalSetTimeOutState)
    vTaskMissedYield                         0x08004ef9   Thumb Code     8  tasks.o(i.vTaskMissedYield)
    vTaskPlaceOnEventList                    0x08004f05   Thumb Code    44  tasks.o(i.vTaskPlaceOnEventList)
    vTaskPlaceOnEventListRestricted          0x08004f35   Thumb Code    52  tasks.o(i.vTaskPlaceOnEventListRestricted)
    vTaskStartScheduler                      0x08004f6d   Thumb Code   118  tasks.o(i.vTaskStartScheduler)
    vTaskSuspendAll                          0x08004ff5   Thumb Code    10  tasks.o(i.vTaskSuspendAll)
    vTaskSwitchContext                       0x08005005   Thumb Code    90  tasks.o(i.vTaskSwitchContext)
    xPortStartScheduler                      0x08005069   Thumb Code   154  port.o(i.xPortStartScheduler)
    xPortSysTickHandler                      0x08005111   Thumb Code    38  port.o(i.xPortSysTickHandler)
    xQueueGenericCreate                      0x0800513d   Thumb Code    66  queue.o(i.xQueueGenericCreate)
    xQueueGenericCreateStatic                0x0800517f   Thumb Code   102  queue.o(i.xQueueGenericCreateStatic)
    xQueueGenericReset                       0x080051e5   Thumb Code   132  queue.o(i.xQueueGenericReset)
    xQueueGenericSend                        0x0800526d   Thumb Code   346  queue.o(i.xQueueGenericSend)
    xQueueGenericSendFromISR                 0x080053cd   Thumb Code   190  queue.o(i.xQueueGenericSendFromISR)
    xQueueReceive                            0x0800548d   Thumb Code   308  queue.o(i.xQueueReceive)
    xTaskCheckForTimeOut                     0x080055c5   Thumb Code   112  tasks.o(i.xTaskCheckForTimeOut)
    xTaskCreate                              0x08005639   Thumb Code    90  tasks.o(i.xTaskCreate)
    xTaskCreateStatic                        0x08005693   Thumb Code    86  tasks.o(i.xTaskCreateStatic)
    xTaskGetSchedulerState                   0x080056e9   Thumb Code    22  tasks.o(i.xTaskGetSchedulerState)
    xTaskGetTickCount                        0x08005705   Thumb Code     6  tasks.o(i.xTaskGetTickCount)
    xTaskIncrementTick                       0x08005711   Thumb Code   192  tasks.o(i.xTaskIncrementTick)
    xTaskPriorityDisinherit                  0x080057d9   Thumb Code   118  tasks.o(i.xTaskPriorityDisinherit)
    xTaskRemoveFromEventList                 0x08005859   Thumb Code    98  tasks.o(i.xTaskRemoveFromEventList)
    xTaskResumeAll                           0x080058c9   Thumb Code   182  tasks.o(i.xTaskResumeAll)
    xTimerCreateTimerTask                    0x0800598d   Thumb Code    78  timers.o(i.xTimerCreateTimerTask)
    xTimerGenericCommand                     0x080059ed   Thumb Code    98  timers.o(i.xTimerGenericCommand)
    __aeabi_dadd                             0x08005a55   Thumb Code     0  daddsub_clz.o(x$fpl$dadd)
    _dadd                                    0x08005a55   Thumb Code   332  daddsub_clz.o(x$fpl$dadd)
    __fpl_dcmp_Inf                           0x08005ba5   Thumb Code    24  dcmpi.o(x$fpl$dcmpinf)
    __aeabi_d2uiz                            0x08005bbd   Thumb Code     0  dfixu.o(x$fpl$dfixu)
    _dfixu                                   0x08005bbd   Thumb Code    90  dfixu.o(x$fpl$dfixu)
    __aeabi_ui2d                             0x08005c17   Thumb Code     0  dflt_clz.o(x$fpl$dfltu)
    _dfltu                                   0x08005c17   Thumb Code    38  dflt_clz.o(x$fpl$dfltu)
    __aeabi_cdcmple                          0x08005c3d   Thumb Code     0  dleqf.o(x$fpl$dleqf)
    _dcmple                                  0x08005c3d   Thumb Code   120  dleqf.o(x$fpl$dleqf)
    __fpl_dcmple_InfNaN                      0x08005c9f   Thumb Code     0  dleqf.o(x$fpl$dleqf)
    __aeabi_dmul                             0x08005cb5   Thumb Code     0  dmul.o(x$fpl$dmul)
    _dmul                                    0x08005cb5   Thumb Code   332  dmul.o(x$fpl$dmul)
    __fpl_dnaninf                            0x08005e09   Thumb Code   156  dnaninf.o(x$fpl$dnaninf)
    __fpl_dretinf                            0x08005ea5   Thumb Code    12  dretinf.o(x$fpl$dretinf)
    __aeabi_cdrcmple                         0x08005eb1   Thumb Code     0  drleqf.o(x$fpl$drleqf)
    _drcmple                                 0x08005eb1   Thumb Code   108  drleqf.o(x$fpl$drleqf)
    _drnd                                    0x08005f1d   Thumb Code   180  drnd.o(x$fpl$drnd)
    __aeabi_drsub                            0x08005fd1   Thumb Code     0  daddsub_clz.o(x$fpl$drsb)
    _drsb                                    0x08005fd1   Thumb Code    22  daddsub_clz.o(x$fpl$drsb)
    __aeabi_dsub                             0x08005fe9   Thumb Code     0  daddsub_clz.o(x$fpl$dsub)
    _dsub                                    0x08005fe9   Thumb Code   464  daddsub_clz.o(x$fpl$dsub)
    __aeabi_f2d                              0x080061bd   Thumb Code     0  f2d.o(x$fpl$f2d)
    _f2d                                     0x080061bd   Thumb Code    86  f2d.o(x$fpl$f2d)
    __aeabi_fadd                             0x08006215   Thumb Code     0  faddsub_clz.o(x$fpl$fadd)
    _fadd                                    0x08006215   Thumb Code   196  faddsub_clz.o(x$fpl$fadd)
    __fpl_fcmp_Inf                           0x080062d9   Thumb Code    24  fcmpi.o(x$fpl$fcmpinf)
    __aeabi_fdiv                             0x080062f1   Thumb Code     0  fdiv.o(x$fpl$fdiv)
    _fdiv                                    0x080062f1   Thumb Code   384  fdiv.o(x$fpl$fdiv)
    __aeabi_f2iz                             0x08006475   Thumb Code     0  ffix.o(x$fpl$ffix)
    _ffix                                    0x08006475   Thumb Code    54  ffix.o(x$fpl$ffix)
    __aeabi_f2uiz                            0x080064ad   Thumb Code     0  ffixu.o(x$fpl$ffixu)
    _ffixu                                   0x080064ad   Thumb Code    62  ffixu.o(x$fpl$ffixu)
    __aeabi_i2f                              0x080064ed   Thumb Code     0  fflt_clz.o(x$fpl$fflt)
    _fflt                                    0x080064ed   Thumb Code    48  fflt_clz.o(x$fpl$fflt)
    __aeabi_ui2f                             0x0800651d   Thumb Code     0  fflt_clz.o(x$fpl$ffltu)
    _ffltu                                   0x0800651d   Thumb Code    38  fflt_clz.o(x$fpl$ffltu)
    __aeabi_cfcmple                          0x08006545   Thumb Code     0  fleqf.o(x$fpl$fleqf)
    _fcmple                                  0x08006545   Thumb Code   104  fleqf.o(x$fpl$fleqf)
    __fpl_fcmple_InfNaN                      0x08006597   Thumb Code     0  fleqf.o(x$fpl$fleqf)
    __aeabi_fmul                             0x080065ad   Thumb Code     0  fmul.o(x$fpl$fmul)
    _fmul                                    0x080065ad   Thumb Code   258  fmul.o(x$fpl$fmul)
    __fpl_fnaninf                            0x080066af   Thumb Code   140  fnaninf.o(x$fpl$fnaninf)
    __fpl_fretinf                            0x0800673b   Thumb Code    10  fretinf.o(x$fpl$fretinf)
    __aeabi_cfrcmple                         0x08006745   Thumb Code     0  frleqf.o(x$fpl$frleqf)
    _frcmple                                 0x08006745   Thumb Code    98  frleqf.o(x$fpl$frleqf)
    __aeabi_frsub                            0x080067a7   Thumb Code     0  faddsub_clz.o(x$fpl$frsb)
    _frsb                                    0x080067a7   Thumb Code    20  faddsub_clz.o(x$fpl$frsb)
    __aeabi_fsub                             0x080067bd   Thumb Code     0  faddsub_clz.o(x$fpl$fsub)
    _fsub                                    0x080067bd   Thumb Code   234  faddsub_clz.o(x$fpl$fsub)
    __I$use$fp                               0x080068a6   Number         0  usenofp.o(x$fpl$usenofp)
    defaultTask_attributes                   0x080068a8   Data          36  freertos.o(.constdata)
    AHBPrescTable                            0x080068de   Data          16  system_stm32f1xx.o(.constdata)
    APBPrescTable                            0x080068ee   Data           8  system_stm32f1xx.o(.constdata)
    OLED_F8x16                               0x080068f6   Data        1520  oled_data.o(.constdata)
    OLED_F6x8                                0x08006ee6   Data         570  oled_data.o(.constdata)
    OLED_CF16x16                             0x08007120   Data         245  oled_data.o(.constdata)
    Region$$Table$$Base                      0x08007350   Number         0  anon$$obj.o(Region$$Table)
    Region$$Table$$Limit                     0x08007370   Number         0  anon$$obj.o(Region$$Table)
    xSensorDataQueue                         0x20000000   Data           4  main.o(.data)
    xButtonEventQueue                        0x20000004   Data           4  main.o(.data)
    xNetworkDataQueue                        0x20000008   Data           4  main.o(.data)
    xAlarmDataQueue                          0x2000000c   Data           4  main.o(.data)
    defaultTaskHandle                        0x20000010   Data           4  freertos.o(.data)
    uwTickFreq                               0x20000014   Data           1  stm32f1xx_hal.o(.data)
    uwTickPrio                               0x20000018   Data           4  stm32f1xx_hal.o(.data)
    uwTick                                   0x2000001c   Data           4  stm32f1xx_hal.o(.data)
    SystemCoreClock                          0x20000020   Data           4  system_stm32f1xx.o(.data)
    pxCurrentTCB                             0x20000024   Data           4  tasks.o(.data)
    g_AlarmType                              0x200000ac   Data           1  app_alarm.o(.data)
    g_ThresholdCfg                           0x200000b8   Data           8  app_display.o(.data)
    g_NetStatus                              0x200000c0   Data           1  app_network.o(.data)
    hadc1                                    0x200000c4   Data          48  adc.o(.bss)
    htim2                                    0x200000f4   Data          72  tim.o(.bss)
    huart1                                   0x2000013c   Data          72  usart_1.o(.bss)
    xQueueRegistry                           0x20000184   Data          64  queue.o(.bss)
    OLED_DisplayBuf                          0x20003780   Data        1024  oled.o(.bss)
    __libspace_start                         0x20003f80   Data          96  libspace.o(.bss)
    __temporary_stack_top$libspace           0x20003fe0   Data           0  libspace.o(.bss)



==============================================================================

Memory Map of the image

  Image Entry point : 0x080000ed

  Load Region LR_IROM1 (Base: 0x08000000, Size: 0x00007434, Max: 0x00010000, ABSOLUTE)

    Execution Region ER_IROM1 (Exec base: 0x08000000, Load base: 0x08000000, Size: 0x00007370, Max: 0x00010000, ABSOLUTE)

    Exec Addr    Load Addr    Size         Type   Attr      Idx    E Section Name        Object

    0x08000000   0x08000000   0x000000ec   Data   RO            3    RESET               startup_stm32f103xb.o
    0x080000ec   0x080000ec   0x00000008   Code   RO         5830  * !!!main             c_w.l(__main.o)
    0x080000f4   0x080000f4   0x00000034   Code   RO         6253    !!!scatter          c_w.l(__scatter.o)
    0x08000128   0x08000128   0x0000001a   Code   RO         6255    !!handler_copy      c_w.l(__scatter_copy.o)
    0x08000142   0x08000142   0x00000002   PAD
    0x08000144   0x08000144   0x0000001c   Code   RO         6257    !!handler_zi        c_w.l(__scatter_zi.o)
    0x08000160   0x08000160   0x00000000   Code   RO         5811    .ARM.Collect$$_printf_percent$$00000000  c_w.l(_printf_percent.o)
    0x08000160   0x08000160   0x00000006   Code   RO         5810    .ARM.Collect$$_printf_percent$$00000009  c_w.l(_printf_d.o)
    0x08000166   0x08000166   0x00000006   Code   RO         5809    .ARM.Collect$$_printf_percent$$00000014  c_w.l(_printf_s.o)
    0x0800016c   0x0800016c   0x00000004   Code   RO         5964    .ARM.Collect$$_printf_percent$$00000017  c_w.l(_printf_percent_end.o)
    0x08000170   0x08000170   0x00000002   Code   RO         6116    .ARM.Collect$$libinit$$00000000  c_w.l(libinit.o)
    0x08000172   0x08000172   0x00000000   Code   RO         6127    .ARM.Collect$$libinit$$00000002  c_w.l(libinit2.o)
    0x08000172   0x08000172   0x00000000   Code   RO         6129    .ARM.Collect$$libinit$$00000004  c_w.l(libinit2.o)
    0x08000172   0x08000172   0x00000000   Code   RO         6132    .ARM.Collect$$libinit$$0000000A  c_w.l(libinit2.o)
    0x08000172   0x08000172   0x00000000   Code   RO         6134    .ARM.Collect$$libinit$$0000000C  c_w.l(libinit2.o)
    0x08000172   0x08000172   0x00000000   Code   RO         6136    .ARM.Collect$$libinit$$0000000E  c_w.l(libinit2.o)
    0x08000172   0x08000172   0x00000000   Code   RO         6139    .ARM.Collect$$libinit$$00000011  c_w.l(libinit2.o)
    0x08000172   0x08000172   0x00000000   Code   RO         6141    .ARM.Collect$$libinit$$00000013  c_w.l(libinit2.o)
    0x08000172   0x08000172   0x00000000   Code   RO         6143    .ARM.Collect$$libinit$$00000015  c_w.l(libinit2.o)
    0x08000172   0x08000172   0x00000000   Code   RO         6145    .ARM.Collect$$libinit$$00000017  c_w.l(libinit2.o)
    0x08000172   0x08000172   0x00000000   Code   RO         6147    .ARM.Collect$$libinit$$00000019  c_w.l(libinit2.o)
    0x08000172   0x08000172   0x00000000   Code   RO         6149    .ARM.Collect$$libinit$$0000001B  c_w.l(libinit2.o)
    0x08000172   0x08000172   0x00000000   Code   RO         6151    .ARM.Collect$$libinit$$0000001D  c_w.l(libinit2.o)
    0x08000172   0x08000172   0x00000000   Code   RO         6153    .ARM.Collect$$libinit$$0000001F  c_w.l(libinit2.o)
    0x08000172   0x08000172   0x00000000   Code   RO         6155    .ARM.Collect$$libinit$$00000021  c_w.l(libinit2.o)
    0x08000172   0x08000172   0x00000000   Code   RO         6157    .ARM.Collect$$libinit$$00000023  c_w.l(libinit2.o)
    0x08000172   0x08000172   0x00000000   Code   RO         6159    .ARM.Collect$$libinit$$00000025  c_w.l(libinit2.o)
    0x08000172   0x08000172   0x00000000   Code   RO         6163    .ARM.Collect$$libinit$$0000002C  c_w.l(libinit2.o)
    0x08000172   0x08000172   0x00000000   Code   RO         6165    .ARM.Collect$$libinit$$0000002E  c_w.l(libinit2.o)
    0x08000172   0x08000172   0x00000000   Code   RO         6167    .ARM.Collect$$libinit$$00000030  c_w.l(libinit2.o)
    0x08000172   0x08000172   0x00000000   Code   RO         6169    .ARM.Collect$$libinit$$00000032  c_w.l(libinit2.o)
    0x08000172   0x08000172   0x00000002   Code   RO         6170    .ARM.Collect$$libinit$$00000033  c_w.l(libinit2.o)
    0x08000174   0x08000174   0x00000002   Code   RO         6194    .ARM.Collect$$libshutdown$$00000000  c_w.l(libshutdown.o)
    0x08000176   0x08000176   0x00000000   Code   RO         6208    .ARM.Collect$$libshutdown$$00000003  c_w.l(libshutdown2.o)
    0x08000176   0x08000176   0x00000000   Code   RO         6211    .ARM.Collect$$libshutdown$$00000006  c_w.l(libshutdown2.o)
    0x08000176   0x08000176   0x00000000   Code   RO         6214    .ARM.Collect$$libshutdown$$00000009  c_w.l(libshutdown2.o)
    0x08000176   0x08000176   0x00000000   Code   RO         6216    .ARM.Collect$$libshutdown$$0000000B  c_w.l(libshutdown2.o)
    0x08000176   0x08000176   0x00000000   Code   RO         6219    .ARM.Collect$$libshutdown$$0000000E  c_w.l(libshutdown2.o)
    0x08000176   0x08000176   0x00000002   Code   RO         6220    .ARM.Collect$$libshutdown$$0000000F  c_w.l(libshutdown2.o)
    0x08000178   0x08000178   0x00000000   Code   RO         5904    .ARM.Collect$$rtentry$$00000000  c_w.l(__rtentry.o)
    0x08000178   0x08000178   0x00000000   Code   RO         6027    .ARM.Collect$$rtentry$$00000002  c_w.l(__rtentry2.o)
    0x08000178   0x08000178   0x00000006   Code   RO         6039    .ARM.Collect$$rtentry$$00000004  c_w.l(__rtentry4.o)
    0x0800017e   0x0800017e   0x00000000   Code   RO         6029    .ARM.Collect$$rtentry$$00000009  c_w.l(__rtentry2.o)
    0x0800017e   0x0800017e   0x00000004   Code   RO         6030    .ARM.Collect$$rtentry$$0000000A  c_w.l(__rtentry2.o)
    0x08000182   0x08000182   0x00000000   Code   RO         6032    .ARM.Collect$$rtentry$$0000000C  c_w.l(__rtentry2.o)
    0x08000182   0x08000182   0x00000008   Code   RO         6033    .ARM.Collect$$rtentry$$0000000D  c_w.l(__rtentry2.o)
    0x0800018a   0x0800018a   0x00000002   Code   RO         6121    .ARM.Collect$$rtexit$$00000000  c_w.l(rtexit.o)
    0x0800018c   0x0800018c   0x00000000   Code   RO         6174    .ARM.Collect$$rtexit$$00000002  c_w.l(rtexit2.o)
    0x0800018c   0x0800018c   0x00000004   Code   RO         6175    .ARM.Collect$$rtexit$$00000003  c_w.l(rtexit2.o)
    0x08000190   0x08000190   0x00000006   Code   RO         6176    .ARM.Collect$$rtexit$$00000004  c_w.l(rtexit2.o)
    0x08000196   0x08000196   0x00000002   PAD
    0x08000198   0x08000198   0x00000096   Code   RO         4853    .emb_text           port.o
    0x0800022e   0x0800022e   0x00000002   PAD
    0x08000230   0x08000230   0x00000040   Code   RO            4    .text               startup_stm32f103xb.o
    0x08000270   0x08000270   0x00000038   Code   RO         5777    .text               c_w.l(__2snprintf.o)
    0x080002a8   0x080002a8   0x0000004e   Code   RO         5783    .text               c_w.l(_printf_pad.o)
    0x080002f6   0x080002f6   0x00000052   Code   RO         5785    .text               c_w.l(_printf_str.o)
    0x08000348   0x08000348   0x00000078   Code   RO         5787    .text               c_w.l(_printf_dec.o)
    0x080003c0   0x080003c0   0x00000188   Code   RO         5806    .text               c_w.l(__printf_flags_ss_wp.o)
    0x08000548   0x08000548   0x00000024   Code   RO         5812    .text               c_w.l(strstr.o)
    0x0800056c   0x0800056c   0x0000003e   Code   RO         5814    .text               c_w.l(strlen.o)
    0x080005aa   0x080005aa   0x0000008a   Code   RO         5816    .text               c_w.l(rt_memcpy_v6.o)
    0x08000634   0x08000634   0x00000010   Code   RO         5820    .text               c_w.l(aeabi_memset.o)
    0x08000644   0x08000644   0x0000004e   Code   RO         5822    .text               c_w.l(rt_memclr_w.o)
    0x08000692   0x08000692   0x00000056   Code   RO         5824    .text               c_w.l(strncpy.o)
    0x080006e8   0x080006e8   0x00000080   Code   RO         5826    .text               c_w.l(strcmpv7m.o)
    0x08000768   0x08000768   0x00000006   Code   RO         5828    .text               c_w.l(heapauxi.o)
    0x0800076e   0x0800076e   0x000000b2   Code   RO         5909    .text               c_w.l(_printf_intcommon.o)
    0x08000820   0x08000820   0x00000030   Code   RO         5913    .text               c_w.l(_printf_char_common.o)
    0x08000850   0x08000850   0x0000000a   Code   RO         5915    .text               c_w.l(_sputc.o)
    0x0800085a   0x0800085a   0x00000010   Code   RO         5917    .text               c_w.l(_snputc.o)
    0x0800086a   0x0800086a   0x0000002c   Code   RO         5919    .text               c_w.l(_printf_char.o)
    0x08000896   0x08000896   0x00000064   Code   RO         5974    .text               c_w.l(rt_memcpy_w.o)
    0x080008fa   0x080008fa   0x00000044   Code   RO         5976    .text               c_w.l(rt_memclr.o)
    0x0800093e   0x0800093e   0x00000002   PAD
    0x08000940   0x08000940   0x00000008   Code   RO         6067    .text               c_w.l(libspace.o)
    0x08000948   0x08000948   0x0000004a   Code   RO         6070    .text               c_w.l(sys_stackheap_outer.o)
    0x08000992   0x08000992   0x0000000c   Code   RO         6109    .text               c_w.l(exit.o)
    0x0800099e   0x0800099e   0x00000002   PAD
    0x080009a0   0x080009a0   0x0000000c   Code   RO         6186    .text               c_w.l(sys_exit.o)
    0x080009ac   0x080009ac   0x00000002   Code   RO         6197    .text               c_w.l(use_no_semi.o)
    0x080009ae   0x080009ae   0x00000000   Code   RO         6199    .text               c_w.l(indicate_semi.o)
    0x080009ae   0x080009ae   0x00000002   PAD
    0x080009b0   0x080009b0   0x00000056   Code   RO          557    i.ADC_ConversionStop_Disable  stm32f1xx_hal_adc.o
    0x08000a06   0x08000a06   0x00000002   PAD
    0x08000a08   0x08000a08   0x0000007c   Code   RO          561    i.ADC_Enable        stm32f1xx_hal_adc.o
    0x08000a84   0x08000a84   0x00000050   Code   RO         4986    i.BH1750_Get_Lux    bh1750.o
    0x08000ad4   0x08000ad4   0x0000002a   Code   RO         4987    i.BH1750_Init       bh1750.o
    0x08000afe   0x08000afe   0x00000002   Code   RO          427    i.BusFault_Handler  stm32f1xx_it.o
    0x08000b00   0x08000b00   0x0000005c   Code   RO         5022    i.DHT11_Check       dht11.o
    0x08000b5c   0x08000b5c   0x00000024   Code   RO         5023    i.DHT11_Init        dht11.o
    0x08000b80   0x08000b80   0x00000040   Code   RO         5024    i.DHT11_Mode        dht11.o
    0x08000bc0   0x08000bc0   0x00000058   Code   RO         5025    i.DHT11_Read_Bit    dht11.o
    0x08000c18   0x08000c18   0x0000001a   Code   RO         5026    i.DHT11_Read_Byte   dht11.o
    0x08000c32   0x08000c32   0x00000002   PAD
    0x08000c34   0x08000c34   0x00000052   Code   RO         5027    i.DHT11_Read_Data   dht11.o
    0x08000c86   0x08000c86   0x00000002   PAD
    0x08000c88   0x08000c88   0x00000034   Code   RO         5028    i.DHT11_Rst         dht11.o
    0x08000cbc   0x08000cbc   0x0000001a   Code   RO         4933    i.DWT_Delay_ms      dwt_delay.o
    0x08000cd6   0x08000cd6   0x00000002   PAD
    0x08000cd8   0x08000cd8   0x0000001c   Code   RO         4934    i.DWT_Delay_us      dwt_delay.o
    0x08000cf4   0x08000cf4   0x0000003c   Code   RO         4937    i.DWT_Init          dwt_delay.o
    0x08000d30   0x08000d30   0x00000002   Code   RO          428    i.DebugMon_Handler  stm32f1xx_it.o
    0x08000d32   0x08000d32   0x00000002   PAD
    0x08000d34   0x08000d34   0x000000f4   Code   RO         5571    i.DrawDataPage      app_display.o
    0x08000e28   0x08000e28   0x00000158   Code   RO         5572    i.DrawThresholdPage  app_display.o
    0x08000f80   0x08000f80   0x00000130   Code   RO         5573    i.DrawWiFiPage      app_display.o
    0x080010b0   0x080010b0   0x00000030   Code   RO         5086    i.ESP8266_GetSubRecv  esp8266.o
    0x080010e0   0x080010e0   0x00000018   Code   RO         5087    i.ESP8266_RxBuf_Clear  esp8266.o
    0x080010f8   0x080010f8   0x00000054   Code   RO         5088    i.ESP8266_SavePendingSubRecv  esp8266.o
    0x0800114c   0x0800114c   0x000000b4   Code   RO         5089    i.ESP8266_SendCmd   esp8266.o
    0x08001200   0x08001200   0x00000020   Code   RO         5090    i.ESP8266_SendData  esp8266.o
    0x08001220   0x08001220   0x00000014   Code   RO         5091    i.ESP8266_UART_StartRx  esp8266.o
    0x08001234   0x08001234   0x0000008c   Code   RO         5092    i.ESP8266_WaitResponse  esp8266.o
    0x080012c0   0x080012c0   0x00000004   Code   RO           13    i.Error_Handler     main.o
    0x080012c4   0x080012c4   0x000000fc   Code   RO          563    i.HAL_ADC_ConfigChannel  stm32f1xx_hal_adc.o
    0x080013c0   0x080013c0   0x00000006   Code   RO          570    i.HAL_ADC_GetValue  stm32f1xx_hal_adc.o
    0x080013c6   0x080013c6   0x00000002   PAD
    0x080013c8   0x080013c8   0x0000011c   Code   RO          572    i.HAL_ADC_Init      stm32f1xx_hal_adc.o
    0x080014e4   0x080014e4   0x00000058   Code   RO          296    i.HAL_ADC_MspInit   adc.o
    0x0800153c   0x0800153c   0x000000c0   Code   RO          578    i.HAL_ADC_Start     stm32f1xx_hal_adc.o
    0x080015fc   0x080015fc   0x00000046   Code   RO         1214    i.HAL_DMA_Abort     stm32f1xx_hal_dma.o
    0x08001642   0x08001642   0x00000002   PAD
    0x08001644   0x08001644   0x00000098   Code   RO         1215    i.HAL_DMA_Abort_IT  stm32f1xx_hal_dma.o
    0x080016dc   0x080016dc   0x000001e0   Code   RO         1150    i.HAL_GPIO_Init     stm32f1xx_hal_gpio.o
    0x080018bc   0x080018bc   0x0000000a   Code   RO         1152    i.HAL_GPIO_ReadPin  stm32f1xx_hal_gpio.o
    0x080018c6   0x080018c6   0x0000000a   Code   RO         1154    i.HAL_GPIO_WritePin  stm32f1xx_hal_gpio.o
    0x080018d0   0x080018d0   0x0000000c   Code   RO          844    i.HAL_GetTick       stm32f1xx_hal.o
    0x080018dc   0x080018dc   0x00000010   Code   RO          850    i.HAL_IncTick       stm32f1xx_hal.o
    0x080018ec   0x080018ec   0x00000024   Code   RO          851    i.HAL_Init          stm32f1xx_hal.o
    0x08001910   0x08001910   0x00000040   Code   RO          852    i.HAL_InitTick      stm32f1xx_hal.o
    0x08001950   0x08001950   0x00000048   Code   RO          497    i.HAL_MspInit       stm32f1xx_hal_msp.o
    0x08001998   0x08001998   0x0000001a   Code   RO         1310    i.HAL_NVIC_EnableIRQ  stm32f1xx_hal_cortex.o
    0x080019b2   0x080019b2   0x00000002   PAD
    0x080019b4   0x080019b4   0x00000040   Code   RO         1316    i.HAL_NVIC_SetPriority  stm32f1xx_hal_cortex.o
    0x080019f4   0x080019f4   0x00000024   Code   RO         1317    i.HAL_NVIC_SetPriorityGrouping  stm32f1xx_hal_cortex.o
    0x08001a18   0x08001a18   0x000000ec   Code   RO         1112    i.HAL_RCCEx_PeriphCLKConfig  stm32f1xx_hal_rcc_ex.o
    0x08001b04   0x08001b04   0x0000012c   Code   RO         1008    i.HAL_RCC_ClockConfig  stm32f1xx_hal_rcc.o
    0x08001c30   0x08001c30   0x00000020   Code   RO         1015    i.HAL_RCC_GetPCLK1Freq  stm32f1xx_hal_rcc.o
    0x08001c50   0x08001c50   0x00000020   Code   RO         1016    i.HAL_RCC_GetPCLK2Freq  stm32f1xx_hal_rcc.o
    0x08001c70   0x08001c70   0x0000004c   Code   RO         1017    i.HAL_RCC_GetSysClockFreq  stm32f1xx_hal_rcc.o
    0x08001cbc   0x08001cbc   0x00000320   Code   RO         1020    i.HAL_RCC_OscConfig  stm32f1xx_hal_rcc.o
    0x08001fdc   0x08001fdc   0x00000028   Code   RO         1321    i.HAL_SYSTICK_Config  stm32f1xx_hal_cortex.o
    0x08002004   0x08002004   0x00000068   Code   RO         2535    i.HAL_TIMEx_MasterConfigSynchronization  stm32f1xx_hal_tim_ex.o
    0x0800206c   0x0800206c   0x0000005a   Code   RO         1812    i.HAL_TIM_Base_Init  stm32f1xx_hal_tim.o
    0x080020c6   0x080020c6   0x00000002   PAD
    0x080020c8   0x080020c8   0x00000024   Code   RO          338    i.HAL_TIM_Base_MspInit  tim.o
    0x080020ec   0x080020ec   0x000000dc   Code   RO         1821    i.HAL_TIM_ConfigClockSource  stm32f1xx_hal_tim.o
    0x080021c8   0x080021c8   0x00000048   Code   RO          339    i.HAL_TIM_MspPostInit  tim.o
    0x08002210   0x08002210   0x000000cc   Code   RO         1884    i.HAL_TIM_PWM_ConfigChannel  stm32f1xx_hal_tim.o
    0x080022dc   0x080022dc   0x0000005a   Code   RO         1887    i.HAL_TIM_PWM_Init  stm32f1xx_hal_tim.o
    0x08002336   0x08002336   0x00000002   Code   RO         1889    i.HAL_TIM_PWM_MspInit  stm32f1xx_hal_tim.o
    0x08002338   0x08002338   0x0000009c   Code   RO         1892    i.HAL_TIM_PWM_Start  stm32f1xx_hal_tim.o
    0x080023d4   0x080023d4   0x00000002   Code   RO         2795    i.HAL_UARTEx_RxEventCallback  stm32f1xx_hal_uart_1.o
    0x080023d6   0x080023d6   0x00000002   Code   RO         2809    i.HAL_UART_ErrorCallback  stm32f1xx_hal_uart_1.o
    0x080023d8   0x080023d8   0x0000026c   Code   RO         2812    i.HAL_UART_IRQHandler  stm32f1xx_hal_uart_1.o
    0x08002644   0x08002644   0x00000064   Code   RO         2813    i.HAL_UART_Init     stm32f1xx_hal_uart_1.o
    0x080026a8   0x080026a8   0x00000080   Code   RO          386    i.HAL_UART_MspInit  usart_1.o
    0x08002728   0x08002728   0x0000001c   Code   RO         2818    i.HAL_UART_Receive_IT  stm32f1xx_hal_uart_1.o
    0x08002744   0x08002744   0x0000004c   Code   RO         5093    i.HAL_UART_RxCpltCallback  esp8266.o
    0x08002790   0x08002790   0x000000a0   Code   RO         2821    i.HAL_UART_Transmit  stm32f1xx_hal_uart_1.o
    0x08002830   0x08002830   0x00000002   Code   RO         2824    i.HAL_UART_TxCpltCallback  stm32f1xx_hal_uart_1.o
    0x08002832   0x08002832   0x00000002   PAD
    0x08002834   0x08002834   0x00000118   Code   RO         5574    i.HandleKey         app_display.o
    0x0800294c   0x0800294c   0x00000002   Code   RO          429    i.HardFault_Handler  stm32f1xx_it.o
    0x0800294e   0x0800294e   0x00000002   PAD
    0x08002950   0x08002950   0x00000060   Code   RO         5463    i.I2C_Ack           soft_i2c.o
    0x080029b0   0x080029b0   0x00000054   Code   RO         5464    i.I2C_NAck          soft_i2c.o
    0x08002a04   0x08002a04   0x00000068   Code   RO         5465    i.I2C_ReadByte      soft_i2c.o
    0x08002a6c   0x08002a6c   0x00000078   Code   RO         5466    i.I2C_SendByte      soft_i2c.o
    0x08002ae4   0x08002ae4   0x00000060   Code   RO         5467    i.I2C_Start         soft_i2c.o
    0x08002b44   0x08002b44   0x00000054   Code   RO         5468    i.I2C_Stop          soft_i2c.o
    0x08002b98   0x08002b98   0x00000064   Code   RO         5469    i.I2C_WaitAck       soft_i2c.o
    0x08002bfc   0x08002bfc   0x00000018   Code   RO         5744    i.LED_PWM_Init      app_led_pwm.o
    0x08002c14   0x08002c14   0x00000018   Code   RO         5745    i.LED_PWM_Set       app_led_pwm.o
    0x08002c2c   0x08002c2c   0x00000050   Code   RO          297    i.MX_ADC1_Init      adc.o
    0x08002c7c   0x08002c7c   0x000000fc   Code   RO          240    i.MX_FREERTOS_Init  freertos.o
    0x08002d78   0x08002d78   0x000000bc   Code   RO          216    i.MX_GPIO_Init      gpio.o
    0x08002e34   0x08002e34   0x00000098   Code   RO          340    i.MX_TIM2_Init      tim.o
    0x08002ecc   0x08002ecc   0x00000038   Code   RO          387    i.MX_USART1_UART_Init  usart_1.o
    0x08002f04   0x08002f04   0x00000002   Code   RO          430    i.MemManage_Handler  stm32f1xx_it.o
    0x08002f06   0x08002f06   0x00000002   Code   RO          431    i.NMI_Handler       stm32f1xx_it.o
    0x08002f08   0x08002f08   0x00000028   Code   RO         5169    i.OLED_Clear        oled.o
    0x08002f30   0x08002f30   0x0000005c   Code   RO         5170    i.OLED_ClearArea    oled.o
    0x08002f8c   0x08002f8c   0x00000026   Code   RO         5178    i.OLED_GPIO_Init    oled.o
    0x08002fb2   0x08002fb2   0x0000003a   Code   RO         5180    i.OLED_I2C_SendByte  oled.o
    0x08002fec   0x08002fec   0x0000001e   Code   RO         5181    i.OLED_I2C_Start    oled.o
    0x0800300a   0x0800300a   0x00000018   Code   RO         5182    i.OLED_I2C_Stop     oled.o
    0x08003022   0x08003022   0x0000009c   Code   RO         5183    i.OLED_Init         oled.o
    0x080030be   0x080030be   0x0000000e   Code   RO         5185    i.OLED_Pow          oled.o
    0x080030cc   0x080030cc   0x00000022   Code   RO         5189    i.OLED_SetCursor    oled.o
    0x080030ee   0x080030ee   0x00000002   PAD
    0x080030f0   0x080030f0   0x0000003c   Code   RO         5191    i.OLED_ShowChar     oled.o
    0x0800312c   0x0800312c   0x000000be   Code   RO         5192    i.OLED_ShowFloatNum  oled.o
    0x080031ea   0x080031ea   0x00000002   PAD
    0x080031ec   0x080031ec   0x000000bc   Code   RO         5194    i.OLED_ShowImage    oled.o
    0x080032a8   0x080032a8   0x00000046   Code   RO         5195    i.OLED_ShowNum      oled.o
    0x080032ee   0x080032ee   0x00000002   PAD
    0x080032f0   0x080032f0   0x000000dc   Code   RO         5197    i.OLED_ShowString   oled.o
    0x080033cc   0x080033cc   0x00000028   Code   RO         5198    i.OLED_Update       oled.o
    0x080033f4   0x080033f4   0x00000018   Code   RO         5200    i.OLED_W_SCL        oled.o
    0x0800340c   0x0800340c   0x00000018   Code   RO         5201    i.OLED_W_SDA        oled.o
    0x08003424   0x08003424   0x00000022   Code   RO         5202    i.OLED_WriteCommand  oled.o
    0x08003446   0x08003446   0x00000030   Code   RO         5203    i.OLED_WriteData    oled.o
    0x08003476   0x08003476   0x00000002   PAD
    0x08003478   0x08003478   0x00000054   Code   RO         5470    i.SOFT_I2C_Init     soft_i2c.o
    0x080034cc   0x080034cc   0x0000000c   Code   RO         5415    i.SoilMoisture_Init  soil_moisture.o
    0x080034d8   0x080034d8   0x00000074   Code   RO         5416    i.SoilMoisture_Read  soil_moisture.o
    0x0800354c   0x0800354c   0x000000c4   Code   RO         5529    i.StartAlarmTask    app_alarm.o
    0x08003610   0x08003610   0x00000008   Code   RO          241    i.StartDefaultTask  freertos.o
    0x08003618   0x08003618   0x00000098   Code   RO         5575    i.StartDisplayTask  app_display.o
    0x080036b0   0x080036b0   0x00000094   Code   RO         5720    i.StartInputTask    app_input.o
    0x08003744   0x08003744   0x000003ac   Code   RO         5640    i.StartNetworkTask  app_network.o
    0x08003af0   0x08003af0   0x000000ac   Code   RO         5680    i.StartSensorTask   app_sensor.o
    0x08003b9c   0x08003b9c   0x00000018   Code   RO          432    i.SysTick_Handler   stm32f1xx_it.o
    0x08003bb4   0x08003bb4   0x00000078   Code   RO           14    i.SystemClock_Config  main.o
    0x08003c2c   0x08003c2c   0x00000002   Code   RO         3147    i.SystemInit        system_stm32f1xx.o
    0x08003c2e   0x08003c2e   0x00000002   PAD
    0x08003c30   0x08003c30   0x00000078   Code   RO         1905    i.TIM_Base_SetConfig  stm32f1xx_hal_tim.o
    0x08003ca8   0x08003ca8   0x0000001a   Code   RO         1906    i.TIM_CCxChannelCmd  stm32f1xx_hal_tim.o
    0x08003cc2   0x08003cc2   0x00000014   Code   RO         1916    i.TIM_ETR_SetConfig  stm32f1xx_hal_tim.o
    0x08003cd6   0x08003cd6   0x00000010   Code   RO         1917    i.TIM_ITRx_SetConfig  stm32f1xx_hal_tim.o
    0x08003ce6   0x08003ce6   0x00000002   PAD
    0x08003ce8   0x08003ce8   0x00000050   Code   RO         1918    i.TIM_OC1_SetConfig  stm32f1xx_hal_tim.o
    0x08003d38   0x08003d38   0x00000058   Code   RO         1919    i.TIM_OC2_SetConfig  stm32f1xx_hal_tim.o
    0x08003d90   0x08003d90   0x00000058   Code   RO         1920    i.TIM_OC3_SetConfig  stm32f1xx_hal_tim.o
    0x08003de8   0x08003de8   0x00000044   Code   RO         1921    i.TIM_OC4_SetConfig  stm32f1xx_hal_tim.o
    0x08003e2c   0x08003e2c   0x00000022   Code   RO         1923    i.TIM_TI1_ConfigInputStage  stm32f1xx_hal_tim.o
    0x08003e4e   0x08003e4e   0x00000024   Code   RO         1925    i.TIM_TI2_ConfigInputStage  stm32f1xx_hal_tim.o
    0x08003e72   0x08003e72   0x00000010   Code   RO         2826    i.UART_DMAAbortOnError  stm32f1xx_hal_uart_1.o
    0x08003e82   0x08003e82   0x0000004e   Code   RO         2836    i.UART_EndRxTransfer  stm32f1xx_hal_uart_1.o
    0x08003ed0   0x08003ed0   0x000000c2   Code   RO         2838    i.UART_Receive_IT   stm32f1xx_hal_uart_1.o
    0x08003f92   0x08003f92   0x00000002   PAD
    0x08003f94   0x08003f94   0x000000b8   Code   RO         2839    i.UART_SetConfig    stm32f1xx_hal_uart_1.o
    0x0800404c   0x0800404c   0x00000036   Code   RO         2841    i.UART_Start_Receive_IT  stm32f1xx_hal_uart_1.o
    0x08004082   0x08004082   0x00000072   Code   RO         2842    i.UART_WaitOnFlagUntilTimeout  stm32f1xx_hal_uart_1.o
    0x080040f4   0x080040f4   0x0000000c   Code   RO          433    i.USART1_IRQHandler  stm32f1xx_it.o
    0x08004100   0x08004100   0x00000002   Code   RO          434    i.UsageFault_Handler  stm32f1xx_it.o
    0x08004102   0x08004102   0x00000020   Code   RO         1323    i.__NVIC_SetPriority  stm32f1xx_hal_cortex.o
    0x08004122   0x08004122   0x0000000e   Code   RO         5799    i._is_digit         c_w.l(__printf_wp.o)
    0x08004130   0x08004130   0x00000054   Code   RO           15    i.main              main.o
    0x08004184   0x08004184   0x0000001a   Code   RO         4292    i.osDelay           cmsis_os2.o
    0x0800419e   0x0800419e   0x00000002   PAD
    0x080041a0   0x080041a0   0x00000024   Code   RO         4306    i.osKernelInitialize  cmsis_os2.o
    0x080041c4   0x080041c4   0x00000038   Code   RO         4309    i.osKernelStart     cmsis_os2.o
    0x080041fc   0x080041fc   0x00000088   Code   RO         4351    i.osThreadNew       cmsis_os2.o
    0x08004284   0x08004284   0x0000005c   Code   RO         3755    i.prvAddCurrentTaskToDelayedList  tasks.o
    0x080042e0   0x080042e0   0x000000d0   Code   RO         3756    i.prvAddNewTaskToReadyList  tasks.o
    0x080043b0   0x080043b0   0x00000058   Code   RO         4120    i.prvCheckForValidListAndQueue  timers.o
    0x08004408   0x08004408   0x00000026   Code   RO         3352    i.prvCopyDataFromQueue  queue.o
    0x0800442e   0x0800442e   0x0000006c   Code   RO         3353    i.prvCopyDataToQueue  queue.o
    0x0800449a   0x0800449a   0x00000034   Code   RO         3757    i.prvDeleteTCB      tasks.o
    0x080044ce   0x080044ce   0x00000002   PAD
    0x080044d0   0x080044d0   0x00000048   Code   RO         4798    i.prvHeapInit       heap_4.o
    0x08004518   0x08004518   0x00000060   Code   RO         3758    i.prvIdleTask       tasks.o
    0x08004578   0x08004578   0x00000022   Code   RO         3355    i.prvInitialiseNewQueue  queue.o
    0x0800459a   0x0800459a   0x00000002   PAD
    0x0800459c   0x0800459c   0x000000b0   Code   RO         3759    i.prvInitialiseNewTask  tasks.o
    0x0800464c   0x0800464c   0x0000004c   Code   RO         4799    i.prvInsertBlockIntoFreeList  heap_4.o
    0x08004698   0x08004698   0x00000038   Code   RO         4122    i.prvInsertTimerInActiveList  timers.o
    0x080046d0   0x080046d0   0x0000001c   Code   RO         3356    i.prvIsQueueEmpty   queue.o
    0x080046ec   0x080046ec   0x000000fc   Code   RO         4123    i.prvProcessReceivedCommands  timers.o
    0x080047e8   0x080047e8   0x000000c0   Code   RO         4124    i.prvProcessTimerOrBlockTask  timers.o
    0x080048a8   0x080048a8   0x00000020   Code   RO         3761    i.prvResetNextTaskUnblockTime  tasks.o
    0x080048c8   0x080048c8   0x00000028   Code   RO         4125    i.prvSampleTimeNow  timers.o
    0x080048f0   0x080048f0   0x0000006c   Code   RO         4126    i.prvSwitchTimerLists  timers.o
    0x0800495c   0x0800495c   0x00000028   Code   RO         4854    i.prvTaskExitError  port.o
    0x08004984   0x08004984   0x00000024   Code   RO         4127    i.prvTimerTask      timers.o
    0x080049a8   0x080049a8   0x0000006a   Code   RO         3357    i.prvUnlockQueue    queue.o
    0x08004a12   0x08004a12   0x00000002   PAD
    0x08004a14   0x08004a14   0x000000dc   Code   RO         4800    i.pvPortMalloc      heap_4.o
    0x08004af0   0x08004af0   0x00000024   Code   RO         4855    i.pxPortInitialiseStack  port.o
    0x08004b14   0x08004b14   0x00000094   Code   RO         5902    i.round             m_ws.l(round.o)
    0x08004ba8   0x08004ba8   0x00000026   Code   RO         3312    i.uxListRemove      list.o
    0x08004bce   0x08004bce   0x00000002   PAD
    0x08004bd0   0x08004bd0   0x00000014   Code   RO         4363    i.vApplicationGetIdleTaskMemory  cmsis_os2.o
    0x08004be4   0x08004be4   0x00000018   Code   RO         4364    i.vApplicationGetTimerTaskMemory  cmsis_os2.o
    0x08004bfc   0x08004bfc   0x00000016   Code   RO         3313    i.vListInitialise   list.o
    0x08004c12   0x08004c12   0x00000006   Code   RO         3314    i.vListInitialiseItem  list.o
    0x08004c18   0x08004c18   0x00000030   Code   RO         3315    i.vListInsert       list.o
    0x08004c48   0x08004c48   0x00000018   Code   RO         3316    i.vListInsertEnd    list.o
    0x08004c60   0x08004c60   0x00000040   Code   RO         4857    i.vPortEnterCritical  port.o
    0x08004ca0   0x08004ca0   0x00000028   Code   RO         4858    i.vPortExitCritical  port.o
    0x08004cc8   0x08004cc8   0x00000064   Code   RO         4801    i.vPortFree         heap_4.o
    0x08004d2c   0x08004d2c   0x00000024   Code   RO         4859    i.vPortSetupTimerInterrupt  port.o
    0x08004d50   0x08004d50   0x00000054   Code   RO         4860    i.vPortValidateInterruptPriority  port.o
    0x08004da4   0x08004da4   0x00000028   Code   RO         3363    i.vQueueAddToRegistry  queue.o
    0x08004dcc   0x08004dcc   0x00000044   Code   RO         3367    i.vQueueWaitForMessageRestricted  queue.o
    0x08004e10   0x08004e10   0x0000004c   Code   RO         3774    i.vTaskDelay        tasks.o
    0x08004e5c   0x08004e5c   0x0000008c   Code   RO         3775    i.vTaskDelayUntil   tasks.o
    0x08004ee8   0x08004ee8   0x00000010   Code   RO         3779    i.vTaskInternalSetTimeOutState  tasks.o
    0x08004ef8   0x08004ef8   0x0000000c   Code   RO         3780    i.vTaskMissedYield  tasks.o
    0x08004f04   0x08004f04   0x00000030   Code   RO         3782    i.vTaskPlaceOnEventList  tasks.o
    0x08004f34   0x08004f34   0x00000038   Code   RO         3783    i.vTaskPlaceOnEventListRestricted  tasks.o
    0x08004f6c   0x08004f6c   0x00000088   Code   RO         3791    i.vTaskStartScheduler  tasks.o
    0x08004ff4   0x08004ff4   0x00000010   Code   RO         3793    i.vTaskSuspendAll   tasks.o
    0x08005004   0x08005004   0x00000064   Code   RO         3794    i.vTaskSwitchContext  tasks.o
    0x08005068   0x08005068   0x000000a8   Code   RO         4861    i.xPortStartScheduler  port.o
    0x08005110   0x08005110   0x0000002c   Code   RO         4862    i.xPortSysTickHandler  port.o
    0x0800513c   0x0800513c   0x00000042   Code   RO         3372    i.xQueueGenericCreate  queue.o
    0x0800517e   0x0800517e   0x00000066   Code   RO         3373    i.xQueueGenericCreateStatic  queue.o
    0x080051e4   0x080051e4   0x00000088   Code   RO         3374    i.xQueueGenericReset  queue.o
    0x0800526c   0x0800526c   0x00000160   Code   RO         3375    i.xQueueGenericSend  queue.o
    0x080053cc   0x080053cc   0x000000be   Code   RO         3376    i.xQueueGenericSendFromISR  queue.o
    0x0800548a   0x0800548a   0x00000002   PAD
    0x0800548c   0x0800548c   0x00000138   Code   RO         3385    i.xQueueReceive     queue.o
    0x080055c4   0x080055c4   0x00000074   Code   RO         3796    i.xTaskCheckForTimeOut  tasks.o
    0x08005638   0x08005638   0x0000005a   Code   RO         3797    i.xTaskCreate       tasks.o
    0x08005692   0x08005692   0x00000056   Code   RO         3798    i.xTaskCreateStatic  tasks.o
    0x080056e8   0x080056e8   0x0000001c   Code   RO         3802    i.xTaskGetSchedulerState  tasks.o
    0x08005704   0x08005704   0x0000000c   Code   RO         3803    i.xTaskGetTickCount  tasks.o
    0x08005710   0x08005710   0x000000c8   Code   RO         3805    i.xTaskIncrementTick  tasks.o
    0x080057d8   0x080057d8   0x00000080   Code   RO         3808    i.xTaskPriorityDisinherit  tasks.o
    0x08005858   0x08005858   0x00000070   Code   RO         3810    i.xTaskRemoveFromEventList  tasks.o
    0x080058c8   0x080058c8   0x000000c4   Code   RO         3811    i.xTaskResumeAll    tasks.o
    0x0800598c   0x0800598c   0x00000060   Code   RO         4136    i.xTimerCreateTimerTask  timers.o
    0x080059ec   0x080059ec   0x00000068   Code   RO         4137    i.xTimerGenericCommand  timers.o
    0x08005a54   0x08005a54   0x00000150   Code   RO         5834    x$fpl$dadd          fz_ws.l(daddsub_clz.o)
    0x08005ba4   0x08005ba4   0x00000018   Code   RO         5978    x$fpl$dcmpinf       fz_ws.l(dcmpi.o)
    0x08005bbc   0x08005bbc   0x0000005a   Code   RO         5848    x$fpl$dfixu         fz_ws.l(dfixu.o)
    0x08005c16   0x08005c16   0x00000026   Code   RO         5852    x$fpl$dfltu         fz_ws.l(dflt_clz.o)
    0x08005c3c   0x08005c3c   0x00000078   Code   RO         5858    x$fpl$dleqf         fz_ws.l(dleqf.o)
    0x08005cb4   0x08005cb4   0x00000154   Code   RO         5860    x$fpl$dmul          fz_ws.l(dmul.o)
    0x08005e08   0x08005e08   0x0000009c   Code   RO         5980    x$fpl$dnaninf       fz_ws.l(dnaninf.o)
    0x08005ea4   0x08005ea4   0x0000000c   Code   RO         5982    x$fpl$dretinf       fz_ws.l(dretinf.o)
    0x08005eb0   0x08005eb0   0x0000006c   Code   RO         5862    x$fpl$drleqf        fz_ws.l(drleqf.o)
    0x08005f1c   0x08005f1c   0x000000b4   Code   RO         5984    x$fpl$drnd          fz_ws.l(drnd.o)
    0x08005fd0   0x08005fd0   0x00000016   Code   RO         5835    x$fpl$drsb          fz_ws.l(daddsub_clz.o)
    0x08005fe6   0x08005fe6   0x00000002   PAD
    0x08005fe8   0x08005fe8   0x000001d4   Code   RO         5836    x$fpl$dsub          fz_ws.l(daddsub_clz.o)
    0x080061bc   0x080061bc   0x00000056   Code   RO         5864    x$fpl$f2d           fz_ws.l(f2d.o)
    0x08006212   0x08006212   0x00000002   PAD
    0x08006214   0x08006214   0x000000c4   Code   RO         5866    x$fpl$fadd          fz_ws.l(faddsub_clz.o)
    0x080062d8   0x080062d8   0x00000018   Code   RO         6059    x$fpl$fcmpinf       fz_ws.l(fcmpi.o)
    0x080062f0   0x080062f0   0x00000184   Code   RO         5873    x$fpl$fdiv          fz_ws.l(fdiv.o)
    0x08006474   0x08006474   0x00000036   Code   RO         5876    x$fpl$ffix          fz_ws.l(ffix.o)
    0x080064aa   0x080064aa   0x00000002   PAD
    0x080064ac   0x080064ac   0x0000003e   Code   RO         5880    x$fpl$ffixu         fz_ws.l(ffixu.o)
    0x080064ea   0x080064ea   0x00000002   PAD
    0x080064ec   0x080064ec   0x00000030   Code   RO         5885    x$fpl$fflt          fz_ws.l(fflt_clz.o)
    0x0800651c   0x0800651c   0x00000026   Code   RO         5884    x$fpl$ffltu         fz_ws.l(fflt_clz.o)
    0x08006542   0x08006542   0x00000002   PAD
    0x08006544   0x08006544   0x00000068   Code   RO         5986    x$fpl$fleqf         fz_ws.l(fleqf.o)
    0x080065ac   0x080065ac   0x00000102   Code   RO         5890    x$fpl$fmul          fz_ws.l(fmul.o)
    0x080066ae   0x080066ae   0x0000008c   Code   RO         5988    x$fpl$fnaninf       fz_ws.l(fnaninf.o)
    0x0800673a   0x0800673a   0x0000000a   Code   RO         5990    x$fpl$fretinf       fz_ws.l(fretinf.o)
    0x08006744   0x08006744   0x00000062   Code   RO         5892    x$fpl$frleqf        fz_ws.l(frleqf.o)
    0x080067a6   0x080067a6   0x00000014   Code   RO         5867    x$fpl$frsb          fz_ws.l(faddsub_clz.o)
    0x080067ba   0x080067ba   0x00000002   PAD
    0x080067bc   0x080067bc   0x000000ea   Code   RO         5868    x$fpl$fsub          fz_ws.l(faddsub_clz.o)
    0x080068a6   0x080068a6   0x00000000   Code   RO         6000    x$fpl$usenofp       fz_ws.l(usenofp.o)
    0x080068a6   0x080068a6   0x00000002   PAD
    0x080068a8   0x080068a8   0x00000024   Data   RO          242    .constdata          freertos.o
    0x080068cc   0x080068cc   0x00000012   Data   RO         1021    .constdata          stm32f1xx_hal_rcc.o
    0x080068de   0x080068de   0x00000010   Data   RO         3148    .constdata          system_stm32f1xx.o
    0x080068ee   0x080068ee   0x00000008   Data   RO         3149    .constdata          system_stm32f1xx.o
    0x080068f6   0x080068f6   0x000005f0   Data   RO         5445    .constdata          oled_data.o
    0x08006ee6   0x08006ee6   0x0000023a   Data   RO         5446    .constdata          oled_data.o
    0x08007120   0x08007120   0x000000f5   Data   RO         5447    .constdata          oled_data.o
    0x08007215   0x08007215   0x00000011   Data   RO         5807    .constdata          c_w.l(__printf_flags_ss_wp.o)
    0x08007226   0x08007226   0x00000002   PAD
    0x08007228   0x08007228   0x0000000c   Data   RO          243    .conststring        freertos.o
    0x08007234   0x08007234   0x0000011c   Data   RO         5642    .conststring        app_network.o
    0x08007350   0x08007350   0x00000020   Data   RO         6251    Region$$Table       anon$$obj.o


    Execution Region RW_IRAM1 (Exec base: 0x20000000, Load base: 0x08007370, Size: 0x000045e0, Max: 0x00005000, ABSOLUTE)

    Exec Addr    Load Addr    Size         Type   Attr      Idx    E Section Name        Object

    0x20000000   0x08007370   0x00000004   Data   RW           16    .data               main.o
    0x20000004   0x08007374   0x00000004   Data   RW           17    .data               main.o
    0x20000008   0x08007378   0x00000004   Data   RW           18    .data               main.o
    0x2000000c   0x0800737c   0x00000004   Data   RW           19    .data               main.o
    0x20000010   0x08007380   0x00000004   Data   RW          244    .data               freertos.o
    0x20000014   0x08007384   0x0000000c   Data   RW          858    .data               stm32f1xx_hal.o
    0x20000020   0x08007390   0x00000004   Data   RW         3150    .data               system_stm32f1xx.o
    0x20000024   0x08007394   0x0000003c   Data   RW         3814    .data               tasks.o
    0x20000060   0x080073d0   0x00000014   Data   RW         4145    .data               timers.o
    0x20000074   0x080073e4   0x00000004   Data   RW         4366    .data               cmsis_os2.o
    0x20000078   0x080073e8   0x00000020   Data   RW         4807    .data               heap_4.o
    0x20000098   0x08007408   0x0000000c   Data   RW         4863    .data               port.o
    0x200000a4   0x08007414   0x00000004   Data   RW         4938    .data               dwt_delay.o
    0x200000a8   0x08007418   0x00000004   Data   RW         5095    .data               esp8266.o
    0x200000ac   0x0800741c   0x00000001   Data   RW         5530    .data               app_alarm.o
    0x200000ad   0x0800741d   0x00000003   PAD
    0x200000b0   0x08007420   0x00000010   Data   RW         5576    .data               app_display.o
    0x200000c0   0x08007430   0x00000001   Data   RW         5643    .data               app_network.o
    0x200000c1   0x08007431   0x00000003   PAD
    0x200000c4        -       0x00000030   Zero   RW          298    .bss                adc.o
    0x200000f4        -       0x00000048   Zero   RW          341    .bss                tim.o
    0x2000013c        -       0x00000048   Zero   RW          388    .bss                usart_1.o
    0x20000184        -       0x00000040   Zero   RW         3389    .bss                queue.o
    0x200001c4        -       0x000004c4   Zero   RW         3813    .bss                tasks.o
    0x20000688        -       0x00000118   Zero   RW         4144    .bss                timers.o
    0x200007a0        -       0x000006b8   Zero   RW         4365    .bss                cmsis_os2.o
    0x20000e58        -       0x00002328   Zero   RW         4806    .bss                heap_4.o
    0x20003180        -       0x00000600   Zero   RW         5094    .bss                esp8266.o
    0x20003780        -       0x00000400   Zero   RW         5205    .bss                oled.o
    0x20003b80        -       0x00000400   Zero   RW         5641    .bss                app_network.o
    0x20003f80        -       0x00000060   Zero   RW         6068    .bss                c_w.l(libspace.o)
    0x20003fe0        -       0x00000200   Zero   RW            2    HEAP                startup_stm32f103xb.o
    0x200041e0        -       0x00000400   Zero   RW            1    STACK               startup_stm32f103xb.o


==============================================================================

Image component sizes


      Code (inc. data)   RO Data    RW Data    ZI Data      Debug   Object Name

       168         22          0          0         48       1653   adc.o
       196         20          0          1          0       2711   app_alarm.o
      1324        308          0         16          0       5653   app_display.o
       148         10          0          0          0        741   app_input.o
        48         10          0          0          0       1251   app_led_pwm.o
       940        434        284          1       1024       2613   app_network.o
       172         14          0          0          0        614   app_sensor.o
       122          6          0          0          0       1147   bh1750.o
       298         22          0          4       1720      57513   cmsis_os2.o
       440         32          0          0          0       4213   dht11.o
       114         28          0          4          0       1901   dwt_delay.o
       604        120          0          4       1536       5452   esp8266.o
         0          0          0          0          0      19648   event_groups.o
       260         90         48          4          0       1978   freertos.o
       188         12          0          0          0        991   gpio.o
       468         22          0         32       9000       4575   heap_4.o
       138          0          0          0          0       3254   list.o
       208          8          0         16          0     456635   main.o
      1384         50          0          0       1024      10971   oled.o
         0          0       2335          0          0       1118   oled_data.o
       662         70          0         12          0      10753   port.o
      1580         20          0          0         64      16442   queue.o
       768         46          0          0          0       4872   soft_i2c.o
       128         20          0          0          0       1428   soil_moisture.o
        64         26        236          0       1536        816   startup_stm32f103xb.o
       128         24          0         12          0       5321   stm32f1xx_hal.o
       944         42          0          0          0       4964   stm32f1xx_hal_adc.o
       198         14          0          0          0      28627   stm32f1xx_hal_cortex.o
       222          4          0          0          0       1703   stm32f1xx_hal_dma.o
       500         34          0          0          0       3167   stm32f1xx_hal_gpio.o
        72         10          0          0          0        886   stm32f1xx_hal_msp.o
      1240         84         18          0          0       4908   stm32f1xx_hal_rcc.o
       236         12          0          0          0       1344   stm32f1xx_hal_rcc_ex.o
      1338         44          0          0          0      11516   stm32f1xx_hal_tim.o
       104         12          0          0          0       1320   stm32f1xx_hal_tim_ex.o
      1554         10          0          0          0       9980   stm32f1xx_hal_uart_1.o
        48          6          0          0          0       3587   stm32f1xx_it.o
         0          0          0          0          0        392   stream_buffer.o
         2          0         24          4          0       1143   system_stm32f1xx.o
      2224        176          0         60       1220      25822   tasks.o
       260         20          0          0         72       2284   tim.o
       972         80          0         20        280      28979   timers.o
       184         20          0          0         72       1694   usart_1.o

    ----------------------------------------------------------------------
     20698       1982       2977        196      17596     756580   Object Totals
         0          0         32          0          0          0   (incl. Generated)
        50          0          0          6          0          0   (incl. Padding)

    ----------------------------------------------------------------------

      Code (inc. data)   RO Data    RW Data    ZI Data      Debug   Library Member Name

        56          6          0          0          0         88   __2snprintf.o
         8          0          0          0          0         68   __main.o
       392          4         17          0          0         92   __printf_flags_ss_wp.o
        14          0          0          0          0         68   __printf_wp.o
         0          0          0          0          0          0   __rtentry.o
        12          0          0          0          0          0   __rtentry2.o
         6          0          0          0          0          0   __rtentry4.o
        52          8          0          0          0          0   __scatter.o
        26          0          0          0          0          0   __scatter_copy.o
        28          0          0          0          0          0   __scatter_zi.o
        44          0          0          0          0        108   _printf_char.o
        48          6          0          0          0         96   _printf_char_common.o
         6          0          0          0          0          0   _printf_d.o
       120         16          0          0          0         92   _printf_dec.o
       178          0          0          0          0         88   _printf_intcommon.o
        78          0          0          0          0        108   _printf_pad.o
         0          0          0          0          0          0   _printf_percent.o
         4          0          0          0          0          0   _printf_percent_end.o
         6          0          0          0          0          0   _printf_s.o
        82          0          0          0          0         80   _printf_str.o
        16          0          0          0          0         68   _snputc.o
        10          0          0          0          0         68   _sputc.o
        16          0          0          0          0         68   aeabi_memset.o
        12          0          0          0          0         72   exit.o
         6          0          0          0          0        152   heapauxi.o
         0          0          0          0          0          0   indicate_semi.o
         2          0          0          0          0          0   libinit.o
         2          0          0          0          0          0   libinit2.o
         2          0          0          0          0          0   libshutdown.o
         2          0          0          0          0          0   libshutdown2.o
         8          4          0          0         96         68   libspace.o
        68          0          0          0          0         68   rt_memclr.o
        78          0          0          0          0         80   rt_memclr_w.o
       138          0          0          0          0         68   rt_memcpy_v6.o
       100          0          0          0          0         80   rt_memcpy_w.o
         2          0          0          0          0          0   rtexit.o
        10          0          0          0          0          0   rtexit2.o
       128          0          0          0          0         68   strcmpv7m.o
        62          0          0          0          0         76   strlen.o
        86          0          0          0          0         76   strncpy.o
        36          0          0          0          0         80   strstr.o
        12          4          0          0          0         68   sys_exit.o
        74          0          0          0          0         80   sys_stackheap_outer.o
         2          0          0          0          0         68   use_no_semi.o
       826         16          0          0          0        348   daddsub_clz.o
        24          0          0          0          0         68   dcmpi.o
        90          4          0          0          0         92   dfixu.o
        38          0          0          0          0         68   dflt_clz.o
       120          4          0          0          0         92   dleqf.o
       340         12          0          0          0        104   dmul.o
       156          4          0          0          0         92   dnaninf.o
        12          0          0          0          0         68   dretinf.o
       108          0          0          0          0         80   drleqf.o
       180          4          0          0          0         80   drnd.o
        86          4          0          0          0         84   f2d.o
       450          8          0          0          0        236   faddsub_clz.o
        24          0          0          0          0         68   fcmpi.o
       388         76          0          0          0         96   fdiv.o
        54          4          0          0          0         84   ffix.o
        62          4          0          0          0         84   ffixu.o
        86          0          0          0          0        136   fflt_clz.o
       104          4          0          0          0         84   fleqf.o
       258          4          0          0          0         84   fmul.o
       140          4          0          0          0         84   fnaninf.o
        10          0          0          0          0         68   fretinf.o
        98          0          0          0          0         68   frleqf.o
         0          0          0          0          0          0   usenofp.o
       148         12          0          0          0         88   round.o

    ----------------------------------------------------------------------
      5858        212         19          0         96       4552   Library Totals
        24          0          2          0          0          0   (incl. Padding)

    ----------------------------------------------------------------------

      Code (inc. data)   RO Data    RW Data    ZI Data      Debug   Library Name

      2032         48         17          0         96       2196   c_w.l
      3654        152          0          0          0       2268   fz_ws.l
       148         12          0          0          0         88   m_ws.l

    ----------------------------------------------------------------------
      5858        212         19          0         96       4552   Library Totals

    ----------------------------------------------------------------------

==============================================================================


      Code (inc. data)   RO Data    RW Data    ZI Data      Debug   

     26556       2194       2996        196      17692     747920   Grand Totals
     26556       2194       2996        196      17692     747920   ELF Image Totals
     26556       2194       2996        196          0          0   ROM Totals

==============================================================================

    Total RO  Size (Code + RO Data)                29552 (  28.86kB)
    Total RW  Size (RW Data + ZI Data)             17888 (  17.47kB)
    Total ROM Size (Code + RO Data + RW Data)      29748 (  29.05kB)

==============================================================================

