<html>
<body>
<pre>
<h1>礦ision Build Log</h1>
<h2>Tool Versions:</h2>
IDE-Version: μVision V5.29.0.0
Copyright (C) 2019 ARM Ltd and ARM Germany GmbH. All rights reserved.
License Information: 幸运星 幸运星, xyx, LIC=FYKYW-QA935-RASDM-XDAEG-1EVB1-8DHP6
 
Tool Versions:
Toolchain:       MDK-ARM Plus  Version: 5.14.0.0
Toolchain Path:  D:\Keil_v5\ARM\ARMCC\Bin
C Compiler:      Armcc.exe V5.05 update 1 (build 106)
Assembler:       Armasm.exe V5.05 update 1 (build 106)
Linker/Locator:  ArmLink.exe V5.05 update 1 (build 106)
Library Manager: ArmAr.exe V5.05 update 1 (build 106)
Hex Converter:   FromElf.exe V5.05 update 1 (build 106)
CPU DLL:         SARMCM3.DLL V5.14.0.0
Dialog DLL:      DCM.DLL V1.13.1.0
Target DLL:      STLink\ST-LINKIII-KEIL_SWO.dll V2.0.14.0_KEIL
Dialog DLL:      TCM.DLL V1.14.4.0
 
<h2>Project:</h2>
f:\stm32\HAL库\projectDht11 - 8266 - connectslove - 副本\MDK-ARM\projectDht11.uvprojx
Project File Date:  06/05/2026

<h2>Output:</h2>
*** Using Compiler 'V5.05 update 1 (build 106)', folder: 'D:\Keil_v5\ARM\ARMCC\Bin'
Rebuild target 'projectDht11'
assembling startup_stm32f103xb.s...
compiling stm32f1xx_hal.c...
compiling stm32f1xx_hal_gpio_ex.c...
compiling usart.c...
compiling stm32f1xx_it.c...
compiling stm32f1xx_hal_adc_ex.c...
compiling gpio.c...
compiling stm32f1xx_hal_rcc_ex.c...
compiling main.c...
compiling stm32f1xx_hal_msp.c...
compiling adc.c...
compiling tim.c...
compiling freertos.c...
compiling stm32f1xx_hal_rcc.c...
compiling stm32f1xx_hal_adc.c...
compiling croutine.c...
compiling list.c...
compiling event_groups.c...
compiling queue.c...
compiling stream_buffer.c...
compiling tasks.c...
compiling timers.c...
compiling heap_4.c...
compiling stm32f1xx_hal_pwr.c...
compiling stm32f1xx_hal_gpio.c...
compiling stm32f1xx_hal_cortex.c...
compiling port.c...
compiling stm32f1xx_hal_dma.c...
compiling stm32f1xx_hal_flash_ex.c...
compiling stm32f1xx_hal_flash.c...
compiling stm32f1xx_hal_exti.c...
compiling OLED_Data.c...
..\DEVICE\OLED_Data.c(390): warning:  #1-D: last line of file ends without a newline
  /*****************jiangxiekeji.com*****************/
..\DEVICE\OLED_Data.c: 1 warning, 0 errors
compiling system_stm32f1xx.c...
compiling stm32f1xx_hal_tim_ex.c...
compiling stm32f1xx_hal_uart.c...
compiling stm32f1xx_hal_tim.c...
compiling bh1750.c...
compiling cmsis_os2.c...
compiling dwt_delay.c...
compiling soil_moisture.c...
compiling dht11.c...
compiling oled.c...
compiling Soft_i2c.c...
compiling esp8266.c...
compiling app_display.c...
compiling app_input.c...
compiling app_sensor.c...
compiling app_alarm.c...
compiling app_network.c...
compiling app_led_pwm.c...
linking...
Program Size: Code=26556 RO-data=2996 RW-data=196 ZI-data=17692  
FromELF: creating hex file...
"projectDht11\projectDht11.axf" - 0 Error(s), 1 Warning(s).

<h2>Software Packages used:</h2>

Package Vendor: ARM
                http://www.keil.com/pack/ARM.CMSIS.4.2.0.pack
                ARM.CMSIS.4.2.0
                CMSIS (Cortex Microcontroller Software Interface Standard)
   * Component: CORE Version: 3.40.0

Package Vendor: Keil
                http://www.keil.com/pack/Keil.STM32F1xx_DFP.2.2.0.pack
                Keil.STM32F1xx_DFP.2.2.0
                STMicroelectronics STM32F1 Series Device Support, Drivers and Examples

<h2>Collection of Component include folders:</h2>
  .\RTE\_projectDht11
  D:\Keil_v5\ARM\PACK\ARM\CMSIS\4.2.0\CMSIS\Include
  D:\Keil_v5\ARM\PACK\Keil\STM32F1xx_DFP\2.2.0\Device\Include

<h2>Collection of Component Files used:</h2>

   * Component: ARM::CMSIS:CORE:3.40.0
      Source file:   CMSIS\UserCodeTemplates\ARM\ITM_Retarget.c
Build Time Elapsed:  00:00:08
</pre>
</body>
</html>
